sx1276.c:311:6:SX1276Init	24	static
sx1276.c:358:14:SX1276GetStatus	4	static
sx1276.c:363:6:SX1276SetChannel	24	static
sx1276.c:374:6:SX1276IsChannelFree	32	static
sx1276.c:410:10:SX1276Random	16	static
sx1276.c:451:13:RxChainCalibration	24	static
sx1276.c:486:6:SX1276SetRxConfig	32	static
sx1276.c:702:6:SX1276SetTxConfig	32	static
sx1276.c:835:10:SX1276GetTimeOnAir	48	static
sx1276.c:863:6:SX1276Send	24	static
sx1276.c:937:6:SX1276SetSleep	8	static
sx1276.c:951:6:SX1276SetStby	8	static
sx1276.c:961:6:SX1276SetRx	24	static
sx1276.c:1128:13:SX1276SetTx	16	static
sx1276.c:1192:6:SX1276StartCad	8	static
sx1276.c:1225:6:SX1276SetTxContinuousWave	64	static
sx1276.c:1245:9:SX1276ReadRssi	24	static
sx1276.c:1271:13:SX1276SetOpMode	16	static
sx1276.c:1305:6:SX1276SetModem	16	static
sx1276.c:1342:6:SX1276Write	16	static
sx1276.c:1347:9:SX1276Read	24	static
sx1276.c:1354:6:SX1276WriteBuffer	32	static
sx1276.c:1371:6:SX1276ReadBuffer	32	static
sx1276.c:1389:13:SX1276WriteFifo	16	static
sx1276.c:1394:13:SX1276ReadFifo	16	static
sx1276.c:1399:6:SX1276SetMaxPayloadLength	16	static
sx1276.c:1417:6:SX1276SetPublicNetwork	16	static
sx1276.c:1433:10:SX1276GetWakeupTime	8	static
sx1276.c:1438:17:SX1276ConvertPllStepToFreqInHz	24	static
sx1276.c:1453:17:SX1276ConvertFreqInHzToPllStep	24	static
sx1276.c:1469:16:GetFskBandwidthRegValue	24	static
sx1276.c:1484:17:SX1276GetLoRaBandwidthInHz	24	static
sx1276.c:1504:17:SX1276GetGfskTimeOnAirNumerator	24	static
sx1276.c:1519:17:SX1276GetLoRaTimeOnAirNumerator	48	static
sx1276.c:1584:13:SX1276OnTimeoutIrq	24	static
sx1276.c:1660:13:SX1276OnDio0Irq	32	static
sx1276.c:1847:13:SX1276OnDio1Irq	16	static
sx1276.c:1966:13:SX1276OnDio2Irq	24	static
sx1276.c:2035:13:SX1276OnDio3Irq	16	static
sx1276.c:2066:13:SX1276OnDio4Irq	16	static
