Archive member included to satisfy reference by file (symbol)

c:/st/stm32cubeide_1.6.1/stm32cubeide/plugins/com.st.stm32cube.ide.mcu.externaltools.gnu-tools-for-stm32.9-2020-q2-update.win32_1.5.0.202011040924/tools/bin/../lib/gcc/arm-none-eabi/9.3.1/../../../../arm-none-eabi/lib/thumb/v7-m/nofp\libc_nano.a(lib_a-errno.o)
                              Core/Src/syscalls.o (__errno)
c:/st/stm32cubeide_1.6.1/stm32cubeide/plugins/com.st.stm32cube.ide.mcu.externaltools.gnu-tools-for-stm32.9-2020-q2-update.win32_1.5.0.202011040924/tools/bin/../lib/gcc/arm-none-eabi/9.3.1/../../../../arm-none-eabi/lib/thumb/v7-m/nofp\libc_nano.a(lib_a-exit.o)
                              c:/st/stm32cubeide_1.6.1/stm32cubeide/plugins/com.st.stm32cube.ide.mcu.externaltools.gnu-tools-for-stm32.9-2020-q2-update.win32_1.5.0.202011040924/tools/bin/../lib/gcc/arm-none-eabi/9.3.1/../../../../arm-none-eabi/lib/thumb/v7-m/nofp/crt0.o (exit)
c:/st/stm32cubeide_1.6.1/stm32cubeide/plugins/com.st.stm32cube.ide.mcu.externaltools.gnu-tools-for-stm32.9-2020-q2-update.win32_1.5.0.202011040924/tools/bin/../lib/gcc/arm-none-eabi/9.3.1/../../../../arm-none-eabi/lib/thumb/v7-m/nofp\libc_nano.a(lib_a-impure.o)
                              c:/st/stm32cubeide_1.6.1/stm32cubeide/plugins/com.st.stm32cube.ide.mcu.externaltools.gnu-tools-for-stm32.9-2020-q2-update.win32_1.5.0.202011040924/tools/bin/../lib/gcc/arm-none-eabi/9.3.1/../../../../arm-none-eabi/lib/thumb/v7-m/nofp\libc_nano.a(lib_a-exit.o) (_global_impure_ptr)
c:/st/stm32cubeide_1.6.1/stm32cubeide/plugins/com.st.stm32cube.ide.mcu.externaltools.gnu-tools-for-stm32.9-2020-q2-update.win32_1.5.0.202011040924/tools/bin/../lib/gcc/arm-none-eabi/9.3.1/../../../../arm-none-eabi/lib/thumb/v7-m/nofp\libc_nano.a(lib_a-init.o)
                              c:/st/stm32cubeide_1.6.1/stm32cubeide/plugins/com.st.stm32cube.ide.mcu.externaltools.gnu-tools-for-stm32.9-2020-q2-update.win32_1.5.0.202011040924/tools/bin/../lib/gcc/arm-none-eabi/9.3.1/../../../../arm-none-eabi/lib/thumb/v7-m/nofp/crt0.o (__libc_init_array)
c:/st/stm32cubeide_1.6.1/stm32cubeide/plugins/com.st.stm32cube.ide.mcu.externaltools.gnu-tools-for-stm32.9-2020-q2-update.win32_1.5.0.202011040924/tools/bin/../lib/gcc/arm-none-eabi/9.3.1/../../../../arm-none-eabi/lib/thumb/v7-m/nofp\libc_nano.a(lib_a-memcpy-stub.o)
                              Middlewares/Third_Party/FreeRTOS/Source/queue.o (memcpy)
c:/st/stm32cubeide_1.6.1/stm32cubeide/plugins/com.st.stm32cube.ide.mcu.externaltools.gnu-tools-for-stm32.9-2020-q2-update.win32_1.5.0.202011040924/tools/bin/../lib/gcc/arm-none-eabi/9.3.1/../../../../arm-none-eabi/lib/thumb/v7-m/nofp\libc_nano.a(lib_a-memset.o)
                              c:/st/stm32cubeide_1.6.1/stm32cubeide/plugins/com.st.stm32cube.ide.mcu.externaltools.gnu-tools-for-stm32.9-2020-q2-update.win32_1.5.0.202011040924/tools/bin/../lib/gcc/arm-none-eabi/9.3.1/../../../../arm-none-eabi/lib/thumb/v7-m/nofp/crt0.o (memset)
c:/st/stm32cubeide_1.6.1/stm32cubeide/plugins/com.st.stm32cube.ide.mcu.externaltools.gnu-tools-for-stm32.9-2020-q2-update.win32_1.5.0.202011040924/tools/bin/../lib/gcc/arm-none-eabi/9.3.1/../../../../arm-none-eabi/lib/thumb/v7-m/nofp\libc_nano.a(lib_a-printf.o)
                              app/rf_test.o (printf)
c:/st/stm32cubeide_1.6.1/stm32cubeide/plugins/com.st.stm32cube.ide.mcu.externaltools.gnu-tools-for-stm32.9-2020-q2-update.win32_1.5.0.202011040924/tools/bin/../lib/gcc/arm-none-eabi/9.3.1/../../../../arm-none-eabi/lib/thumb/v7-m/nofp\libc_nano.a(lib_a-sprintf.o)
                              app/rf_test.o (sprintf)
c:/st/stm32cubeide_1.6.1/stm32cubeide/plugins/com.st.stm32cube.ide.mcu.externaltools.gnu-tools-for-stm32.9-2020-q2-update.win32_1.5.0.202011040924/tools/bin/../lib/gcc/arm-none-eabi/9.3.1/../../../../arm-none-eabi/lib/thumb/v7-m/nofp\libc_nano.a(lib_a-strlen.o)
                              app/rf_test.o (strlen)
c:/st/stm32cubeide_1.6.1/stm32cubeide/plugins/com.st.stm32cube.ide.mcu.externaltools.gnu-tools-for-stm32.9-2020-q2-update.win32_1.5.0.202011040924/tools/bin/../lib/gcc/arm-none-eabi/9.3.1/../../../../arm-none-eabi/lib/thumb/v7-m/nofp\libc_nano.a(lib_a-strncmp.o)
                              app/rf_test.o (strncmp)
c:/st/stm32cubeide_1.6.1/stm32cubeide/plugins/com.st.stm32cube.ide.mcu.externaltools.gnu-tools-for-stm32.9-2020-q2-update.win32_1.5.0.202011040924/tools/bin/../lib/gcc/arm-none-eabi/9.3.1/../../../../arm-none-eabi/lib/thumb/v7-m/nofp\libc_nano.a(lib_a-findfp.o)
                              c:/st/stm32cubeide_1.6.1/stm32cubeide/plugins/com.st.stm32cube.ide.mcu.externaltools.gnu-tools-for-stm32.9-2020-q2-update.win32_1.5.0.202011040924/tools/bin/../lib/gcc/arm-none-eabi/9.3.1/../../../../arm-none-eabi/lib/thumb/v7-m/nofp\libc_nano.a(lib_a-printf.o) (__sinit)
[...]
Memory Configuration

Name             Origin             Length             Attributes
RAM              0x0000000020000000 0x0000000000014000 xrw
FLASH            0x0000000008000000 0x0000000000080000 xr
*default*        0x0000000000000000 0xffffffffffffffff

Linker script and memory map

LOAD c:/st/stm32cubeide_1.6.1/stm32cubeide/plugins/com.st.stm32cube.ide.mcu.externaltools.gnu-tools-for-stm32.9-2020-q2-update.win32_1.5.0.202011040924/tools/bin/../lib/gcc/arm-none-eabi/9.3.1/thumb/v7-m/nofp/crti.o
LOAD c:/st/stm32cubeide_1.6.1/stm32cubeide/plugins/com.st.stm32cube.ide.mcu.externaltools.gnu-tools-for-stm32.9-2020-q2-update.win32_1.5.0.202011040924/tools/bin/../lib/gcc/arm-none-eabi/9.3.1/thumb/v7-m/nofp/crtbegin.o
LOAD c:/st/stm32cubeide_1.6.1/stm32cubeide/plugins/com.st.stm32cube.ide.mcu.externaltools.gnu-tools-for-stm32.9-2020-q2-update.win32_1.5.0.202011040924/tools/bin/../lib/gcc/arm-none-eabi/9.3.1/../../../../arm-none-eabi/lib/thumb/v7-m/nofp/crt0.o
LOAD Core/Src/freertos.o
LOAD Core/Src/gpio.o
LOAD Core/Src/main.o
LOAD Core/Src/rtc.o
LOAD Core/Src/spi.o
LOAD Core/Src/stm32l1xx_hal_msp.o
LOAD Core/Src/stm32l1xx_hal_timebase_tim.o
LOAD Core/Src/stm32l1xx_it.o
LOAD Core/Src/syscalls.o
LOAD Core/Src/sysmem.o
LOAD Core/Src/system_stm32l1xx.o
LOAD Core/Src/usart.o
LOAD Core/Startup/startup_stm32l152retx.o
LOAD Drivers/STM32L1xx_HAL_Driver/Src/stm32l1xx_hal.o
LOAD Drivers/STM32L1xx_HAL_Driver/Src/stm32l1xx_hal_cortex.o
LOAD Drivers/STM32L1xx_HAL_Driver/Src/stm32l1xx_hal_dma.o
LOAD Drivers/STM32L1xx_HAL_Driver/Src/stm32l1xx_hal_exti.o
LOAD Drivers/STM32L1xx_HAL_Driver/Src/stm32l1xx_hal_flash.o
LOAD Drivers/STM32L1xx_HAL_Driver/Src/stm32l1xx_hal_flash_ex.o
LOAD Drivers/STM32L1xx_HAL_Driver/Src/stm32l1xx_hal_flash_ramfunc.o
LOAD Drivers/STM32L1xx_HAL_Driver/Src/stm32l1xx_hal_gpio.o
LOAD Drivers/STM32L1xx_HAL_Driver/Src/stm32l1xx_hal_pwr.o
LOAD Drivers/STM32L1xx_HAL_Driver/Src/stm32l1xx_hal_pwr_ex.o
LOAD Drivers/STM32L1xx_HAL_Driver/Src/stm32l1xx_hal_rcc.o
LOAD Drivers/STM32L1xx_HAL_Driver/Src/stm32l1xx_hal_rcc_ex.o
LOAD Drivers/STM32L1xx_HAL_Driver/Src/stm32l1xx_hal_rtc.o
LOAD Drivers/STM32L1xx_HAL_Driver/Src/stm32l1xx_hal_rtc_ex.o
LOAD Drivers/STM32L1xx_HAL_Driver/Src/stm32l1xx_hal_spi.o
LOAD Drivers/STM32L1xx_HAL_Driver/Src/stm32l1xx_hal_tim.o
LOAD Drivers/STM32L1xx_HAL_Driver/Src/stm32l1xx_hal_tim_ex.o
LOAD Drivers/STM32L1xx_HAL_Driver/Src/stm32l1xx_hal_uart.o
LOAD Middlewares/Third_Party/FreeRTOS/Source/CMSIS_RTOS/cmsis_os.o
LOAD Middlewares/Third_Party/FreeRTOS/Source/croutine.o
LOAD Middlewares/Third_Party/FreeRTOS/Source/event_groups.o
LOAD Middlewares/Third_Party/FreeRTOS/Source/list.o
LOAD Middlewares/Third_Party/FreeRTOS/Source/queue.o
LOAD Middlewares/Third_Party/FreeRTOS/Source/stream_buffer.o
LOAD Middlewares/Third_Party/FreeRTOS/Source/tasks.o
LOAD Middlewares/Third_Party/FreeRTOS/Source/timers.o
LOAD Middlewares/Third_Party/FreeRTOS/Source/portable/GCC/ARM_CM3/port.o
LOAD Middlewares/Third_Party/FreeRTOS/Source/portable/MemMang/heap_4.o
LOAD app/LoRaMac-node/src/radio/sx1276/sx1276.o
LOAD app/board.o
LOAD app/continuous_wave.o
LOAD app/delay.o
LOAD app/lpm-board.o
LOAD app/rf_test.o
LOAD app/rtc-board.o
LOAD app/sx1276mb1las-board.o
LOAD app/systime.o
LOAD app/timer.o
LOAD app/utilities.o
START GROUP
LOAD c:/st/stm32cubeide_1.6.1/stm32cubeide/plugins/com.st.stm32cube.ide.mcu.externaltools.gnu-tools-for-stm32.9-2020-q2-update.win32_1.5.0.202011040924/tools/bin/../lib/gcc/arm-none-eabi/9.3.1/../../../../arm-none-eabi/lib/thumb/v7-m/nofp\libc_nano.a
LOAD c:/st/stm32cubeide_1.6.1/stm32cubeide/plugins/com.st.stm32cube.ide.mcu.externaltools.gnu-tools-for-stm32.9-2020-q2-update.win32_1.5.0.202011040924/tools/bin/../lib/gcc/arm-none-eabi/9.3.1/../../../../arm-none-eabi/lib/thumb/v7-m/nofp\libm.a
END GROUP
START GROUP
LOAD c:/st/stm32cubeide_1.6.1/stm32cubeide/plugins/com.st.stm32cube.ide.mcu.externaltools.gnu-tools-for-stm32.9-2020-q2-update.win32_1.5.0.202011040924/tools/bin/../lib/gcc/arm-none-eabi/9.3.1/thumb/v7-m/nofp\libgcc.a
LOAD c:/st/stm32cubeide_1.6.1/stm32cubeide/plugins/com.st.stm32cube.ide.mcu.externaltools.gnu-tools-for-stm32.9-2020-q2-update.win32_1.5.0.202011040924/tools/bin/../lib/gcc/arm-none-eabi/9.3.1/../../../../arm-none-eabi/lib/thumb/v7-m/nofp\libc_nano.a
END GROUP
START GROUP
LOAD c:/st/stm32cubeide_1.6.1/stm32cubeide/plugins/com.st.stm32cube.ide.mcu.externaltools.gnu-tools-for-stm32.9-2020-q2-update.win32_1.5.0.202011040924/tools/bin/../lib/gcc/arm-none-eabi/9.3.1/thumb/v7-m/nofp\libgcc.a
LOAD c:/st/stm32cubeide_1.6.1/stm32cubeide/plugins/com.st.stm32cube.ide.mcu.externaltools.gnu-tools-for-stm32.9-2020-q2-update.win32_1.5.0.202011040924/tools/bin/../lib/gcc/arm-none-eabi/9.3.1/../../../../arm-none-eabi/lib/thumb/v7-m/nofp\libc_nano.a
LOAD c:/st/stm32cubeide_1.6.1/stm32cubeide/plugins/com.st.stm32cube.ide.mcu.externaltools.gnu-tools-for-stm32.9-2020-q2-update.win32_1.5.0.202011040924/tools/bin/../lib/gcc/arm-none-eabi/9.3.1/../../../../arm-none-eabi/lib/thumb/v7-m/nofp\libnosys.a
END GROUP
START GROUP
LOAD c:/st/stm32cubeide_1.6.1/stm32cubeide/plugins/com.st.stm32cube.ide.mcu.externaltools.gnu-tools-for-stm32.9-2020-q2-update.win32_1.5.0.202011040924/tools/bin/../lib/gcc/arm-none-eabi/9.3.1/thumb/v7-m/nofp\libgcc.a
LOAD c:/st/stm32cubeide_1.6.1/stm32cubeide/plugins/com.st.stm32cube.ide.mcu.externaltools.gnu-tools-for-stm32.9-2020-q2-update.win32_1.5.0.202011040924/tools/bin/../lib/gcc/arm-none-eabi/9.3.1/../../../../arm-none-eabi/lib/thumb/v7-m/nofp\libc_nano.a
LOAD c:/st/stm32cubeide_1.6.1/stm32cubeide/plugins/com.st.stm32cube.ide.mcu.externaltools.gnu-tools-for-stm32.9-2020-q2-update.win32_1.5.0.202011040924/tools/bin/../lib/gcc/arm-none-eabi/9.3.1/../../../../arm-none-eabi/lib/thumb/v7-m/nofp\libnosys.a
END GROUP
LOAD c:/st/stm32cubeide_1.6.1/stm32cubeide/plugins/com.st.stm32cube.ide.mcu.externaltools.gnu-tools-for-stm32.9-2020-q2-update.win32_1.5.0.202011040924/tools/bin/../lib/gcc/arm-none-eabi/9.3.1/thumb/v7-m/nofp/crtend.o
LOAD c:/st/stm32cubeide_1.6.1/stm32cubeide/plugins/com.st.stm32cube.ide.mcu.externaltools.gnu-tools-for-stm32.9-2020-q2-update.win32_1.5.0.202011040924/tools/bin/../lib/gcc/arm-none-eabi/9.3.1/thumb/v7-m/nofp/crtn.o
                0x0000000020014000                _estack = (ORIGIN (RAM) + LENGTH (RAM))
                0x0000000000000200                _Min_Heap_Size = 0x200
                0x0000000000000400                _Min_Stack_Size = 0x400

.isr_vector     0x0000000008000000      0x13c
                0x0000000008000000                . = ALIGN (0x4)
 *(.isr_vector)
 .isr_vector    0x0000000008000000      0x13c Core/Startup/startup_stm32l152retx.o
                0x0000000008000000                g_pfnVectors
                0x000000000800013c                . = ALIGN (0x4)

.text           0x0000000008000140     0x9e00
                0x0000000008000140                . = ALIGN (0x4)
 *(.text)
 .text          0x0000000008000140       0x40 c:/st/stm32cubeide_1.6.1/stm32cubeide/plugins/com.st.stm32cube.ide.mcu.externaltools.gnu-tools-for-stm32.9-2020-q2-update.win32_1.5.0.202011040924/tools/bin/../lib/gcc/arm-none-eabi/9.3.1/thumb/v7-m/nofp/crtbegin.o
 .text          0x0000000008000180       0x10 c:/st/stm32cubeide_1.6.1/stm32cubeide/plugins/com.st.stm32cube.ide.mcu.externaltools.gnu-tools-for-stm32.9-2020-q2-update.win32_1.5.0.202011040924/tools/bin/../lib/gcc/arm-none-eabi/9.3.1/../../../../arm-none-eabi/lib/thumb/v7-m/nofp\libc_nano.a(lib_a-strlen.o)
                0x0000000008000180                strlen
 .text          0x0000000008000190       0x30 c:/st/stm32cubeide_1.6.1/stm32cubeide/plugins/com.st.stm32cube.ide.mcu.externaltools.gnu-tools-for-stm32.9-2020-q2-update.win32_1.5.0.202011040924/tools/bin/../lib/gcc/arm-none-eabi/9.3.1/thumb/v7-m/nofp\libgcc.a(_aeabi_uldivmod.o)
                0x0000000008000190                __aeabi_uldivmod
 .text          0x00000000080001c0      0x2c4 c:/st/stm32cubeide_1.6.1/stm32cubeide/plugins/com.st.stm32cube.ide.mcu.externaltools.gnu-tools-for-stm32.9-2020-q2-update.win32_1.5.0.202011040924/tools/bin/../lib/gcc/arm-none-eabi/9.3.1/thumb/v7-m/nofp\libgcc.a(_udivmoddi4.o)
                0x00000000080001c0                __udivmoddi4
 .text          0x0000000008000484        0x4 c:/st/stm32cubeide_1.6.1/stm32cubeide/plugins/com.st.stm32cube.ide.mcu.externaltools.gnu-tools-for-stm32.9-2020-q2-update.win32_1.5.0.202011040924/tools/bin/../lib/gcc/arm-none-eabi/9.3.1/thumb/v7-m/nofp\libgcc.a(_dvmd_tls.o)
                0x0000000008000484                __aeabi_idiv0
                0x0000000008000484                __aeabi_ldiv0
 *(.text*)
 .text.vApplicationGetIdleTaskMemory
                0x0000000008000488       0x30 Core/Src/freertos.o
                0x0000000008000488                vApplicationGetIdleTaskMemory
 .text.MX_FREERTOS_Init
                0x00000000080004b8       0xb4 Core/Src/freertos.o
                0x00000000080004b8                MX_FREERTOS_Init
 .text.StartDefaultTask
                0x000000000800056c       0x10 Core/Src/freertos.o
                0x000000000800056c                StartDefaultTask
 .text.StartRadioChData
                0x000000000800057c       0x24 Core/Src/freertos.o
                0x000000000800057c                StartRadioChData
 .text.StartUartData
                0x00000000080005a0       0x14 Core/Src/freertos.o
                0x00000000080005a0                StartUartData
 .text.MX_GPIO_Init
                0x00000000080005b4      0x130 Core/Src/gpio.o
                0x00000000080005b4                MX_GPIO_Init
 .text.GpioWrite
                0x00000000080006e4       0x24 Core/Src/gpio.o
                0x00000000080006e4                GpioWrite
 .text.GpioRead
                0x0000000008000708       0x22 Core/Src/gpio.o
                0x0000000008000708                GpioRead
 *fill*         0x000000000800072a        0x2 
 .text.main     0x000000000800072c       0x54 Core/Src/main.o
                0x000000000800072c                main
 .text.SystemClock_Config
                0x0000000008000780       0xc8 Core/Src/main.o
                0x0000000008000780                SystemClock_Config
 .text.HAL_TIM_PeriodElapsedCallback
                0x0000000008000848       0x1e Core/Src/main.o
                0x0000000008000848                HAL_TIM_PeriodElapsedCallback
 .text.Error_Handler
                0x0000000008000866        0xc Core/Src/main.o
                0x0000000008000866                Error_Handler
 *fill*         0x0000000008000872        0x2 
 .text.MX_RTC_Init
                0x0000000008000874      0x118 Core/Src/rtc.o
                0x0000000008000874                MX_RTC_Init
 .text.HAL_RTC_MspInit
                0x000000000800098c       0x38 Core/Src/rtc.o
                0x000000000800098c                HAL_RTC_MspInit
 .text.MX_SPI1_Init
                0x00000000080009c4       0x6c Core/Src/spi.o
                0x00000000080009c4                MX_SPI1_Init
 .text.HAL_SPI_MspInit
                0x0000000008000a30       0x88 Core/Src/spi.o
                0x0000000008000a30                HAL_SPI_MspInit
 .text.SpiInOut
                0x0000000008000ab8       0x7c Core/Src/spi.o
                0x0000000008000ab8                SpiInOut
 .text.HAL_MspInit
                0x0000000008000b34       0x68 Core/Src/stm32l1xx_hal_msp.o
                0x0000000008000b34                HAL_MspInit
 .text.HAL_InitTick
                0x0000000008000b9c       0xac Core/Src/stm32l1xx_hal_timebase_tim.o
                0x0000000008000b9c                HAL_InitTick
 .text.NMI_Handler
                0x0000000008000c48        0x6 Core/Src/stm32l1xx_it.o
                0x0000000008000c48                NMI_Handler
 .text.HardFault_Handler
                0x0000000008000c4e        0x6 Core/Src/stm32l1xx_it.o
                0x0000000008000c4e                HardFault_Handler
 .text.MemManage_Handler
                0x0000000008000c54        0x6 Core/Src/stm32l1xx_it.o
                0x0000000008000c54                MemManage_Handler
 .text.BusFault_Handler
                0x0000000008000c5a        0x6 Core/Src/stm32l1xx_it.o
                0x0000000008000c5a                BusFault_Handler
 .text.UsageFault_Handler
                0x0000000008000c60        0x6 Core/Src/stm32l1xx_it.o
                0x0000000008000c60                UsageFault_Handler
 .text.DebugMon_Handler
                0x0000000008000c66        0xc Core/Src/stm32l1xx_it.o
                0x0000000008000c66                DebugMon_Handler
 .text.EXTI9_5_IRQHandler
                0x0000000008000c72       0x24 Core/Src/stm32l1xx_it.o
                0x0000000008000c72                EXTI9_5_IRQHandler
 *fill*         0x0000000008000c96        0x2 
 .text.TIM2_IRQHandler
                0x0000000008000c98       0x14 Core/Src/stm32l1xx_it.o
                0x0000000008000c98                TIM2_IRQHandler
 .text.USART2_IRQHandler
                0x0000000008000cac       0x14 Core/Src/stm32l1xx_it.o
                0x0000000008000cac                USART2_IRQHandler
 .text.EXTI15_10_IRQHandler
                0x0000000008000cc0       0x20 Core/Src/stm32l1xx_it.o
                0x0000000008000cc0                EXTI15_10_IRQHandler
 .text.RTC_Alarm_IRQHandler
                0x0000000008000ce0       0x14 Core/Src/stm32l1xx_it.o
                0x0000000008000ce0                RTC_Alarm_IRQHandler
 .text._read    0x0000000008000cf4       0x3a Core/Src/syscalls.o
                0x0000000008000cf4                _read
 .text._write   0x0000000008000d2e       0x38 Core/Src/syscalls.o
                0x0000000008000d2e                _write
 .text._close   0x0000000008000d66       0x16 Core/Src/syscalls.o
                0x0000000008000d66                _close
 .text._fstat   0x0000000008000d7c       0x1e Core/Src/syscalls.o
                0x0000000008000d7c                _fstat
 .text._isatty  0x0000000008000d9a       0x14 Core/Src/syscalls.o
                0x0000000008000d9a                _isatty
 .text._lseek   0x0000000008000dae       0x18 Core/Src/syscalls.o
                0x0000000008000dae                _lseek
 *fill*         0x0000000008000dc6        0x2 
 .text._sbrk    0x0000000008000dc8       0x6c Core/Src/sysmem.o
                0x0000000008000dc8                _sbrk
 .text.SystemInit
                0x0000000008000e34       0x18 Core/Src/system_stm32l1xx.o
                0x0000000008000e34                SystemInit
 .text.MX_USART2_UART_Init
                0x0000000008000e4c       0x54 Core/Src/usart.o
                0x0000000008000e4c                MX_USART2_UART_Init
 .text.HAL_UART_MspInit
                0x0000000008000ea0       0x98 Core/Src/usart.o
                0x0000000008000ea0                HAL_UART_MspInit
 .text.Reset_Handler
                0x0000000008000f38       0x48 Core/Startup/startup_stm32l152retx.o
                0x0000000008000f38                Reset_Handler
 .text.Default_Handler
                0x0000000008000f80        0x2 Core/Startup/startup_stm32l152retx.o
                0x0000000008000f80                EXTI2_IRQHandler
                0x0000000008000f80                COMP_ACQ_IRQHandler
                0x0000000008000f80                TIM10_IRQHandler
                0x0000000008000f80                USB_HP_IRQHandler
                0x0000000008000f80                TIM6_IRQHandler
                0x0000000008000f80                PVD_IRQHandler
                0x0000000008000f80                EXTI3_IRQHandler
                0x0000000008000f80                EXTI0_IRQHandler
                0x0000000008000f80                I2C2_EV_IRQHandler
                0x0000000008000f80                SPI1_IRQHandler
                0x0000000008000f80                USB_FS_WKUP_IRQHandler
                0x0000000008000f80                DMA2_Channel2_IRQHandler
                0x0000000008000f80                DMA1_Channel4_IRQHandler
                0x0000000008000f80                ADC1_IRQHandler
                0x0000000008000f80                USART3_IRQHandler
                0x0000000008000f80                DMA1_Channel7_IRQHandler
                0x0000000008000f80                LCD_IRQHandler
                0x0000000008000f80                UART5_IRQHandler
                0x0000000008000f80                TIM4_IRQHandler
                0x0000000008000f80                DMA2_Channel1_IRQHandler
                0x0000000008000f80                I2C1_EV_IRQHandler
                0x0000000008000f80                DMA1_Channel6_IRQHandler
                0x0000000008000f80                UART4_IRQHandler
                0x0000000008000f80                DMA2_Channel4_IRQHandler
                0x0000000008000f80                TIM3_IRQHandler
                0x0000000008000f80                RCC_IRQHandler
                0x0000000008000f80                DMA1_Channel1_IRQHandler
                0x0000000008000f80                Default_Handler
                0x0000000008000f80                TIM7_IRQHandler
                0x0000000008000f80                TIM5_IRQHandler
                0x0000000008000f80                TIM9_IRQHandler
                0x0000000008000f80                TAMPER_STAMP_IRQHandler
                0x0000000008000f80                RTC_WKUP_IRQHandler
                0x0000000008000f80                SPI2_IRQHandler
                0x0000000008000f80                DMA2_Channel5_IRQHandler
                0x0000000008000f80                DMA1_Channel5_IRQHandler
                0x0000000008000f80                USB_LP_IRQHandler
                0x0000000008000f80                EXTI4_IRQHandler
                0x0000000008000f80                DMA1_Channel3_IRQHandler
                0x0000000008000f80                COMP_IRQHandler
                0x0000000008000f80                WWDG_IRQHandler
                0x0000000008000f80                DAC_IRQHandler
                0x0000000008000f80                EXTI1_IRQHandler
                0x0000000008000f80                TIM11_IRQHandler
                0x0000000008000f80                I2C2_ER_IRQHandler
                0x0000000008000f80                DMA1_Channel2_IRQHandler
                0x0000000008000f80                FLASH_IRQHandler
                0x0000000008000f80                USART1_IRQHandler
                0x0000000008000f80                SPI3_IRQHandler
                0x0000000008000f80                I2C1_ER_IRQHandler
                0x0000000008000f80                DMA2_Channel3_IRQHandler
 .text.HAL_Init
                0x0000000008000f82       0x30 Drivers/STM32L1xx_HAL_Driver/Src/stm32l1xx_hal.o
                0x0000000008000f82                HAL_Init
 *fill*         0x0000000008000fb2        0x2 
 .text.HAL_IncTick
                0x0000000008000fb4       0x24 Drivers/STM32L1xx_HAL_Driver/Src/stm32l1xx_hal.o
                0x0000000008000fb4                HAL_IncTick
 .text.HAL_GetTick
                0x0000000008000fd8       0x14 Drivers/STM32L1xx_HAL_Driver/Src/stm32l1xx_hal.o
                0x0000000008000fd8                HAL_GetTick
 .text.HAL_Delay
                0x0000000008000fec       0x44 Drivers/STM32L1xx_HAL_Driver/Src/stm32l1xx_hal.o
                0x0000000008000fec                HAL_Delay
 .text.HAL_DBGMCU_EnableDBGSleepMode
                0x0000000008001030       0x1c Drivers/STM32L1xx_HAL_Driver/Src/stm32l1xx_hal.o
                0x0000000008001030                HAL_DBGMCU_EnableDBGSleepMode
 .text.HAL_DBGMCU_EnableDBGStopMode
                0x000000000800104c       0x1c Drivers/STM32L1xx_HAL_Driver/Src/stm32l1xx_hal.o
                0x000000000800104c                HAL_DBGMCU_EnableDBGStopMode
 .text.HAL_DBGMCU_EnableDBGStandbyMode
                0x0000000008001068       0x1c Drivers/STM32L1xx_HAL_Driver/Src/stm32l1xx_hal.o
                0x0000000008001068                HAL_DBGMCU_EnableDBGStandbyMode
 .text.__NVIC_SetPriorityGrouping
                0x0000000008001084       0x48 Drivers/STM32L1xx_HAL_Driver/Src/stm32l1xx_hal_cortex.o
 .text.__NVIC_GetPriorityGrouping
                0x00000000080010cc       0x1c Drivers/STM32L1xx_HAL_Driver/Src/stm32l1xx_hal_cortex.o
 .text.__NVIC_EnableIRQ
                0x00000000080010e8       0x38 Drivers/STM32L1xx_HAL_Driver/Src/stm32l1xx_hal_cortex.o
 .text.__NVIC_SetPriority
                0x0000000008001120       0x54 Drivers/STM32L1xx_HAL_Driver/Src/stm32l1xx_hal_cortex.o
 .text.NVIC_EncodePriority
                0x0000000008001174       0x64 Drivers/STM32L1xx_HAL_Driver/Src/stm32l1xx_hal_cortex.o
 .text.HAL_NVIC_SetPriorityGrouping
                0x00000000080011d8       0x16 Drivers/STM32L1xx_HAL_Driver/Src/stm32l1xx_hal_cortex.o
                0x00000000080011d8                HAL_NVIC_SetPriorityGrouping
 .text.HAL_NVIC_SetPriority
                0x00000000080011ee       0x38 Drivers/STM32L1xx_HAL_Driver/Src/stm32l1xx_hal_cortex.o
                0x00000000080011ee                HAL_NVIC_SetPriority
 .text.HAL_NVIC_EnableIRQ
                0x0000000008001226       0x1c Drivers/STM32L1xx_HAL_Driver/Src/stm32l1xx_hal_cortex.o
                0x0000000008001226                HAL_NVIC_EnableIRQ
 .text.HAL_DMA_Abort_IT
                0x0000000008001242       0x82 Drivers/STM32L1xx_HAL_Driver/Src/stm32l1xx_hal_dma.o
                0x0000000008001242                HAL_DMA_Abort_IT
 .text.HAL_GPIO_Init
                0x00000000080012c4      0x320 Drivers/STM32L1xx_HAL_Driver/Src/stm32l1xx_hal_gpio.o
                0x00000000080012c4                HAL_GPIO_Init
 .text.HAL_GPIO_ReadPin
                0x00000000080015e4       0x2e Drivers/STM32L1xx_HAL_Driver/Src/stm32l1xx_hal_gpio.o
                0x00000000080015e4                HAL_GPIO_ReadPin
 .text.HAL_GPIO_WritePin
                0x0000000008001612       0x30 Drivers/STM32L1xx_HAL_Driver/Src/stm32l1xx_hal_gpio.o
                0x0000000008001612                HAL_GPIO_WritePin
 .text.HAL_GPIO_TogglePin
                0x0000000008001642       0x32 Drivers/STM32L1xx_HAL_Driver/Src/stm32l1xx_hal_gpio.o
                0x0000000008001642                HAL_GPIO_TogglePin
 .text.HAL_GPIO_EXTI_IRQHandler
                0x0000000008001674       0x30 Drivers/STM32L1xx_HAL_Driver/Src/stm32l1xx_hal_gpio.o
                0x0000000008001674                HAL_GPIO_EXTI_IRQHandler
 .text.HAL_RCC_OscConfig
                0x00000000080016a4      0x660 Drivers/STM32L1xx_HAL_Driver/Src/stm32l1xx_hal_rcc.o
                0x00000000080016a4                HAL_RCC_OscConfig
 .text.HAL_RCC_ClockConfig
                0x0000000008001d04      0x268 Drivers/STM32L1xx_HAL_Driver/Src/stm32l1xx_hal_rcc.o
                0x0000000008001d04                HAL_RCC_ClockConfig
 .text.HAL_RCC_GetSysClockFreq
                0x0000000008001f6c      0x19c Drivers/STM32L1xx_HAL_Driver/Src/stm32l1xx_hal_rcc.o
                0x0000000008001f6c                HAL_RCC_GetSysClockFreq
 .text.HAL_RCC_GetHCLKFreq
                0x0000000008002108       0x14 Drivers/STM32L1xx_HAL_Driver/Src/stm32l1xx_hal_rcc.o
                0x0000000008002108                HAL_RCC_GetHCLKFreq
 .text.HAL_RCC_GetPCLK1Freq
                0x000000000800211c       0x28 Drivers/STM32L1xx_HAL_Driver/Src/stm32l1xx_hal_rcc.o
                0x000000000800211c                HAL_RCC_GetPCLK1Freq
 .text.HAL_RCC_GetPCLK2Freq
                0x0000000008002144       0x28 Drivers/STM32L1xx_HAL_Driver/Src/stm32l1xx_hal_rcc.o
                0x0000000008002144                HAL_RCC_GetPCLK2Freq
 .text.HAL_RCC_GetClockConfig
                0x000000000800216c       0x60 Drivers/STM32L1xx_HAL_Driver/Src/stm32l1xx_hal_rcc.o
                0x000000000800216c                HAL_RCC_GetClockConfig
 .text.RCC_SetFlashLatencyFromMSIRange
                0x00000000080021cc       0xc0 Drivers/STM32L1xx_HAL_Driver/Src/stm32l1xx_hal_rcc.o
 .text.HAL_RCCEx_PeriphCLKConfig
                0x000000000800228c      0x1c4 Drivers/STM32L1xx_HAL_Driver/Src/stm32l1xx_hal_rcc_ex.o
                0x000000000800228c                HAL_RCCEx_PeriphCLKConfig
 .text.HAL_RTC_Init
                0x0000000008002450       0xf6 Drivers/STM32L1xx_HAL_Driver/Src/stm32l1xx_hal_rtc.o
                0x0000000008002450                HAL_RTC_Init
 .text.HAL_RTC_SetTime
                0x0000000008002546      0x168 Drivers/STM32L1xx_HAL_Driver/Src/stm32l1xx_hal_rtc.o
                0x0000000008002546                HAL_RTC_SetTime
 .text.HAL_RTC_GetTime
                0x00000000080026ae       0xba Drivers/STM32L1xx_HAL_Driver/Src/stm32l1xx_hal_rtc.o
                0x00000000080026ae                HAL_RTC_GetTime
 .text.HAL_RTC_SetDate
                0x0000000008002768      0x13c Drivers/STM32L1xx_HAL_Driver/Src/stm32l1xx_hal_rtc.o
                0x0000000008002768                HAL_RTC_SetDate
 .text.HAL_RTC_GetDate
                0x00000000080028a4       0x9a Drivers/STM32L1xx_HAL_Driver/Src/stm32l1xx_hal_rtc.o
                0x00000000080028a4                HAL_RTC_GetDate
 *fill*         0x000000000800293e        0x2 
 .text.HAL_RTC_SetAlarm_IT
                0x0000000008002940      0x270 Drivers/STM32L1xx_HAL_Driver/Src/stm32l1xx_hal_rtc.o
                0x0000000008002940                HAL_RTC_SetAlarm_IT
 .text.HAL_RTC_DeactivateAlarm
                0x0000000008002bb0      0x116 Drivers/STM32L1xx_HAL_Driver/Src/stm32l1xx_hal_rtc.o
                0x0000000008002bb0                HAL_RTC_DeactivateAlarm
 *fill*         0x0000000008002cc6        0x2 
 .text.HAL_RTC_AlarmIRQHandler
                0x0000000008002cc8       0x8c Drivers/STM32L1xx_HAL_Driver/Src/stm32l1xx_hal_rtc.o
                0x0000000008002cc8                HAL_RTC_AlarmIRQHandler
 .text.HAL_RTC_WaitForSynchro
                0x0000000008002d54       0x5a Drivers/STM32L1xx_HAL_Driver/Src/stm32l1xx_hal_rtc.o
                0x0000000008002d54                HAL_RTC_WaitForSynchro
 .text.RTC_EnterInitMode
                0x0000000008002dae       0x54 Drivers/STM32L1xx_HAL_Driver/Src/stm32l1xx_hal_rtc.o
                0x0000000008002dae                RTC_EnterInitMode
 .text.RTC_ByteToBcd2
                0x0000000008002e02       0x3e Drivers/STM32L1xx_HAL_Driver/Src/stm32l1xx_hal_rtc.o
                0x0000000008002e02                RTC_ByteToBcd2
 .text.RTC_Bcd2ToByte
                0x0000000008002e40       0x36 Drivers/STM32L1xx_HAL_Driver/Src/stm32l1xx_hal_rtc.o
                0x0000000008002e40                RTC_Bcd2ToByte
 .text.HAL_RTCEx_EnableBypassShadow
                0x0000000008002e76       0x60 Drivers/STM32L1xx_HAL_Driver/Src/stm32l1xx_hal_rtc_ex.o
                0x0000000008002e76                HAL_RTCEx_EnableBypassShadow
 .text.HAL_RTCEx_AlarmBEventCallback
                0x0000000008002ed6       0x12 Drivers/STM32L1xx_HAL_Driver/Src/stm32l1xx_hal_rtc_ex.o
                0x0000000008002ed6                HAL_RTCEx_AlarmBEventCallback
 .text.HAL_SPI_Init
                0x0000000008002ee8      0x112 Drivers/STM32L1xx_HAL_Driver/Src/stm32l1xx_hal_spi.o
                0x0000000008002ee8                HAL_SPI_Init
 .text.HAL_TIM_Base_Init
                0x0000000008002ffa       0x7e Drivers/STM32L1xx_HAL_Driver/Src/stm32l1xx_hal_tim.o
                0x0000000008002ffa                HAL_TIM_Base_Init
 .text.HAL_TIM_Base_MspInit
                0x0000000008003078       0x12 Drivers/STM32L1xx_HAL_Driver/Src/stm32l1xx_hal_tim.o
                0x0000000008003078                HAL_TIM_Base_MspInit
 *fill*         0x000000000800308a        0x2 
 .text.HAL_TIM_Base_Start_IT
                0x000000000800308c       0xa4 Drivers/STM32L1xx_HAL_Driver/Src/stm32l1xx_hal_tim.o
                0x000000000800308c                HAL_TIM_Base_Start_IT
 .text.HAL_TIM_IRQHandler
                0x0000000008003130      0x1b8 Drivers/STM32L1xx_HAL_Driver/Src/stm32l1xx_hal_tim.o
                0x0000000008003130                HAL_TIM_IRQHandler
 .text.HAL_TIM_OC_DelayElapsedCallback
                0x00000000080032e8       0x12 Drivers/STM32L1xx_HAL_Driver/Src/stm32l1xx_hal_tim.o
                0x00000000080032e8                HAL_TIM_OC_DelayElapsedCallback
 .text.HAL_TIM_IC_CaptureCallback
                0x00000000080032fa       0x12 Drivers/STM32L1xx_HAL_Driver/Src/stm32l1xx_hal_tim.o
                0x00000000080032fa                HAL_TIM_IC_CaptureCallback
 .text.HAL_TIM_PWM_PulseFinishedCallback
                0x000000000800330c       0x12 Drivers/STM32L1xx_HAL_Driver/Src/stm32l1xx_hal_tim.o
                0x000000000800330c                HAL_TIM_PWM_PulseFinishedCallback
 .text.HAL_TIM_TriggerCallback
                0x000000000800331e       0x12 Drivers/STM32L1xx_HAL_Driver/Src/stm32l1xx_hal_tim.o
                0x000000000800331e                HAL_TIM_TriggerCallback
 .text.TIM_Base_SetConfig
                0x0000000008003330       0xe0 Drivers/STM32L1xx_HAL_Driver/Src/stm32l1xx_hal_tim.o
 .text.HAL_UART_Init
                0x0000000008003410       0x9a Drivers/STM32L1xx_HAL_Driver/Src/stm32l1xx_hal_uart.o
                0x0000000008003410                HAL_UART_Init
 .text.HAL_UART_Transmit
                0x00000000080034aa      0x132 Drivers/STM32L1xx_HAL_Driver/Src/stm32l1xx_hal_uart.o
                0x00000000080034aa                HAL_UART_Transmit
 .text.HAL_UART_IRQHandler
                0x00000000080035dc      0x200 Drivers/STM32L1xx_HAL_Driver/Src/stm32l1xx_hal_uart.o
                0x00000000080035dc                HAL_UART_IRQHandler
 .text.HAL_UART_TxCpltCallback
                0x00000000080037dc       0x12 Drivers/STM32L1xx_HAL_Driver/Src/stm32l1xx_hal_uart.o
                0x00000000080037dc                HAL_UART_TxCpltCallback
 .text.HAL_UART_RxCpltCallback
                0x00000000080037ee       0x12 Drivers/STM32L1xx_HAL_Driver/Src/stm32l1xx_hal_uart.o
                0x00000000080037ee                HAL_UART_RxCpltCallback
 .text.HAL_UART_ErrorCallback
                0x0000000008003800       0x12 Drivers/STM32L1xx_HAL_Driver/Src/stm32l1xx_hal_uart.o
                0x0000000008003800                HAL_UART_ErrorCallback
 .text.UART_WaitOnFlagUntilTimeout
                0x0000000008003812       0x94 Drivers/STM32L1xx_HAL_Driver/Src/stm32l1xx_hal_uart.o
 .text.UART_EndRxTransfer
                0x00000000080038a6       0x3a Drivers/STM32L1xx_HAL_Driver/Src/stm32l1xx_hal_uart.o
 .text.UART_DMAAbortOnError
                0x00000000080038e0       0x28 Drivers/STM32L1xx_HAL_Driver/Src/stm32l1xx_hal_uart.o
 .text.UART_Transmit_IT
                0x0000000008003908       0xaa Drivers/STM32L1xx_HAL_Driver/Src/stm32l1xx_hal_uart.o
 .text.UART_EndTransmit_IT
                0x00000000080039b2       0x30 Drivers/STM32L1xx_HAL_Driver/Src/stm32l1xx_hal_uart.o
 .text.UART_Receive_IT
                0x00000000080039e2      0x102 Drivers/STM32L1xx_HAL_Driver/Src/stm32l1xx_hal_uart.o
 .text.UART_SetConfig
                0x0000000008003ae4      0x1c8 Drivers/STM32L1xx_HAL_Driver/Src/stm32l1xx_hal_uart.o
 .text.makeFreeRtosPriority
                0x0000000008003cac       0x2e Middlewares/Third_Party/FreeRTOS/Source/CMSIS_RTOS/cmsis_os.o
 .text.osKernelStart
                0x0000000008003cda        0xe Middlewares/Third_Party/FreeRTOS/Source/CMSIS_RTOS/cmsis_os.o
                0x0000000008003cda                osKernelStart
 .text.osThreadCreate
                0x0000000008003ce8       0x98 Middlewares/Third_Party/FreeRTOS/Source/CMSIS_RTOS/cmsis_os.o
                0x0000000008003ce8                osThreadCreate
 .text.osDelay  0x0000000008003d80       0x28 Middlewares/Third_Party/FreeRTOS/Source/CMSIS_RTOS/cmsis_os.o
                0x0000000008003d80                osDelay
 .text.vListInitialise
                0x0000000008003da8       0x3e Middlewares/Third_Party/FreeRTOS/Source/list.o
                0x0000000008003da8                vListInitialise
 .text.vListInitialiseItem
                0x0000000008003de6       0x18 Middlewares/Third_Party/FreeRTOS/Source/list.o
                0x0000000008003de6                vListInitialiseItem
 .text.vListInsertEnd
                0x0000000008003dfe       0x46 Middlewares/Third_Party/FreeRTOS/Source/list.o
                0x0000000008003dfe                vListInsertEnd
 .text.vListInsert
                0x0000000008003e44       0x70 Middlewares/Third_Party/FreeRTOS/Source/list.o
                0x0000000008003e44                vListInsert
 .text.uxListRemove
                0x0000000008003eb4       0x52 Middlewares/Third_Party/FreeRTOS/Source/list.o
                0x0000000008003eb4                uxListRemove
 *fill*         0x0000000008003f06        0x2 
 .text.xQueueGenericReset
                0x0000000008003f08       0xd0 Middlewares/Third_Party/FreeRTOS/Source/queue.o
                0x0000000008003f08                xQueueGenericReset
 .text.xQueueGenericCreate
                0x0000000008003fd8       0x7c Middlewares/Third_Party/FreeRTOS/Source/queue.o
                0x0000000008003fd8                xQueueGenericCreate
 .text.prvInitialiseNewQueue
                0x0000000008004054       0x3e Middlewares/Third_Party/FreeRTOS/Source/queue.o
 .text.xQueueGenericSendFromISR
                0x0000000008004092      0x130 Middlewares/Third_Party/FreeRTOS/Source/queue.o
                0x0000000008004092                xQueueGenericSendFromISR
 .text.xQueueReceiveFromISR
                0x00000000080041c2      0x100 Middlewares/Third_Party/FreeRTOS/Source/queue.o
                0x00000000080041c2                xQueueReceiveFromISR
 .text.uxQueueMessagesWaitingFromISR
                0x00000000080042c2       0x36 Middlewares/Third_Party/FreeRTOS/Source/queue.o
                0x00000000080042c2                uxQueueMessagesWaitingFromISR
 .text.prvCopyDataToQueue
                0x00000000080042f8       0xd4 Middlewares/Third_Party/FreeRTOS/Source/queue.o
 .text.prvCopyDataFromQueue
                0x00000000080043cc       0x4c Middlewares/Third_Party/FreeRTOS/Source/queue.o
 .text.xTaskCreateStatic
                0x0000000008004418       0xb8 Middlewares/Third_Party/FreeRTOS/Source/tasks.o
                0x0000000008004418                xTaskCreateStatic
 .text.xTaskCreate
                0x00000000080044d0       0x8a Middlewares/Third_Party/FreeRTOS/Source/tasks.o
                0x00000000080044d0                xTaskCreate
 .text.prvInitialiseNewTask
                0x000000000800455a       0xfe Middlewares/Third_Party/FreeRTOS/Source/tasks.o
 .text.prvAddNewTaskToReadyList
                0x0000000008004658       0xd4 Middlewares/Third_Party/FreeRTOS/Source/tasks.o
 .text.vTaskDelay
                0x000000000800472c       0x68 Middlewares/Third_Party/FreeRTOS/Source/tasks.o
                0x000000000800472c                vTaskDelay
 .text.vTaskStartScheduler
                0x0000000008004794       0xc0 Middlewares/Third_Party/FreeRTOS/Source/tasks.o
                0x0000000008004794                vTaskStartScheduler
 .text.vTaskSuspendAll
                0x0000000008004854       0x1c Middlewares/Third_Party/FreeRTOS/Source/tasks.o
                0x0000000008004854                vTaskSuspendAll
 .text.xTaskResumeAll
                0x0000000008004870      0x138 Middlewares/Third_Party/FreeRTOS/Source/tasks.o
                0x0000000008004870                xTaskResumeAll
 .text.xTaskIncrementTick
                0x00000000080049a8      0x17c Middlewares/Third_Party/FreeRTOS/Source/tasks.o
                0x00000000080049a8                xTaskIncrementTick
 .text.vTaskSwitchContext
                0x0000000008004b24       0xb4 Middlewares/Third_Party/FreeRTOS/Source/tasks.o
                0x0000000008004b24                vTaskSwitchContext
 .text.xTaskRemoveFromEventList
                0x0000000008004bd8       0xc4 Middlewares/Third_Party/FreeRTOS/Source/tasks.o
                0x0000000008004bd8                xTaskRemoveFromEventList
 .text.prvIdleTask
                0x0000000008004c9c       0x30 Middlewares/Third_Party/FreeRTOS/Source/tasks.o
 .text.prvInitialiseTaskLists
                0x0000000008004ccc       0x80 Middlewares/Third_Party/FreeRTOS/Source/tasks.o
 .text.prvCheckTasksWaitingTermination
                0x0000000008004d4c       0x5c Middlewares/Third_Party/FreeRTOS/Source/tasks.o
 .text.prvDeleteTCB
                0x0000000008004da8       0x5e Middlewares/Third_Party/FreeRTOS/Source/tasks.o
 *fill*         0x0000000008004e06        0x2 
 .text.prvResetNextTaskUnblockTime
                0x0000000008004e08       0x48 Middlewares/Third_Party/FreeRTOS/Source/tasks.o
 .text.xTaskPriorityDisinherit
                0x0000000008004e50      0x10c Middlewares/Third_Party/FreeRTOS/Source/tasks.o
                0x0000000008004e50                xTaskPriorityDisinherit
 .text.prvAddCurrentTaskToDelayedList
                0x0000000008004f5c       0xcc Middlewares/Third_Party/FreeRTOS/Source/tasks.o
 .text.pxPortInitialiseStack
                0x0000000008005028       0x58 Middlewares/Third_Party/FreeRTOS/Source/portable/GCC/ARM_CM3/port.o
                0x0000000008005028                pxPortInitialiseStack
 .text.prvTaskExitError
                0x0000000008005080       0x58 Middlewares/Third_Party/FreeRTOS/Source/portable/GCC/ARM_CM3/port.o
 *fill*         0x00000000080050d8        0x8 
 .text.SVC_Handler
                0x00000000080050e0       0x28 Middlewares/Third_Party/FreeRTOS/Source/portable/GCC/ARM_CM3/port.o
                0x00000000080050e0                SVC_Handler
 .text.prvPortStartFirstTask
                0x0000000008005108       0x20 Middlewares/Third_Party/FreeRTOS/Source/portable/GCC/ARM_CM3/port.o
 .text.xPortStartScheduler
                0x0000000008005128       0xe4 Middlewares/Third_Party/FreeRTOS/Source/portable/GCC/ARM_CM3/port.o
                0x0000000008005128                xPortStartScheduler
 .text.vPortEnterCritical
                0x000000000800520c       0x60 Middlewares/Third_Party/FreeRTOS/Source/portable/GCC/ARM_CM3/port.o
                0x000000000800520c                vPortEnterCritical
 .text.vPortExitCritical
                0x000000000800526c       0x50 Middlewares/Third_Party/FreeRTOS/Source/portable/GCC/ARM_CM3/port.o
                0x000000000800526c                vPortExitCritical
 *fill*         0x00000000080052bc        0x4 
 .text.PendSV_Handler
                0x00000000080052c0       0x48 Middlewares/Third_Party/FreeRTOS/Source/portable/GCC/ARM_CM3/port.o
                0x00000000080052c0                PendSV_Handler
 .text.SysTick_Handler
                0x0000000008005308       0x44 Middlewares/Third_Party/FreeRTOS/Source/portable/GCC/ARM_CM3/port.o
                0x0000000008005308                SysTick_Handler
 .text.vPortSetupTimerInterrupt
                0x000000000800534c       0x44 Middlewares/Third_Party/FreeRTOS/Source/portable/GCC/ARM_CM3/port.o
                0x000000000800534c                vPortSetupTimerInterrupt
 .text.vPortValidateInterruptPriority
                0x0000000008005390       0x7c Middlewares/Third_Party/FreeRTOS/Source/portable/GCC/ARM_CM3/port.o
                0x0000000008005390                vPortValidateInterruptPriority
 .text.pvPortMalloc
                0x000000000800540c      0x188 Middlewares/Third_Party/FreeRTOS/Source/portable/MemMang/heap_4.o
                0x000000000800540c                pvPortMalloc
 .text.vPortFree
                0x0000000008005594       0xb4 Middlewares/Third_Party/FreeRTOS/Source/portable/MemMang/heap_4.o
                0x0000000008005594                vPortFree
 .text.prvHeapInit
                0x0000000008005648       0xc4 Middlewares/Third_Party/FreeRTOS/Source/portable/MemMang/heap_4.o
 .text.prvInsertBlockIntoFreeList
                0x000000000800570c       0xb0 Middlewares/Third_Party/FreeRTOS/Source/portable/MemMang/heap_4.o
 .text.SX1276Init
                0x00000000080057bc       0xec app/LoRaMac-node/src/radio/sx1276/sx1276.o
                0x00000000080057bc                SX1276Init
 .text.SX1276GetStatus
                0x00000000080058a8       0x18 app/LoRaMac-node/src/radio/sx1276/sx1276.o
                0x00000000080058a8                SX1276GetStatus
 .text.SX1276SetChannel
                0x00000000080058c0       0x4c app/LoRaMac-node/src/radio/sx1276/sx1276.o
                0x00000000080058c0                SX1276SetChannel
 .text.SX1276IsChannelFree
                0x000000000800590c       0x98 app/LoRaMac-node/src/radio/sx1276/sx1276.o
                0x000000000800590c                SX1276IsChannelFree
 .text.SX1276Random
                0x00000000080059a4       0x5c app/LoRaMac-node/src/radio/sx1276/sx1276.o
                0x00000000080059a4                SX1276Random
 .text.RxChainCalibration
                0x0000000008005a00       0xb4 app/LoRaMac-node/src/radio/sx1276/sx1276.o
 .text.SX1276SetRxConfig
                0x0000000008005ab4      0x3c4 app/LoRaMac-node/src/radio/sx1276/sx1276.o
                0x0000000008005ab4                SX1276SetRxConfig
 .text.SX1276SetTxConfig
                0x0000000008005e78      0x318 app/LoRaMac-node/src/radio/sx1276/sx1276.o
                0x0000000008005e78                SX1276SetTxConfig
 .text.SX1276GetTimeOnAir
                0x0000000008006190       0x98 app/LoRaMac-node/src/radio/sx1276/sx1276.o
                0x0000000008006190                SX1276GetTimeOnAir
 .text.SX1276Send
                0x0000000008006228      0x16c app/LoRaMac-node/src/radio/sx1276/sx1276.o
                0x0000000008006228                SX1276Send
 .text.SX1276SetSleep
                0x0000000008006394       0x40 app/LoRaMac-node/src/radio/sx1276/sx1276.o
                0x0000000008006394                SX1276SetSleep
 .text.SX1276SetStby
                0x00000000080063d4       0x38 app/LoRaMac-node/src/radio/sx1276/sx1276.o
                0x00000000080063d4                SX1276SetStby
 .text.SX1276SetRx
                0x000000000800640c      0x30c app/LoRaMac-node/src/radio/sx1276/sx1276.o
                0x000000000800640c                SX1276SetRx
 .text.SX1276SetTx
                0x0000000008006718       0xf0 app/LoRaMac-node/src/radio/sx1276/sx1276.o
 .text.SX1276StartCad
                0x0000000008006808       0x4c app/LoRaMac-node/src/radio/sx1276/sx1276.o
                0x0000000008006808                SX1276StartCad
 .text.SX1276SetTxContinuousWave
                0x0000000008006854       0xa8 app/LoRaMac-node/src/radio/sx1276/sx1276.o
                0x0000000008006854                SX1276SetTxContinuousWave
 .text.SX1276ReadRssi
                0x00000000080068fc       0x7c app/LoRaMac-node/src/radio/sx1276/sx1276.o
                0x00000000080068fc                SX1276ReadRssi
 .text.SX1276SetOpMode
                0x0000000008006978       0x56 app/LoRaMac-node/src/radio/sx1276/sx1276.o
 *fill*         0x00000000080069ce        0x2 
 .text.SX1276SetModem
                0x00000000080069d0       0xb0 app/LoRaMac-node/src/radio/sx1276/sx1276.o
                0x00000000080069d0                SX1276SetModem
 .text.SX1276Write
                0x0000000008006a80       0x20 app/LoRaMac-node/src/radio/sx1276/sx1276.o
                0x0000000008006a80                SX1276Write
 .text.SX1276Read
                0x0000000008006aa0       0x20 app/LoRaMac-node/src/radio/sx1276/sx1276.o
                0x0000000008006aa0                SX1276Read
 .text.SX1276WriteBuffer
                0x0000000008006ac0       0x68 app/LoRaMac-node/src/radio/sx1276/sx1276.o
                0x0000000008006ac0                SX1276WriteBuffer
 .text.SX1276ReadBuffer
                0x0000000008006b28       0x6c app/LoRaMac-node/src/radio/sx1276/sx1276.o
                0x0000000008006b28                SX1276ReadBuffer
 .text.SX1276WriteFifo
                0x0000000008006b94       0x20 app/LoRaMac-node/src/radio/sx1276/sx1276.o
 .text.SX1276ReadFifo
                0x0000000008006bb4       0x20 app/LoRaMac-node/src/radio/sx1276/sx1276.o
 .text.SX1276SetMaxPayloadLength
                0x0000000008006bd4       0x5c app/LoRaMac-node/src/radio/sx1276/sx1276.o
                0x0000000008006bd4                SX1276SetMaxPayloadLength
 .text.SX1276SetPublicNetwork
                0x0000000008006c30       0x3c app/LoRaMac-node/src/radio/sx1276/sx1276.o
                0x0000000008006c30                SX1276SetPublicNetwork
 .text.SX1276GetWakeupTime
                0x0000000008006c6c       0x10 app/LoRaMac-node/src/radio/sx1276/sx1276.o
                0x0000000008006c6c                SX1276GetWakeupTime
 .text.SX1276ConvertPllStepToFreqInHz
                0x0000000008006c7c       0x3c app/LoRaMac-node/src/radio/sx1276/sx1276.o
 .text.SX1276ConvertFreqInHzToPllStep
                0x0000000008006cb8       0x4c app/LoRaMac-node/src/radio/sx1276/sx1276.o
 .text.GetFskBandwidthRegValue
                0x0000000008006d04       0x54 app/LoRaMac-node/src/radio/sx1276/sx1276.o
 .text.SX1276GetLoRaBandwidthInHz
                0x0000000008006d58       0x50 app/LoRaMac-node/src/radio/sx1276/sx1276.o
 .text.SX1276GetGfskTimeOnAirNumerator
                0x0000000008006da8       0x5e app/LoRaMac-node/src/radio/sx1276/sx1276.o
 .text.SX1276GetLoRaTimeOnAirNumerator
                0x0000000008006e06      0x102 app/LoRaMac-node/src/radio/sx1276/sx1276.o
 .text.SX1276OnTimeoutIrq
                0x0000000008006f08      0x150 app/LoRaMac-node/src/radio/sx1276/sx1276.o
 .text.SX1276OnDio0Irq
                0x0000000008007058      0x438 app/LoRaMac-node/src/radio/sx1276/sx1276.o
 .text.SX1276OnDio1Irq
                0x0000000008007490      0x20c app/LoRaMac-node/src/radio/sx1276/sx1276.o
 .text.SX1276OnDio2Irq
                0x000000000800769c      0x160 app/LoRaMac-node/src/radio/sx1276/sx1276.o
 .text.SX1276OnDio3Irq
                0x00000000080077fc       0x8c app/LoRaMac-node/src/radio/sx1276/sx1276.o
 .text.SX1276OnDio4Irq
                0x0000000008007888       0x40 app/LoRaMac-node/src/radio/sx1276/sx1276.o
 .text.BoardCriticalSectionBegin
                0x00000000080078c8       0x22 app/board.o
                0x00000000080078c8                BoardCriticalSectionBegin
 .text.BoardCriticalSectionEnd
                0x00000000080078ea       0x20 app/board.o
                0x00000000080078ea                BoardCriticalSectionEnd
 .text.BoardInitPeriph
                0x000000000800790a        0xc app/board.o
                0x000000000800790a                BoardInitPeriph
 *fill*         0x0000000008007916        0x2 
 .text.BoardInitMcu
                0x0000000008007918       0x24 app/board.o
                0x0000000008007918                BoardInitMcu
 .text.BoardUnusedIoInit
                0x000000000800793c       0x14 app/board.o
 .text.DelayMs  0x0000000008007950       0x16 app/delay.o
                0x0000000008007950                DelayMs
 *fill*         0x0000000008007966        0x2 
 .text.InitRf   0x0000000008007968       0xe8 app/rf_test.o
 .text.OnTxDone
                0x0000000008007a50       0x1c app/rf_test.o
                0x0000000008007a50                OnTxDone
 .text.OnRxDone
                0x0000000008007a6c      0x208 app/rf_test.o
                0x0000000008007a6c                OnRxDone
 .text.OnTxTimeout
                0x0000000008007c74       0x1c app/rf_test.o
                0x0000000008007c74                OnTxTimeout
 .text.OnRxTimeout
                0x0000000008007c90       0x1c app/rf_test.o
                0x0000000008007c90                OnRxTimeout
 .text.OnRxError
                0x0000000008007cac       0x44 app/rf_test.o
                0x0000000008007cac                OnRxError
 .text.UART_Tx  0x0000000008007cf0       0xc4 app/rf_test.o
                0x0000000008007cf0                UART_Tx
 .text.Radio_Rx
                0x0000000008007db4       0x38 app/rf_test.o
                0x0000000008007db4                Radio_Rx
 .text.Measurements
                0x0000000008007dec       0x90 app/rf_test.o
                0x0000000008007dec                Measurements
 .text.RtcInit  0x0000000008007e7c       0xd4 app/rtc-board.o
                0x0000000008007e7c                RtcInit
 .text.RtcSetTimerContext
                0x0000000008007f50       0x28 app/rtc-board.o
                0x0000000008007f50                RtcSetTimerContext
 .text.RtcGetTimerContext
                0x0000000008007f78       0x14 app/rtc-board.o
                0x0000000008007f78                RtcGetTimerContext
 .text.RtcGetMinimumTimeout
                0x0000000008007f8c        0xe app/rtc-board.o
                0x0000000008007f8c                RtcGetMinimumTimeout
 .text.RtcMs2Tick
                0x0000000008007f9a       0x3a app/rtc-board.o
                0x0000000008007f9a                RtcMs2Tick
 .text.RtcTick2Ms
                0x0000000008007fd4       0x38 app/rtc-board.o
                0x0000000008007fd4                RtcTick2Ms
 .text.RtcSetAlarm
                0x000000000800800c       0x1a app/rtc-board.o
                0x000000000800800c                RtcSetAlarm
 *fill*         0x0000000008008026        0x2 
 .text.RtcStopAlarm
                0x0000000008008028       0x34 app/rtc-board.o
                0x0000000008008028                RtcStopAlarm
 .text.RtcStartAlarm
                0x000000000800805c      0x1f0 app/rtc-board.o
                0x000000000800805c                RtcStartAlarm
 .text.RtcGetTimerValue
                0x000000000800824c       0x26 app/rtc-board.o
                0x000000000800824c                RtcGetTimerValue
 *fill*         0x0000000008008272        0x2 
 .text.RtcGetTimerElapsedTime
                0x0000000008008274       0x30 app/rtc-board.o
                0x0000000008008274                RtcGetTimerElapsedTime
 .text.RtcGetCalendarValue
                0x00000000080082a4      0x12c app/rtc-board.o
 .text.HAL_RTC_AlarmAEventCallback
                0x00000000080083d0       0x14 app/rtc-board.o
                0x00000000080083d0                HAL_RTC_AlarmAEventCallback
 .text.SX1276IoInit
                0x00000000080083e4       0x68 app/sx1276mb1las-board.o
                0x00000000080083e4                SX1276IoInit
 .text.SX1276IoIrqInit
                0x000000000800844c       0x48 app/sx1276mb1las-board.o
                0x000000000800844c                SX1276IoIrqInit
 .text.SX1276SetBoardTcxo
                0x0000000008008494       0x14 app/sx1276mb1las-board.o
                0x0000000008008494                SX1276SetBoardTcxo
 .text.SX1276GetBoardTcxoWakeupTime
                0x00000000080084a8        0xe app/sx1276mb1las-board.o
                0x00000000080084a8                SX1276GetBoardTcxoWakeupTime
 *fill*         0x00000000080084b6        0x2 
 .text.SX1276Reset
                0x00000000080084b8       0x40 app/sx1276mb1las-board.o
                0x00000000080084b8                SX1276Reset
 .text.SX1276SetRfTxPower
                0x00000000080084f8      0x160 app/sx1276mb1las-board.o
                0x00000000080084f8                SX1276SetRfTxPower
 .text.SX1276GetPaSelect
                0x0000000008008658       0x24 app/sx1276mb1las-board.o
 .text.SX1276SetAntSwLowPower
                0x000000000800867c       0x3c app/sx1276mb1las-board.o
                0x000000000800867c                SX1276SetAntSwLowPower
 .text.SX1276AntSwInit
                0x00000000080086b8        0xc app/sx1276mb1las-board.o
                0x00000000080086b8                SX1276AntSwInit
 .text.SX1276AntSwDeInit
                0x00000000080086c4        0xc app/sx1276mb1las-board.o
                0x00000000080086c4                SX1276AntSwDeInit
 .text.SX1276SetAntSw
                0x00000000080086d0       0x14 app/sx1276mb1las-board.o
                0x00000000080086d0                SX1276SetAntSw
 .text.SX1276CheckRfFrequency
                0x00000000080086e4       0x14 app/sx1276mb1las-board.o
                0x00000000080086e4                SX1276CheckRfFrequency
 .text.SX1276GetDio1PinState
                0x00000000080086f8       0x14 app/sx1276mb1las-board.o
                0x00000000080086f8                SX1276GetDio1PinState
 .text.HAL_GPIO_EXTI_Callback
                0x000000000800870c       0x94 app/sx1276mb1las-board.o
                0x000000000800870c                HAL_GPIO_EXTI_Callback
 .text.TimerInit
                0x00000000080087a0       0x3e app/timer.o
                0x00000000080087a0                TimerInit
 *fill*         0x00000000080087de        0x2 
 .text.TimerStart
                0x00000000080087e0       0xa0 app/timer.o
                0x00000000080087e0                TimerStart
 .text.TimerInsertTimer
                0x0000000008008880       0x60 app/timer.o
 .text.TimerInsertNewHeadTimer
                0x00000000080088e0       0x3c app/timer.o
 .text.TimerIrqHandler
                0x000000000800891c      0x104 app/timer.o
                0x000000000800891c                TimerIrqHandler
 .text.TimerStop
                0x0000000008008a20       0xf4 app/timer.o
                0x0000000008008a20                TimerStop
 .text.TimerExists
                0x0000000008008b14       0x38 app/timer.o
 .text.TimerSetValue
                0x0000000008008b4c       0x42 app/timer.o
                0x0000000008008b4c                TimerSetValue
 .text.TimerGetCurrentTime
                0x0000000008008b8e       0x1c app/timer.o
                0x0000000008008b8e                TimerGetCurrentTime
 .text.TimerGetElapsedTime
                0x0000000008008baa       0x36 app/timer.o
                0x0000000008008baa                TimerGetElapsedTime
 .text.TimerSetTimeout
                0x0000000008008be0       0x48 app/timer.o
 .text.memcpy1  0x0000000008008c28       0x36 app/utilities.o
                0x0000000008008c28                memcpy1
 *fill*         0x0000000008008c5e        0x2 
 .text.__errno  0x0000000008008c60        0xc c:/st/stm32cubeide_1.6.1/stm32cubeide/plugins/com.st.stm32cube.ide.mcu.externaltools.gnu-tools-for-stm32.9-2020-q2-update.win32_1.5.0.202011040924/tools/bin/../lib/gcc/arm-none-eabi/9.3.1/../../../../arm-none-eabi/lib/thumb/v7-m/nofp\libc_nano.a(lib_a-errno.o)
                0x0000000008008c60                __errno
 .text.__libc_init_array
                0x0000000008008c6c       0x48 c:/st/stm32cubeide_1.6.1/stm32cubeide/plugins/com.st.stm32cube.ide.mcu.externaltools.gnu-tools-for-stm32.9-2020-q2-update.win32_1.5.0.202011040924/tools/bin/../lib/gcc/arm-none-eabi/9.3.1/../../../../arm-none-eabi/lib/thumb/v7-m/nofp\libc_nano.a(lib_a-init.o)
                0x0000000008008c6c                __libc_init_array
 .text.memcpy   0x0000000008008cb4       0x1c c:/st/stm32cubeide_1.6.1/stm32cubeide/plugins/com.st.stm32cube.ide.mcu.externaltools.gnu-tools-for-stm32.9-2020-q2-update.win32_1.5.0.202011040924/tools/bin/../lib/gcc/arm-none-eabi/9.3.1/../../../../arm-none-eabi/lib/thumb/v7-m/nofp\libc_nano.a(lib_a-memcpy-stub.o)
                0x0000000008008cb4                memcpy
 .text.memset   0x0000000008008cd0       0x10 c:/st/stm32cubeide_1.6.1/stm32cubeide/plugins/com.st.stm32cube.ide.mcu.externaltools.gnu-tools-for-stm32.9-2020-q2-update.win32_1.5.0.202011040924/tools/bin/../lib/gcc/arm-none-eabi/9.3.1/../../../../arm-none-eabi/lib/thumb/v7-m/nofp\libc_nano.a(lib_a-memset.o)
                0x0000000008008cd0                memset
 .text.printf   0x0000000008008ce0       0x30 c:/st/stm32cubeide_1.6.1/stm32cubeide/plugins/com.st.stm32cube.ide.mcu.externaltools.gnu-tools-for-stm32.9-2020-q2-update.win32_1.5.0.202011040924/tools/bin/../lib/gcc/arm-none-eabi/9.3.1/../../../../arm-none-eabi/lib/thumb/v7-m/nofp\libc_nano.a(lib_a-printf.o)
                0x0000000008008ce0                iprintf
                0x0000000008008ce0                printf
 .text.sprintf  0x0000000008008d10       0x40 c:/st/stm32cubeide_1.6.1/stm32cubeide/plugins/com.st.stm32cube.ide.mcu.externaltools.gnu-tools-for-stm32.9-2020-q2-update.win32_1.5.0.202011040924/tools/bin/../lib/gcc/arm-none-eabi/9.3.1/../../../../arm-none-eabi/lib/thumb/v7-m/nofp\libc_nano.a(lib_a-sprintf.o)
                0x0000000008008d10                siprintf
                0x0000000008008d10                sprintf
 .text.std      0x0000000008008d50       0x48 c:/st/stm32cubeide_1.6.1/stm32cubeide/plugins/com.st.stm32cube.ide.mcu.externaltools.gnu-tools-for-stm32.9-2020-q2-update.win32_1.5.0.202011040924/tools/bin/../lib/gcc/arm-none-eabi/9.3.1/../../../../arm-none-eabi/lib/thumb/v7-m/nofp\libc_nano.a(lib_a-findfp.o)
 .text._cleanup_r
                0x0000000008008d98        0xc c:/st/stm32cubeide_1.6.1/stm32cubeide/plugins/com.st.stm32cube.ide.mcu.externaltools.gnu-tools-for-stm32.9-2020-q2-update.win32_1.5.0.202011040924/tools/bin/../lib/gcc/arm-none-eabi/9.3.1/../../../../arm-none-eabi/lib/thumb/v7-m/nofp\libc_nano.a(lib_a-findfp.o)
                0x0000000008008d98                _cleanup_r
 .text.__sfmoreglue
                0x0000000008008da4       0x2c c:/st/stm32cubeide_1.6.1/stm32cubeide/plugins/com.st.stm32cube.ide.mcu.externaltools.gnu-tools-for-stm32.9-2020-q2-update.win32_1.5.0.202011040924/tools/bin/../lib/gcc/arm-none-eabi/9.3.1/../../../../arm-none-eabi/lib/thumb/v7-m/nofp\libc_nano.a(lib_a-findfp.o)
                0x0000000008008da4                __sfmoreglue
 .text.__sfp_lock_acquire
                0x0000000008008dd0        0xc c:/st/stm32cubeide_1.6.1/stm32cubeide/plugins/com.st.stm32cube.ide.mcu.externaltools.gnu-tools-for-stm32.9-2020-q2-update.win32_1.5.0.202011040924/tools/bin/../lib/gcc/arm-none-eabi/9.3.1/../../../../arm-none-eabi/lib/thumb/v7-m/nofp\libc_nano.a(lib_a-findfp.o)
                0x0000000008008dd0                __sfp_lock_acquire
 .text.__sfp_lock_release
                0x0000000008008ddc        0xc c:/st/stm32cubeide_1.6.1/stm32cubeide/plugins/com.st.stm32cube.ide.mcu.externaltools.gnu-tools-for-stm32.9-2020-q2-update.win32_1.5.0.202011040924/tools/bin/../lib/gcc/arm-none-eabi/9.3.1/../../../../arm-none-eabi/lib/thumb/v7-m/nofp\libc_nano.a(lib_a-findfp.o)
                0x0000000008008ddc                __sfp_lock_release
 .text.__sinit_lock_acquire
                0x0000000008008de8        0xc c:/st/stm32cubeide_1.6.1/stm32cubeide/plugins/com.st.stm32cube.ide.mcu.externaltools.gnu-tools-for-stm32.9-2020-q2-update.win32_1.5.0.202011040924/tools/bin/../lib/gcc/arm-none-eabi/9.3.1/../../../../arm-none-eabi/lib/thumb/v7-m/nofp\libc_nano.a(lib_a-findfp.o)
                0x0000000008008de8                __sinit_lock_acquire
 .text.__sinit_lock_release
                0x0000000008008df4        0xc c:/st/stm32cubeide_1.6.1/stm32cubeide/plugins/com.st.stm32cube.ide.mcu.externaltools.gnu-tools-for-stm32.9-2020-q2-update.win32_1.5.0.202011040924/tools/bin/../lib/gcc/arm-none-eabi/9.3.1/../../../../arm-none-eabi/lib/thumb/v7-m/nofp\libc_nano.a(lib_a-findfp.o)
                0x0000000008008df4                __sinit_lock_release
 .text.__sinit  0x0000000008008e00       0x70 c:/st/stm32cubeide_1.6.1/stm32cubeide/plugins/com.st.stm32cube.ide.mcu.externaltools.gnu-tools-for-stm32.9-2020-q2-update.win32_1.5.0.202011040924/tools/bin/../lib/gcc/arm-none-eabi/9.3.1/../../../../arm-none-eabi/lib/thumb/v7-m/nofp\libc_nano.a(lib_a-findfp.o)
                0x0000000008008e00                __sinit
 .text.__sfp    0x0000000008008e70       0x8c c:/st/stm32cubeide_1.6.1/stm32cubeide/plugins/com.st.stm32cube.ide.mcu.externaltools.gnu-tools-for-stm32.9-2020-q2-update.win32_1.5.0.202011040924/tools/bin/../lib/gcc/arm-none-eabi/9.3.1/../../../../arm-none-eabi/lib/thumb/v7-m/nofp\libc_nano.a(lib_a-findfp.o)
                0x0000000008008e70                __sfp
 .text._fwalk_reent
                0x0000000008008efc       0x3e c:/st/stm32cubeide_1.6.1/stm32cubeide/plugins/com.st.stm32cube.ide.mcu.externaltools.gnu-tools-for-stm32.9-2020-q2-update.win32_1.5.0.202011040924/tools/bin/../lib/gcc/arm-none-eabi/9.3.1/../../../../arm-none-eabi/lib/thumb/v7-m/nofp\libc_nano.a(lib_a-fwalk.o)
                0x0000000008008efc                _fwalk_reent
 .text.__retarget_lock_init_recursive
                0x0000000008008f3a        0x2 c:/st/stm32cubeide_1.6.1/stm32cubeide/plugins/com.st.stm32cube.ide.mcu.externaltools.gnu-tools-for-stm32.9-2020-q2-update.win32_1.5.0.202011040924/tools/bin/../lib/gcc/arm-none-eabi/9.3.1/../../../../arm-none-eabi/lib/thumb/v7-m/nofp\libc_nano.a(lib_a-lock.o)
                0x0000000008008f3a                __retarget_lock_init_recursive
 .text.__retarget_lock_acquire_recursive
                0x0000000008008f3c        0x2 c:/st/stm32cubeide_1.6.1/stm32cubeide/plugins/com.st.stm32cube.ide.mcu.externaltools.gnu-tools-for-stm32.9-2020-q2-update.win32_1.5.0.202011040924/tools/bin/../lib/gcc/arm-none-eabi/9.3.1/../../../../arm-none-eabi/lib/thumb/v7-m/nofp\libc_nano.a(lib_a-lock.o)
                0x0000000008008f3c                __retarget_lock_acquire_recursive
 .text.__retarget_lock_release_recursive
                0x0000000008008f3e        0x2 c:/st/stm32cubeide_1.6.1/stm32cubeide/plugins/com.st.stm32cube.ide.mcu.externaltools.gnu-tools-for-stm32.9-2020-q2-update.win32_1.5.0.202011040924/tools/bin/../lib/gcc/arm-none-eabi/9.3.1/../../../../arm-none-eabi/lib/thumb/v7-m/nofp\libc_nano.a(lib_a-lock.o)
                0x0000000008008f3e                __retarget_lock_release_recursive
 .text._malloc_r
                0x0000000008008f40       0xb4 c:/st/stm32cubeide_1.6.1/stm32cubeide/plugins/com.st.stm32cube.ide.mcu.externaltools.gnu-tools-for-stm32.9-2020-q2-update.win32_1.5.0.202011040924/tools/bin/../lib/gcc/arm-none-eabi/9.3.1/../../../../arm-none-eabi/lib/thumb/v7-m/nofp\libc_nano.a(lib_a-nano-mallocr.o)
                0x0000000008008f40                _malloc_r
 .text.__ssputs_r
                0x0000000008008ff4       0xb6 c:/st/stm32cubeide_1.6.1/stm32cubeide/plugins/com.st.stm32cube.ide.mcu.externaltools.gnu-tools-for-stm32.9-2020-q2-update.win32_1.5.0.202011040924/tools/bin/../lib/gcc/arm-none-eabi/9.3.1/../../../../arm-none-eabi/lib/thumb/v7-m/nofp\libc_nano.a(lib_a-nano-svfprintf.o)
                0x0000000008008ff4                __ssputs_r
 *fill*         0x00000000080090aa        0x2 
 .text._svfprintf_r
                0x00000000080090ac      0x200 c:/st/stm32cubeide_1.6.1/stm32cubeide/plugins/com.st.stm32cube.ide.mcu.externaltools.gnu-tools-for-stm32.9-2020-q2-update.win32_1.5.0.202011040924/tools/bin/../lib/gcc/arm-none-eabi/9.3.1/../../../../arm-none-eabi/lib/thumb/v7-m/nofp\libc_nano.a(lib_a-nano-svfprintf.o)
                0x00000000080090ac                _svfiprintf_r
                0x00000000080090ac                _svfprintf_r
 .text.__sfputc_r
                0x00000000080092ac       0x2a c:/st/stm32cubeide_1.6.1/stm32cubeide/plugins/com.st.stm32cube.ide.mcu.externaltools.gnu-tools-for-stm32.9-2020-q2-update.win32_1.5.0.202011040924/tools/bin/../lib/gcc/arm-none-eabi/9.3.1/../../../../arm-none-eabi/lib/thumb/v7-m/nofp\libc_nano.a(lib_a-nano-vfprintf.o)
 .text.__sfputs_r
                0x00000000080092d6       0x24 c:/st/stm32cubeide_1.6.1/stm32cubeide/plugins/com.st.stm32cube.ide.mcu.externaltools.gnu-tools-for-stm32.9-2020-q2-update.win32_1.5.0.202011040924/tools/bin/../lib/gcc/arm-none-eabi/9.3.1/../../../../arm-none-eabi/lib/thumb/v7-m/nofp\libc_nano.a(lib_a-nano-vfprintf.o)
                0x00000000080092d6                __sfputs_r
 *fill*         0x00000000080092fa        0x2 
 .text._vfprintf_r
                0x00000000080092fc      0x260 c:/st/stm32cubeide_1.6.1/stm32cubeide/plugins/com.st.stm32cube.ide.mcu.externaltools.gnu-tools-for-stm32.9-2020-q2-update.win32_1.5.0.202011040924/tools/bin/../lib/gcc/arm-none-eabi/9.3.1/../../../../arm-none-eabi/lib/thumb/v7-m/nofp\libc_nano.a(lib_a-nano-vfprintf.o)
                0x00000000080092fc                _vfprintf_r
                0x00000000080092fc                _vfiprintf_r
 .text._printf_common
                0x000000000800955c       0xde c:/st/stm32cubeide_1.6.1/stm32cubeide/plugins/com.st.stm32cube.ide.mcu.externaltools.gnu-tools-for-stm32.9-2020-q2-update.win32_1.5.0.202011040924/tools/bin/../lib/gcc/arm-none-eabi/9.3.1/../../../../arm-none-eabi/lib/thumb/v7-m/nofp\libc_nano.a(lib_a-nano-vfprintf_i.o)
                0x000000000800955c                _printf_common
 *fill*         0x000000000800963a        0x2 
 .text._printf_i
                0x000000000800963c      0x24c c:/st/stm32cubeide_1.6.1/stm32cubeide/plugins/com.st.stm32cube.ide.mcu.externaltools.gnu-tools-for-stm32.9-2020-q2-update.win32_1.5.0.202011040924/tools/bin/../lib/gcc/arm-none-eabi/9.3.1/../../../../arm-none-eabi/lib/thumb/v7-m/nofp\libc_nano.a(lib_a-nano-vfprintf_i.o)
                0x000000000800963c                _printf_i
 .text._sbrk_r  0x0000000008009888       0x20 c:/st/stm32cubeide_1.6.1/stm32cubeide/plugins/com.st.stm32cube.ide.mcu.externaltools.gnu-tools-for-stm32.9-2020-q2-update.win32_1.5.0.202011040924/tools/bin/../lib/gcc/arm-none-eabi/9.3.1/../../../../arm-none-eabi/lib/thumb/v7-m/nofp\libc_nano.a(lib_a-sbrkr.o)
                0x0000000008009888                _sbrk_r
 .text.__sread  0x00000000080098a8       0x22 c:/st/stm32cubeide_1.6.1/stm32cubeide/plugins/com.st.stm32cube.ide.mcu.externaltools.gnu-tools-for-stm32.9-2020-q2-update.win32_1.5.0.202011040924/tools/bin/../lib/gcc/arm-none-eabi/9.3.1/../../../../arm-none-eabi/lib/thumb/v7-m/nofp\libc_nano.a(lib_a-stdio.o)
                0x00000000080098a8                __sread
 .text.__swrite
                0x00000000080098ca       0x38 c:/st/stm32cubeide_1.6.1/stm32cubeide/plugins/com.st.stm32cube.ide.mcu.externaltools.gnu-tools-for-stm32.9-2020-q2-update.win32_1.5.0.202011040924/tools/bin/../lib/gcc/arm-none-eabi/9.3.1/../../../../arm-none-eabi/lib/thumb/v7-m/nofp\libc_nano.a(lib_a-stdio.o)
                0x00000000080098ca                __swrite
 .text.__sseek  0x0000000008009902       0x24 c:/st/stm32cubeide_1.6.1/stm32cubeide/plugins/com.st.stm32cube.ide.mcu.externaltools.gnu-tools-for-stm32.9-2020-q2-update.win32_1.5.0.202011040924/tools/bin/../lib/gcc/arm-none-eabi/9.3.1/../../../../arm-none-eabi/lib/thumb/v7-m/nofp\libc_nano.a(lib_a-stdio.o)
                0x0000000008009902                __sseek
 .text.__sclose
                0x0000000008009926        0x8 c:/st/stm32cubeide_1.6.1/stm32cubeide/plugins/com.st.stm32cube.ide.mcu.externaltools.gnu-tools-for-stm32.9-2020-q2-update.win32_1.5.0.202011040924/tools/bin/../lib/gcc/arm-none-eabi/9.3.1/../../../../arm-none-eabi/lib/thumb/v7-m/nofp\libc_nano.a(lib_a-stdio.o)
                0x0000000008009926                __sclose
 *fill*         0x000000000800992e        0x2 
 .text.__swbuf_r
                0x0000000008009930       0xa4 c:/st/stm32cubeide_1.6.1/stm32cubeide/plugins/com.st.stm32cube.ide.mcu.externaltools.gnu-tools-for-stm32.9-2020-q2-update.win32_1.5.0.202011040924/tools/bin/../lib/gcc/arm-none-eabi/9.3.1/../../../../arm-none-eabi/lib/thumb/v7-m/nofp\libc_nano.a(lib_a-wbuf.o)
                0x0000000008009930                __swbuf_r
 .text._write_r
                0x00000000080099d4       0x24 c:/st/stm32cubeide_1.6.1/stm32cubeide/plugins/com.st.stm32cube.ide.mcu.externaltools.gnu-tools-for-stm32.9-2020-q2-update.win32_1.5.0.202011040924/tools/bin/../lib/gcc/arm-none-eabi/9.3.1/../../../../arm-none-eabi/lib/thumb/v7-m/nofp\libc_nano.a(lib_a-writer.o)
                0x00000000080099d4                _write_r
 .text.__swsetup_r
                0x00000000080099f8       0xdc c:/st/stm32cubeide_1.6.1/stm32cubeide/plugins/com.st.stm32cube.ide.mcu.externaltools.gnu-tools-for-stm32.9-2020-q2-update.win32_1.5.0.202011040924/tools/bin/../lib/gcc/arm-none-eabi/9.3.1/../../../../arm-none-eabi/lib/thumb/v7-m/nofp\libc_nano.a(lib_a-wsetup.o)
                0x00000000080099f8                __swsetup_r
 .text._close_r
                0x0000000008009ad4       0x20 c:/st/stm32cubeide_1.6.1/stm32cubeide/plugins/com.st.stm32cube.ide.mcu.externaltools.gnu-tools-for-stm32.9-2020-q2-update.win32_1.5.0.202011040924/tools/bin/../lib/gcc/arm-none-eabi/9.3.1/../../../../arm-none-eabi/lib/thumb/v7-m/nofp\libc_nano.a(lib_a-closer.o)
                0x0000000008009ad4                _close_r
 .text.__sflush_r
                0x0000000008009af4      0x10c c:/st/stm32cubeide_1.6.1/stm32cubeide/plugins/com.st.stm32cube.ide.mcu.externaltools.gnu-tools-for-stm32.9-2020-q2-update.win32_1.5.0.202011040924/tools/bin/../lib/gcc/arm-none-eabi/9.3.1/../../../../arm-none-eabi/lib/thumb/v7-m/nofp\libc_nano.a(lib_a-fflush.o)
                0x0000000008009af4                __sflush_r
 .text._fflush_r
                0x0000000008009c00       0x78 c:/st/stm32cubeide_1.6.1/stm32cubeide/plugins/com.st.stm32cube.ide.mcu.externaltools.gnu-tools-for-stm32.9-2020-q2-update.win32_1.5.0.202011040924/tools/bin/../lib/gcc/arm-none-eabi/9.3.1/../../../../arm-none-eabi/lib/thumb/v7-m/nofp\libc_nano.a(lib_a-fflush.o)
                0x0000000008009c00                _fflush_r
 .text._lseek_r
                0x0000000008009c78       0x24 c:/st/stm32cubeide_1.6.1/stm32cubeide/plugins/com.st.stm32cube.ide.mcu.externaltools.gnu-tools-for-stm32.9-2020-q2-update.win32_1.5.0.202011040924/tools/bin/../lib/gcc/arm-none-eabi/9.3.1/../../../../arm-none-eabi/lib/thumb/v7-m/nofp\libc_nano.a(lib_a-lseekr.o)
                0x0000000008009c78                _lseek_r
 .text.__swhatbuf_r
                0x0000000008009c9c       0x48 c:/st/stm32cubeide_1.6.1/stm32cubeide/plugins/com.st.stm32cube.ide.mcu.externaltools.gnu-tools-for-stm32.9-2020-q2-update.win32_1.5.0.202011040924/tools/bin/../lib/gcc/arm-none-eabi/9.3.1/../../../../arm-none-eabi/lib/thumb/v7-m/nofp\libc_nano.a(lib_a-makebuf.o)
                0x0000000008009c9c                __swhatbuf_r
 .text.__smakebuf_r
                0x0000000008009ce4       0x80 c:/st/stm32cubeide_1.6.1/stm32cubeide/plugins/com.st.stm32cube.ide.mcu.externaltools.gnu-tools-for-stm32.9-2020-q2-update.win32_1.5.0.202011040924/tools/bin/../lib/gcc/arm-none-eabi/9.3.1/../../../../arm-none-eabi/lib/thumb/v7-m/nofp\libc_nano.a(lib_a-makebuf.o)
                0x0000000008009ce4                __smakebuf_r
 .text.memchr   0x0000000008009d64       0x1c c:/st/stm32cubeide_1.6.1/stm32cubeide/plugins/com.st.stm32cube.ide.mcu.externaltools.gnu-tools-for-stm32.9-2020-q2-update.win32_1.5.0.202011040924/tools/bin/../lib/gcc/arm-none-eabi/9.3.1/../../../../arm-none-eabi/lib/thumb/v7-m/nofp\libc_nano.a(lib_a-memchr-stub.o)
                0x0000000008009d64                memchr
 .text.memmove  0x0000000008009d80       0x34 c:/st/stm32cubeide_1.6.1/stm32cubeide/plugins/com.st.stm32cube.ide.mcu.externaltools.gnu-tools-for-stm32.9-2020-q2-update.win32_1.5.0.202011040924/tools/bin/../lib/gcc/arm-none-eabi/9.3.1/../../../../arm-none-eabi/lib/thumb/v7-m/nofp\libc_nano.a(lib_a-memmove.o)
                0x0000000008009d80                memmove
 .text.__malloc_lock
                0x0000000008009db4        0xc c:/st/stm32cubeide_1.6.1/stm32cubeide/plugins/com.st.stm32cube.ide.mcu.externaltools.gnu-tools-for-stm32.9-2020-q2-update.win32_1.5.0.202011040924/tools/bin/../lib/gcc/arm-none-eabi/9.3.1/../../../../arm-none-eabi/lib/thumb/v7-m/nofp\libc_nano.a(lib_a-mlock.o)
                0x0000000008009db4                __malloc_lock
 .text.__malloc_unlock
                0x0000000008009dc0        0xc c:/st/stm32cubeide_1.6.1/stm32cubeide/plugins/com.st.stm32cube.ide.mcu.externaltools.gnu-tools-for-stm32.9-2020-q2-update.win32_1.5.0.202011040924/tools/bin/../lib/gcc/arm-none-eabi/9.3.1/../../../../arm-none-eabi/lib/thumb/v7-m/nofp\libc_nano.a(lib_a-mlock.o)
                0x0000000008009dc0                __malloc_unlock
 .text._free_r  0x0000000008009dcc       0x98 c:/st/stm32cubeide_1.6.1/stm32cubeide/plugins/com.st.stm32cube.ide.mcu.externaltools.gnu-tools-for-stm32.9-2020-q2-update.win32_1.5.0.202011040924/tools/bin/../lib/gcc/arm-none-eabi/9.3.1/../../../../arm-none-eabi/lib/thumb/v7-m/nofp\libc_nano.a(lib_a-nano-freer.o)
                0x0000000008009dcc                _free_r
 .text._realloc_r
                0x0000000008009e64       0x4c c:/st/stm32cubeide_1.6.1/stm32cubeide/plugins/com.st.stm32cube.ide.mcu.externaltools.gnu-tools-for-stm32.9-2020-q2-update.win32_1.5.0.202011040924/tools/bin/../lib/gcc/arm-none-eabi/9.3.1/../../../../arm-none-eabi/lib/thumb/v7-m/nofp\libc_nano.a(lib_a-nano-reallocr.o)
                0x0000000008009e64                _realloc_r
 .text._read_r  0x0000000008009eb0       0x24 c:/st/stm32cubeide_1.6.1/stm32cubeide/plugins/com.st.stm32cube.ide.mcu.externaltools.gnu-tools-for-stm32.9-2020-q2-update.win32_1.5.0.202011040924/tools/bin/../lib/gcc/arm-none-eabi/9.3.1/../../../../arm-none-eabi/lib/thumb/v7-m/nofp\libc_nano.a(lib_a-readr.o)
                0x0000000008009eb0                _read_r
 .text._fstat_r
                0x0000000008009ed4       0x24 c:/st/stm32cubeide_1.6.1/stm32cubeide/plugins/com.st.stm32cube.ide.mcu.externaltools.gnu-tools-for-stm32.9-2020-q2-update.win32_1.5.0.202011040924/tools/bin/../lib/gcc/arm-none-eabi/9.3.1/../../../../arm-none-eabi/lib/thumb/v7-m/nofp\libc_nano.a(lib_a-fstatr.o)
                0x0000000008009ed4                _fstat_r
 .text._isatty_r
                0x0000000008009ef8       0x20 c:/st/stm32cubeide_1.6.1/stm32cubeide/plugins/com.st.stm32cube.ide.mcu.externaltools.gnu-tools-for-stm32.9-2020-q2-update.win32_1.5.0.202011040924/tools/bin/../lib/gcc/arm-none-eabi/9.3.1/../../../../arm-none-eabi/lib/thumb/v7-m/nofp\libc_nano.a(lib_a-isattyr.o)
                0x0000000008009ef8                _isatty_r
 .text._malloc_usable_size_r
                0x0000000008009f18       0x10 c:/st/stm32cubeide_1.6.1/stm32cubeide/plugins/com.st.stm32cube.ide.mcu.externaltools.gnu-tools-for-stm32.9-2020-q2-update.win32_1.5.0.202011040924/tools/bin/../lib/gcc/arm-none-eabi/9.3.1/../../../../arm-none-eabi/lib/thumb/v7-m/nofp\libc_nano.a(lib_a-nano-msizer.o)
                0x0000000008009f18                _malloc_usable_size_r
 *(.glue_7)
 .glue_7        0x0000000008009f28        0x0 linker stubs
 *(.glue_7t)
 .glue_7t       0x0000000008009f28        0x0 linker stubs
 *(.eh_frame)
 .eh_frame      0x0000000008009f28        0x0 c:/st/stm32cubeide_1.6.1/stm32cubeide/plugins/com.st.stm32cube.ide.mcu.externaltools.gnu-tools-for-stm32.9-2020-q2-update.win32_1.5.0.202011040924/tools/bin/../lib/gcc/arm-none-eabi/9.3.1/thumb/v7-m/nofp/crtbegin.o
 *(.init)
 .init          0x0000000008009f28        0x4 c:/st/stm32cubeide_1.6.1/stm32cubeide/plugins/com.st.stm32cube.ide.mcu.externaltools.gnu-tools-for-stm32.9-2020-q2-update.win32_1.5.0.202011040924/tools/bin/../lib/gcc/arm-none-eabi/9.3.1/thumb/v7-m/nofp/crti.o
                0x0000000008009f28                _init
 .init          0x0000000008009f2c        0x8 c:/st/stm32cubeide_1.6.1/stm32cubeide/plugins/com.st.stm32cube.ide.mcu.externaltools.gnu-tools-for-stm32.9-2020-q2-update.win32_1.5.0.202011040924/tools/bin/../lib/gcc/arm-none-eabi/9.3.1/thumb/v7-m/nofp/crtn.o
 *(.fini)
 .fini          0x0000000008009f34        0x4 c:/st/stm32cubeide_1.6.1/stm32cubeide/plugins/com.st.stm32cube.ide.mcu.externaltools.gnu-tools-for-stm32.9-2020-q2-update.win32_1.5.0.202011040924/tools/bin/../lib/gcc/arm-none-eabi/9.3.1/thumb/v7-m/nofp/crti.o
                0x0000000008009f34                _fini
 .fini          0x0000000008009f38        0x8 c:/st/stm32cubeide_1.6.1/stm32cubeide/plugins/com.st.stm32cube.ide.mcu.externaltools.gnu-tools-for-stm32.9-2020-q2-update.win32_1.5.0.202011040924/tools/bin/../lib/gcc/arm-none-eabi/9.3.1/thumb/v7-m/nofp/crtn.o
                0x0000000008009f40                . = ALIGN (0x4)
                0x0000000008009f40                _etext = .

.vfp11_veneer   0x0000000008009f40        0x0
 .vfp11_veneer  0x0000000008009f40        0x0 linker stubs

.v4_bx          0x0000000008009f40        0x0
 .v4_bx         0x0000000008009f40        0x0 linker stubs

.iplt           0x0000000008009f40        0x0
 .iplt          0x0000000008009f40        0x0 c:/st/stm32cubeide_1.6.1/stm32cubeide/plugins/com.st.stm32cube.ide.mcu.externaltools.gnu-tools-for-stm32.9-2020-q2-update.win32_1.5.0.202011040924/tools/bin/../lib/gcc/arm-none-eabi/9.3.1/thumb/v7-m/nofp/crtbegin.o

.rodata         0x0000000008009f40      0x314
                0x0000000008009f40                . = ALIGN (0x4)
 *(.rodata)
 .rodata        0x0000000008009f40       0x7c Core/Src/freertos.o
 .rodata        0x0000000008009fbc        0x8 Core/Src/main.o
 .rodata        0x0000000008009fc4        0x5 Middlewares/Third_Party/FreeRTOS/Source/tasks.o
 *fill*         0x0000000008009fc9        0x3 
 .rodata        0x0000000008009fcc       0x68 app/rf_test.o
 *(.rodata*)
 .rodata.PLLMulTable
                0x000000000800a034        0x9 Core/Src/system_stm32l1xx.o
                0x000000000800a034                PLLMulTable
 *fill*         0x000000000800a03d        0x3 
 .rodata.AHBPrescTable
                0x000000000800a040       0x10 Core/Src/system_stm32l1xx.o
                0x000000000800a040                AHBPrescTable
 .rodata.APBPrescTable
                0x000000000800a050        0x8 Core/Src/system_stm32l1xx.o
                0x000000000800a050                APBPrescTable
 .rodata.RadioRegsInit
                0x000000000800a058       0x30 app/LoRaMac-node/src/radio/sx1276/sx1276.o
                0x000000000800a058                RadioRegsInit
 .rodata.FskBandwidths
                0x000000000800a088       0xb0 app/LoRaMac-node/src/radio/sx1276/sx1276.o
                0x000000000800a088                FskBandwidths
 .rodata.DaysInMonth
                0x000000000800a138        0xc app/rtc-board.o
 .rodata.DaysInMonthLeapYear
                0x000000000800a144        0xc app/rtc-board.o
 .rodata.Radio  0x000000000800a150       0x6c app/sx1276mb1las-board.o
                0x000000000800a150                Radio
 .rodata._global_impure_ptr
                0x000000000800a1bc        0x4 c:/st/stm32cubeide_1.6.1/stm32cubeide/plugins/com.st.stm32cube.ide.mcu.externaltools.gnu-tools-for-stm32.9-2020-q2-update.win32_1.5.0.202011040924/tools/bin/../lib/gcc/arm-none-eabi/9.3.1/../../../../arm-none-eabi/lib/thumb/v7-m/nofp\libc_nano.a(lib_a-impure.o)
                0x000000000800a1bc                _global_impure_ptr
 .rodata.__sf_fake_stderr
                0x000000000800a1c0       0x20 c:/st/stm32cubeide_1.6.1/stm32cubeide/plugins/com.st.stm32cube.ide.mcu.externaltools.gnu-tools-for-stm32.9-2020-q2-update.win32_1.5.0.202011040924/tools/bin/../lib/gcc/arm-none-eabi/9.3.1/../../../../arm-none-eabi/lib/thumb/v7-m/nofp\libc_nano.a(lib_a-findfp.o)
                0x000000000800a1c0                __sf_fake_stderr
 .rodata.__sf_fake_stdin
                0x000000000800a1e0       0x20 c:/st/stm32cubeide_1.6.1/stm32cubeide/plugins/com.st.stm32cube.ide.mcu.externaltools.gnu-tools-for-stm32.9-2020-q2-update.win32_1.5.0.202011040924/tools/bin/../lib/gcc/arm-none-eabi/9.3.1/../../../../arm-none-eabi/lib/thumb/v7-m/nofp\libc_nano.a(lib_a-findfp.o)
                0x000000000800a1e0                __sf_fake_stdin
 .rodata.__sf_fake_stdout
                0x000000000800a200       0x20 c:/st/stm32cubeide_1.6.1/stm32cubeide/plugins/com.st.stm32cube.ide.mcu.externaltools.gnu-tools-for-stm32.9-2020-q2-update.win32_1.5.0.202011040924/tools/bin/../lib/gcc/arm-none-eabi/9.3.1/../../../../arm-none-eabi/lib/thumb/v7-m/nofp\libc_nano.a(lib_a-findfp.o)
                0x000000000800a200                __sf_fake_stdout
 .rodata._svfprintf_r.str1.1
                0x000000000800a220       0x11 c:/st/stm32cubeide_1.6.1/stm32cubeide/plugins/com.st.stm32cube.ide.mcu.externaltools.gnu-tools-for-stm32.9-2020-q2-update.win32_1.5.0.202011040924/tools/bin/../lib/gcc/arm-none-eabi/9.3.1/../../../../arm-none-eabi/lib/thumb/v7-m/nofp\libc_nano.a(lib_a-nano-svfprintf.o)
 .rodata._vfprintf_r.str1.1
                0x000000000800a231       0x11 c:/st/stm32cubeide_1.6.1/stm32cubeide/plugins/com.st.stm32cube.ide.mcu.externaltools.gnu-tools-for-stm32.9-2020-q2-update.win32_1.5.0.202011040924/tools/bin/../lib/gcc/arm-none-eabi/9.3.1/../../../../arm-none-eabi/lib/thumb/v7-m/nofp\libc_nano.a(lib_a-nano-vfprintf.o)
 .rodata._printf_i.str1.1
                0x000000000800a231       0x22 c:/st/stm32cubeide_1.6.1/stm32cubeide/plugins/com.st.stm32cube.ide.mcu.externaltools.gnu-tools-for-stm32.9-2020-q2-update.win32_1.5.0.202011040924/tools/bin/../lib/gcc/arm-none-eabi/9.3.1/../../../../arm-none-eabi/lib/thumb/v7-m/nofp\libc_nano.a(lib_a-nano-vfprintf_i.o)
                0x000000000800a254                . = ALIGN (0x4)
 *fill*         0x000000000800a253        0x1 

.ARM.extab      0x000000000800a254        0x0
                0x000000000800a254                . = ALIGN (0x4)
 *(.ARM.extab* .gnu.linkonce.armextab.*)
                0x000000000800a254                . = ALIGN (0x4)

.ARM            0x000000000800a254        0x8
                0x000000000800a254                . = ALIGN (0x4)
                0x000000000800a254                __exidx_start = .
 *(.ARM.exidx*)
 .ARM.exidx     0x000000000800a254        0x8 c:/st/stm32cubeide_1.6.1/stm32cubeide/plugins/com.st.stm32cube.ide.mcu.externaltools.gnu-tools-for-stm32.9-2020-q2-update.win32_1.5.0.202011040924/tools/bin/../lib/gcc/arm-none-eabi/9.3.1/thumb/v7-m/nofp\libgcc.a(_udivmoddi4.o)
                0x000000000800a25c                __exidx_end = .
                0x000000000800a25c                . = ALIGN (0x4)

.rel.dyn        0x000000000800a25c        0x0
 .rel.iplt      0x000000000800a25c        0x0 c:/st/stm32cubeide_1.6.1/stm32cubeide/plugins/com.st.stm32cube.ide.mcu.externaltools.gnu-tools-for-stm32.9-2020-q2-update.win32_1.5.0.202011040924/tools/bin/../lib/gcc/arm-none-eabi/9.3.1/thumb/v7-m/nofp/crtbegin.o

.preinit_array  0x000000000800a25c        0x0
                0x000000000800a25c                . = ALIGN (0x4)
                0x000000000800a25c                PROVIDE (__preinit_array_start = .)
 *(.preinit_array*)
                0x000000000800a25c                PROVIDE (__preinit_array_end = .)
                0x000000000800a25c                . = ALIGN (0x4)

.init_array     0x000000000800a25c        0x4
                0x000000000800a25c                . = ALIGN (0x4)
                0x000000000800a25c                PROVIDE (__init_array_start = .)
 *(SORT_BY_NAME(.init_array.*))
 *(.init_array*)
 .init_array    0x000000000800a25c        0x4 c:/st/stm32cubeide_1.6.1/stm32cubeide/plugins/com.st.stm32cube.ide.mcu.externaltools.gnu-tools-for-stm32.9-2020-q2-update.win32_1.5.0.202011040924/tools/bin/../lib/gcc/arm-none-eabi/9.3.1/thumb/v7-m/nofp/crtbegin.o
                0x000000000800a260                PROVIDE (__init_array_end = .)
                0x000000000800a260                . = ALIGN (0x4)

.fini_array     0x000000000800a260        0x4
                0x000000000800a260                . = ALIGN (0x4)
                [!provide]                        PROVIDE (__fini_array_start = .)
 *(SORT_BY_NAME(.fini_array.*))
 *(.fini_array*)
 .fini_array    0x000000000800a260        0x4 c:/st/stm32cubeide_1.6.1/stm32cubeide/plugins/com.st.stm32cube.ide.mcu.externaltools.gnu-tools-for-stm32.9-2020-q2-update.win32_1.5.0.202011040924/tools/bin/../lib/gcc/arm-none-eabi/9.3.1/thumb/v7-m/nofp/crtbegin.o
                [!provide]                        PROVIDE (__fini_array_end = .)
                0x000000000800a264                . = ALIGN (0x4)
                0x000000000800a264                _sidata = LOADADDR (.data)

.data           0x0000000020000000       0xac load address 0x000000000800a264
                0x0000000020000000                . = ALIGN (0x4)
                0x0000000020000000                _sdata = .
 *(.data)
 *(.data*)
 .data.SystemCoreClock
                0x0000000020000000        0x4 Core/Src/system_stm32l1xx.o
                0x0000000020000000                SystemCoreClock
 .data.uwTickPrio
                0x0000000020000004        0x4 Drivers/STM32L1xx_HAL_Driver/Src/stm32l1xx_hal.o
                0x0000000020000004                uwTickPrio
 .data.uwTickFreq
                0x0000000020000008        0x4 Drivers/STM32L1xx_HAL_Driver/Src/stm32l1xx_hal.o
                0x0000000020000008                uwTickFreq
 .data.uxCriticalNesting
                0x000000002000000c        0x4 Middlewares/Third_Party/FreeRTOS/Source/portable/GCC/ARM_CM3/port.o
 .data.DioIrq   0x0000000020000010       0x18 app/LoRaMac-node/src/radio/sx1276/sx1276.o
                0x0000000020000010                DioIrq
 .data.BarkerSeq
                0x0000000020000028       0x1c app/rf_test.o
                0x0000000020000028                BarkerSeq
 .data.BufferSize
                0x0000000020000044        0x2 app/rf_test.o
                0x0000000020000044                BufferSize
 *fill*         0x0000000020000046        0x2 
 .data._impure_ptr
                0x0000000020000048        0x4 c:/st/stm32cubeide_1.6.1/stm32cubeide/plugins/com.st.stm32cube.ide.mcu.externaltools.gnu-tools-for-stm32.9-2020-q2-update.win32_1.5.0.202011040924/tools/bin/../lib/gcc/arm-none-eabi/9.3.1/../../../../arm-none-eabi/lib/thumb/v7-m/nofp\libc_nano.a(lib_a-impure.o)
                0x0000000020000048                _impure_ptr
 .data.impure_data
                0x000000002000004c       0x60 c:/st/stm32cubeide_1.6.1/stm32cubeide/plugins/com.st.stm32cube.ide.mcu.externaltools.gnu-tools-for-stm32.9-2020-q2-update.win32_1.5.0.202011040924/tools/bin/../lib/gcc/arm-none-eabi/9.3.1/../../../../arm-none-eabi/lib/thumb/v7-m/nofp\libc_nano.a(lib_a-impure.o)
 *(.RamFunc)
 *(.RamFunc*)
                0x00000000200000ac                . = ALIGN (0x4)
                0x00000000200000ac                _edata = .

.igot.plt       0x00000000200000ac        0x0 load address 0x000000000800a310
 .igot.plt      0x00000000200000ac        0x0 c:/st/stm32cubeide_1.6.1/stm32cubeide/plugins/com.st.stm32cube.ide.mcu.externaltools.gnu-tools-for-stm32.9-2020-q2-update.win32_1.5.0.202011040924/tools/bin/../lib/gcc/arm-none-eabi/9.3.1/thumb/v7-m/nofp/crtbegin.o
                0x00000000200000ac                . = ALIGN (0x4)

.bss            0x00000000200000ac     0x1478 load address 0x000000000800a310
                0x00000000200000ac                _sbss = .
                0x00000000200000ac                __bss_start__ = _sbss
 *(.bss)
 .bss           0x00000000200000ac       0x1c c:/st/stm32cubeide_1.6.1/stm32cubeide/plugins/com.st.stm32cube.ide.mcu.externaltools.gnu-tools-for-stm32.9-2020-q2-update.win32_1.5.0.202011040924/tools/bin/../lib/gcc/arm-none-eabi/9.3.1/thumb/v7-m/nofp/crtbegin.o
 *(.bss*)
 .bss.xIdleTaskTCBBuffer
                0x00000000200000c8       0x54 Core/Src/freertos.o
 .bss.xIdleStack
                0x000000002000011c      0x200 Core/Src/freertos.o
 .bss.__sbrk_heap_end
                0x000000002000031c        0x4 Core/Src/sysmem.o
 .bss.pxCurrentTCB
                0x0000000020000320        0x4 Middlewares/Third_Party/FreeRTOS/Source/tasks.o
                0x0000000020000320                pxCurrentTCB
 .bss.pxReadyTasksLists
                0x0000000020000324       0x8c Middlewares/Third_Party/FreeRTOS/Source/tasks.o
 .bss.xDelayedTaskList1
                0x00000000200003b0       0x14 Middlewares/Third_Party/FreeRTOS/Source/tasks.o
 .bss.xDelayedTaskList2
                0x00000000200003c4       0x14 Middlewares/Third_Party/FreeRTOS/Source/tasks.o
 .bss.pxDelayedTaskList
                0x00000000200003d8        0x4 Middlewares/Third_Party/FreeRTOS/Source/tasks.o
 .bss.pxOverflowDelayedTaskList
                0x00000000200003dc        0x4 Middlewares/Third_Party/FreeRTOS/Source/tasks.o
 .bss.xPendingReadyList
                0x00000000200003e0       0x14 Middlewares/Third_Party/FreeRTOS/Source/tasks.o
 .bss.xTasksWaitingTermination
                0x00000000200003f4       0x14 Middlewares/Third_Party/FreeRTOS/Source/tasks.o
 .bss.uxDeletedTasksWaitingCleanUp
                0x0000000020000408        0x4 Middlewares/Third_Party/FreeRTOS/Source/tasks.o
 .bss.xSuspendedTaskList
                0x000000002000040c       0x14 Middlewares/Third_Party/FreeRTOS/Source/tasks.o
 .bss.uxCurrentNumberOfTasks
                0x0000000020000420        0x4 Middlewares/Third_Party/FreeRTOS/Source/tasks.o
 .bss.xTickCount
                0x0000000020000424        0x4 Middlewares/Third_Party/FreeRTOS/Source/tasks.o
 .bss.uxTopReadyPriority
                0x0000000020000428        0x4 Middlewares/Third_Party/FreeRTOS/Source/tasks.o
 .bss.xSchedulerRunning
                0x000000002000042c        0x4 Middlewares/Third_Party/FreeRTOS/Source/tasks.o
 .bss.uxPendedTicks
                0x0000000020000430        0x4 Middlewares/Third_Party/FreeRTOS/Source/tasks.o
 .bss.xYieldPending
                0x0000000020000434        0x4 Middlewares/Third_Party/FreeRTOS/Source/tasks.o
 .bss.xNumOfOverflows
                0x0000000020000438        0x4 Middlewares/Third_Party/FreeRTOS/Source/tasks.o
 .bss.uxTaskNumber
                0x000000002000043c        0x4 Middlewares/Third_Party/FreeRTOS/Source/tasks.o
 .bss.xNextTaskUnblockTime
                0x0000000020000440        0x4 Middlewares/Third_Party/FreeRTOS/Source/tasks.o
 .bss.xIdleTaskHandle
                0x0000000020000444        0x4 Middlewares/Third_Party/FreeRTOS/Source/tasks.o
 .bss.uxSchedulerSuspended
                0x0000000020000448        0x4 Middlewares/Third_Party/FreeRTOS/Source/tasks.o
 .bss.ucMaxSysCallPriority
                0x000000002000044c        0x1 Middlewares/Third_Party/FreeRTOS/Source/portable/GCC/ARM_CM3/port.o
 *fill*         0x000000002000044d        0x3 
 .bss.ulMaxPRIGROUPValue
                0x0000000020000450        0x4 Middlewares/Third_Party/FreeRTOS/Source/portable/GCC/ARM_CM3/port.o
 .bss.ucHeap    0x0000000020000454      0xc00 Middlewares/Third_Party/FreeRTOS/Source/portable/MemMang/heap_4.o
 .bss.xStart    0x0000000020001054        0x8 Middlewares/Third_Party/FreeRTOS/Source/portable/MemMang/heap_4.o
 .bss.pxEnd     0x000000002000105c        0x4 Middlewares/Third_Party/FreeRTOS/Source/portable/MemMang/heap_4.o
 .bss.xFreeBytesRemaining
                0x0000000020001060        0x4 Middlewares/Third_Party/FreeRTOS/Source/portable/MemMang/heap_4.o
 .bss.xMinimumEverFreeBytesRemaining
                0x0000000020001064        0x4 Middlewares/Third_Party/FreeRTOS/Source/portable/MemMang/heap_4.o
 .bss.xBlockAllocatedBit
                0x0000000020001068        0x4 Middlewares/Third_Party/FreeRTOS/Source/portable/MemMang/heap_4.o
 .bss.RadioEvents
                0x000000002000106c        0x4 app/LoRaMac-node/src/radio/sx1276/sx1276.o
 .bss.RxTxBuffer
                0x0000000020001070      0x100 app/LoRaMac-node/src/radio/sx1276/sx1276.o
 .bss.McuInitialized
                0x0000000020001170        0x1 app/board.o
 *fill*         0x0000000020001171        0x3 
 .bss.str_to_send
                0x0000000020001174       0x80 app/rf_test.o
 .bss.prevSend  0x00000000200011f4        0x4 app/rf_test.o
 .bss.prevTick  0x00000000200011f8        0x4 app/rf_test.o
 .bss.Error     0x00000000200011fc        0x4 app/rf_test.o
 .bss.count     0x0000000020001200        0x2 app/rf_test.o
 *fill*         0x0000000020001202        0x2 
 .bss.data_UART
                0x0000000020001204        0x4 app/rf_test.o
                0x0000000020001204                data_UART
 .bss.State     0x0000000020001208        0x1 app/rf_test.o
                0x0000000020001208                State
 .bss.RssiValue
                0x0000000020001209        0x1 app/rf_test.o
 .bss.SnrValue  0x000000002000120a        0x1 app/rf_test.o
                0x000000002000120a                SnrValue
 *fill*         0x000000002000120b        0x1 
 .bss.RadioEvents
                0x000000002000120c       0x24 app/rf_test.o
 .bss.RtcInitialized
                0x0000000020001230        0x1 app/rtc-board.o
 *fill*         0x0000000020001231        0x3 
 .bss.RtcHandle
                0x0000000020001234       0x20 app/rtc-board.o
                0x0000000020001234                RtcHandle
 .bss.RtcTimerContext
                0x0000000020001254       0x1c app/rtc-board.o
 .bss.RadioIsActive
                0x0000000020001270        0x1 app/sx1276mb1las-board.o
 *fill*         0x0000000020001271        0x3 
 .bss.TimerListHead
                0x0000000020001274        0x4 app/timer.o
 .bss.__malloc_free_list
                0x0000000020001278        0x4 c:/st/stm32cubeide_1.6.1/stm32cubeide/plugins/com.st.stm32cube.ide.mcu.externaltools.gnu-tools-for-stm32.9-2020-q2-update.win32_1.5.0.202011040924/tools/bin/../lib/gcc/arm-none-eabi/9.3.1/../../../../arm-none-eabi/lib/thumb/v7-m/nofp\libc_nano.a(lib_a-nano-mallocr.o)
                0x0000000020001278                __malloc_free_list
 .bss.__malloc_sbrk_start
                0x000000002000127c        0x4 c:/st/stm32cubeide_1.6.1/stm32cubeide/plugins/com.st.stm32cube.ide.mcu.externaltools.gnu-tools-for-stm32.9-2020-q2-update.win32_1.5.0.202011040924/tools/bin/../lib/gcc/arm-none-eabi/9.3.1/../../../../arm-none-eabi/lib/thumb/v7-m/nofp\libc_nano.a(lib_a-nano-mallocr.o)
                0x000000002000127c                __malloc_sbrk_start
 *(COMMON)
 COMMON         0x0000000020001280       0x10 Core/Src/freertos.o
                0x0000000020001280                defaultTaskHandle
                0x0000000020001284                vRadioChDataHandle
                0x0000000020001288                vUartDataHandle
                0x000000002000128c                xQueueUartData
 COMMON         0x0000000020001290       0x20 Core/Src/rtc.o
                0x0000000020001290                hrtc
 COMMON         0x00000000200012b0       0x58 Core/Src/spi.o
                0x00000000200012b0                hspi1
 COMMON         0x0000000020001308       0x40 Core/Src/stm32l1xx_hal_timebase_tim.o
                0x0000000020001308                htim2
 COMMON         0x0000000020001348       0x40 Core/Src/usart.o
                0x0000000020001348                huart2
 COMMON         0x0000000020001388        0x4 Drivers/STM32L1xx_HAL_Driver/Src/stm32l1xx_hal.o
                0x0000000020001388                uwTick
 COMMON         0x000000002000138c       0xf0 app/LoRaMac-node/src/radio/sx1276/sx1276.o
                0x000000002000138c                TxTimeoutTimer
                0x00000000200013a4                RxTimeoutSyncWord
                0x00000000200013bc                SX1276
                0x0000000020001464                RxTimeoutTimer
 COMMON         0x000000002000147c       0x58 app/rf_test.o
                0x000000002000147c                berParamCopy
                0x0000000020001480                Buffer
                0x00000000200014c0                perParamCopy
                0x00000000200014c8                iparamCopy
 COMMON         0x00000000200014d4       0x28 app/rtc-board.o
                0x00000000200014d4                RtcAlarm
 COMMON         0x00000000200014fc       0x18 app/sx1276mb1las-board.o