Archive member included to satisfy reference by file (symbol)

c:/st/stm32cubeide_1.6.1/stm32cubeide/plugins/com.st.stm32cube.ide.mcu.externaltools.gnu-tools-for-stm32.9-2020-q2-update.win32_1.5.0.202011040924/tools/bin/../lib/gcc/arm-none-eabi/9.3.1/../../../../arm-none-eabi/lib/thumb/v7-m/nofp\libc_nano.a(lib_a-errno.o)
                              Core/Src/syscalls.o (__errno)
c:/st/stm32cubeide_1.6.1/stm32cubeide/plugins/com.st.stm32cube.ide.mcu.externaltools.gnu-tools-for-stm32.9-2020-q2-update.win32_1.5.0.202011040924/tools/bin/../lib/gcc/arm-none-eabi/9.3.1/../../../../arm-none-eabi/lib/thumb/v7-m/nofp\libc_nano.a(lib_a-exit.o)
                              c:/st/stm32cubeide_1.6.1/stm32cubeide/plugins/com.st.stm32cube.ide.mcu.externaltools.gnu-tools-for-stm32.9-2020-q2-update.win32_1.5.0.202011040924/tools/bin/../lib/gcc/arm-none-eabi/9.3.1/../../../../arm-none-eabi/lib/thumb/v7-m/nofp/crt0.o (exit)
c:/st/stm32cubeide_1.6.1/stm32cubeide/plugins/com.st.stm32cube.ide.mcu.externaltools.gnu-tools-for-stm32.9-2020-q2-update.win32_1.5.0.202011040924/tools/bin/../lib/gcc/arm-none-eabi/9.3.1/../../../../arm-none-eabi/lib/thumb/v7-m/nofp\libc_nano.a(lib_a-impure.o)
                              c:/st/stm32cubeide_1.6.1/stm32cubeide/plugins/com.st.stm32cube.ide.mcu.externaltools.gnu-tools-for-stm32.9-2020-q2-update.win32_1.5.0.202011040924/tools/bin/../lib/gcc/arm-none-eabi/9.3.1/../../../../arm-none-eabi/lib/thumb/v7-m/nofp\libc_nano.a(lib_a-exit.o) (_global_impure_ptr)
c:/st/stm32cubeide_1.6.1/stm32cubeide/plugins/com.st.stm32cube.ide.mcu.externaltools.gnu-tools-for-stm32.9-2020-q2-update.win32_1.5.0.202011040924/tools/bin/../lib/gcc/arm-none-eabi/9.3.1/../../../../arm-none-eabi/lib/thumb/v7-m/nofp\libc_nano.a(lib_a-init.o)
                              c:/st/stm32cubeide_1.6.1/stm32cubeide/plugins/com.st.stm32cube.ide.mcu.externaltools.gnu-tools-for-stm32.9-2020-q2-update.win32_1.5.0.202011040924/tools/bin/../lib/gcc/arm-none-eabi/9.3.1/../../../../arm-none-eabi/lib/thumb/v7-m/nofp/crt0.o (__libc_init_array)
c:/st/stm32cubeide_1.6.1/stm32cubeide/plugins/com.st.stm32cube.ide.mcu.externaltools.gnu-tools-for-stm32.9-2020-q2-update.win32_1.5.0.202011040924/tools/bin/../lib/gcc/arm-none-eabi/9.3.1/../../../../arm-none-eabi/lib/thumb/v7-m/nofp\libc_nano.a(lib_a-memcpy-stub.o)
                              Middlewares/Third_Party/FreeRTOS/Source/queue.o (memcpy)
c:/st/stm32cubeide_1.6.1/stm32cubeide/plugins/com.st.stm32cube.ide.mcu.externaltools.gnu-tools-for-stm32.9-2020-q2-update.win32_1.5.0.202011040924/tools/bin/../lib/gcc/arm-none-eabi/9.3.1/../../../../arm-none-eabi/lib/thumb/v7-m/nofp\libc_nano.a(lib_a-memset.o)
                              c:/st/stm32cubeide_1.6.1/stm32cubeide/plugins/com.st.stm32cube.ide.mcu.externaltools.gnu-tools-for-stm32.9-2020-q2-update.win32_1.5.0.202011040924/tools/bin/../lib/gcc/arm-none-eabi/9.3.1/../../../../arm-none-eabi/lib/thumb/v7-m/nofp/crt0.o (memset)
c:/st/stm32cubeide_1.6.1/stm32cubeide/plugins/com.st.stm32cube.ide.mcu.externaltools.gnu-tools-for-stm32.9-2020-q2-update.win32_1.5.0.202011040924/tools/bin/../lib/gcc/arm-none-eabi/9.3.1/../../../../arm-none-eabi/lib/thumb/v7-m/nofp\libc_nano.a(lib_a-printf.o)
                              app/rf_test.o (printf)
c:/st/stm32cubeide_1.6.1/stm32cubeide/plugins/com.st.stm32cube.ide.mcu.externaltools.gnu-tools-for-stm32.9-2020-q2-update.win32_1.5.0.202011040924/tools/bin/../lib/gcc/arm-none-eabi/9.3.1/../../../../arm-none-eabi/lib/thumb/v7-m/nofp\libc_nano.a(lib_a-sprintf.o)
                              app/rf_test.o (sprintf)
c:/st/stm32cubeide_1.6.1/stm32cubeide/plugins/com.st.stm32cube.ide.mcu.externaltools.gnu-tools-for-stm32.9-2020-q2-update.win32_1.5.0.202011040924/tools/bin/../lib/gcc/arm-none-eabi/9.3.1/../../../../arm-none-eabi/lib/thumb/v7-m/nofp\libc_nano.a(lib_a-strlen.o)
                              app/rf_test.o (strlen)
c:/st/stm32cubeide_1.6.1/stm32cubeide/plugins/com.st.stm32cube.ide.mcu.externaltools.gnu-tools-for-stm32.9-2020-q2-update.win32_1.5.0.202011040924/tools/bin/../lib/gcc/arm-none-eabi/9.3.1/../../../../arm-none-eabi/lib/thumb/v7-m/nofp\libc_nano.a(lib_a-strncmp.o)
                              app/rf_test.o (strncmp)
c:/st/stm32cubeide_1.6.1/stm32cubeide/plugins/com.st.stm32cube.ide.mcu.externaltools.gnu-tools-for-stm32.9-2020-q2-update.win32_1.5.0.202011040924/tools/bin/../lib/gcc/arm-none-eabi/9.3.1/../../../../arm-none-eabi/lib/thumb/v7-m/nofp\libc_nano.a(lib_a-findfp.o)
                              c:/st/stm32cubeide_1.6.1/stm32cubeide/plugins/com.st.stm32cube.ide.mcu.externaltools.gnu-tools-for-stm32.9-2020-q2-update.win32_1.5.0.202011040924/tools/bin/../lib/gcc/arm-none-eabi/9.3.1/../../../../arm-none-eabi/lib/thumb/v7-m/nofp\libc_nano.a(lib_a-printf.o) (__sinit)
[...]
Memory Configuration

Name             Origin             Length             Attributes
RAM              0x0000000020000000 0x0000000000014000 xrw
FLASH            0x0000000008000000 0x0000000000080000 xr
*default*        0x0000000000000000 0xffffffffffffffff

Linker script and memory map

LOAD c:/st/stm32cubeide_1.6.1/stm32cubeide/plugins/com.st.stm32cube.ide.mcu.externaltools.gnu-tools-for-stm32.9-2020-q2-update.win32_1.5.0.202011040924/tools/bin/../lib/gcc/arm-none-eabi/9.3.1/thumb/v7-m/nofp/crti.o
LOAD c:/st/stm32cubeide_1.6.1/stm32cubeide/plugins/com.st.stm32cube.ide.mcu.externaltools.gnu-tools-for-stm32.9-2020-q2-update.win32_1.5.0.202011040924/tools/bin/../lib/gcc/arm-none-eabi/9.3.1/thumb/v7-m/nofp/crtbegin.o
LOAD c:/st/stm32cubeide_1.6.1/stm32cubeide/plugins/com.st.stm32cube.ide.mcu.externaltools.gnu-tools-for-stm32.9-2020-q2-update.win32_1.5.0.202011040924/tools/bin/../lib/gcc/arm-none-eabi/9.3.1/../../../../arm-none-eabi/lib/thumb/v7-m/nofp/crt0.o
LOAD Core/Src/freertos.o
LOAD Core/Src/gpio.o
LOAD Core/Src/main.o
LOAD Core/Src/rtc.o
LOAD Core/Src/spi.o
LOAD Core/Src/stm32l1xx_hal_msp.o
LOAD Core/Src/stm32l1xx_hal_timebase_tim.o
LOAD Core/Src/stm32l1xx_it.o
LOAD Core/Src/syscalls.o
LOAD Core/Src/sysmem.o
LOAD Core/Src/system_stm32l1xx.o
LOAD Core/Src/usart.o
LOAD Core/Startup/startup_stm32l152retx.o
LOAD Drivers/STM32L1xx_HAL_Driver/Src/stm32l1xx_hal.o
LOAD Drivers/STM32L1xx_HAL_Driver/Src/stm32l1xx_hal_cortex.o
LOAD Drivers/STM32L1xx_HAL_Driver/Src/stm32l1xx_hal_dma.o
LOAD Drivers/STM32L1xx_HAL_Driver/Src/stm32l1xx_hal_exti.o
LOAD Drivers/STM32L1xx_HAL_Driver/Src/stm32l1xx_hal_flash.o
LOAD Drivers/STM32L1xx_HAL_Driver/Src/stm32l1xx_hal_flash_ex.o
LOAD Drivers/STM32L1xx_HAL_Driver/Src/stm32l1xx_hal_flash_ramfunc.o
LOAD Drivers/STM32L1xx_HAL_Driver/Src/stm32l1xx_hal_gpio.o
LOAD Drivers/STM32L1xx_HAL_Driver/Src/stm32l1xx_hal_pwr.o
LOAD Drivers/STM32L1xx_HAL_Driver/Src/stm32l1xx_hal_pwr_ex.o
LOAD Drivers/STM32L1xx_HAL_Driver/Src/stm32l1xx_hal_rcc.o
LOAD Drivers/STM32L1xx_HAL_Driver/Src/stm32l1xx_hal_rcc_ex.o
LOAD Drivers/STM32L1xx_HAL_Driver/Src/stm32l1xx_hal_rtc.o
LOAD Drivers/STM32L1xx_HAL_Driver/Src/stm32l1xx_hal_rtc_ex.o
LOAD Drivers/STM32L1xx_HAL_Driver/Src/stm32l1xx_hal_spi.o
LOAD Drivers/STM32L1xx_HAL_Driver/Src/stm32l1xx_hal_tim.o
LOAD Drivers/STM32L1xx_HAL_Driver/Src/stm32l1xx_hal_tim_ex.o
LOAD Drivers/STM32L1xx_HAL_Driver/Src/stm32l1xx_hal_uart.o
LOAD Middlewares/Third_Party/FreeRTOS/Source/CMSIS_RTOS/cmsis_os.o
LOAD Middlewares/Third_Party/FreeRTOS/Source/croutine.o
LOAD Middlewares/Third_Party/FreeRTOS/Source/event_groups.o
LOAD Middlewares/Third_Party/FreeRTOS/Source/list.o
LOAD Middlewares/Third_Party/FreeRTOS/Source/queue.o
LOAD Middlewares/Third_Party/FreeRTOS/Source/stream_buffer.o
LOAD Middlewares/Third_Party/FreeRTOS/Source/tasks.o
LOAD Middlewares/Third_Party/FreeRTOS/Source/timers.o
LOAD Middlewares/Third_Party/FreeRTOS/Source/portable/GCC/ARM_CM3/port.o
LOAD Middlewares/Third_Party/FreeRTOS/Source/portable/MemMang/heap_4.o
LOAD app/LoRaMac-node/src/radio/sx1276/sx1276.o
LOAD app/board.o
LOAD app/continuous_wave.o
LOAD app/delay.o
LOAD app/lpm-board.o
LOAD app/rf_test.o
LOAD app/rtc-board.o
LOAD app/sx1276mb1las-board.o
LOAD app/systime.o
LOAD app/timer.o
LOAD app/utilities.o
START GROUP
LOAD c:/st/stm32cubeide_1.6.1/stm32cubeide/plugins/com.st.stm32cube.ide.mcu.externaltools.gnu-tools-for-stm32.9-2020-q2-update.win32_1.5.0.202011040924/tools/bin/../lib/gcc/arm-none-eabi/9.3.1/../../../../arm-none-eabi/lib/thumb/v7-m/nofp\libc_nano.a
LOAD c:/st/stm32cubeide_1.6.1/stm32cubeide/plugins/com.st.stm32cube.ide.mcu.externaltools.gnu-tools-for-stm32.9-2020-q2-update.win32_1.5.0.202011040924/tools/bin/../lib/gcc/arm-none-eabi/9.3.1/../../../../arm-none-eabi/lib/thumb/v7-m/nofp\libm.a
END GROUP
START GROUP
LOAD c:/st/stm32cubeide_1.6.1/stm32cubeide/plugins/com.st.stm32cube.ide.mcu.externaltools.gnu-tools-for-stm32.9-2020-q2-update.win32_1.5.0.202011040924/tools/bin/../lib/gcc/arm-none-eabi/9.3.1/thumb/v7-m/nofp\libgcc.a
LOAD c:/st/stm32cubeide_1.6.1/stm32cubeide/plugins/com.st.stm32cube.ide.mcu.externaltools.gnu-tools-for-stm32.9-2020-q2-update.win32_1.5.0.202011040924/tools/bin/../lib/gcc/arm-none-eabi/9.3.1/../../../../arm-none-eabi/lib/thumb/v7-m/nofp\libc_nano.a
END GROUP
START GROUP
LOAD c:/st/stm32cubeide_1.6.1/stm32cubeide/plugins/com.st.stm32cube.ide.mcu.externaltools.gnu-tools-for-stm32.9-2020-q2-update.win32_1.5.0.202011040924/tools/bin/../lib/gcc/arm-none-eabi/9.3.1/thumb/v7-m/nofp\libgcc.a
LOAD c:/st/stm32cubeide_1.6.1/stm32cubeide/plugins/com.st.stm32cube.ide.mcu.externaltools.gnu-tools-for-stm32.9-2020-q2-update.win32_1.5.0.202011040924/tools/bin/../lib/gcc/arm-none-eabi/9.3.1/../../../../arm-none-eabi/lib/thumb/v7-m/nofp\libc_nano.a
LOAD c:/st/stm32cubeide_1.6.1/stm32cubeide/plugins/com.st.stm32cube.ide.mcu.externaltools.gnu-tools-for-stm32.9-2020-q2-update.win32_1.5.0.202011040924/tools/bin/../lib/gcc/arm-none-eabi/9.3.1/../../../../arm-none-eabi/lib/thumb/v7-m/nofp\libnosys.a
END GROUP
START GROUP
LOAD c:/st/stm32cubeide_1.6.1/stm32cubeide/plugins/com.st.stm32cube.ide.mcu.externaltools.gnu-tools-for-stm32.9-2020-q2-update.win32_1.5.0.202011040924/tools/bin/../lib/gcc/arm-none-eabi/9.3.1/thumb/v7-m/nofp\libgcc.a
LOAD c:/st/stm32cubeide_1.6.1/stm32cubeide/plugins/com.st.stm32cube.ide.mcu.externaltools.gnu-tools-for-stm32.9-2020-q2-update.win32_1.5.0.202011040924/tools/bin/../lib/gcc/arm-none-eabi/9.3.1/../../../../arm-none-eabi/lib/thumb/v7-m/nofp\libc_nano.a
LOAD c:/st/stm32cubeide_1.6.1/stm32cubeide/plugins/com.st.stm32cube.ide.mcu.externaltools.gnu-tools-for-stm32.9-2020-q2-update.win32_1.5.0.202011040924/tools/bin/../lib/gcc/arm-none-eabi/9.3.1/../../../../arm-none-eabi/lib/thumb/v7-m/nofp\libnosys.a
END GROUP
LOAD c:/st/stm32cubeide_1.6.1/stm32cubeide/plugins/com.st.stm32cube.ide.mcu.externaltools.gnu-tools-for-stm32.9-2020-q2-update.win32_1.5.0.202011040924/tools/bin/../lib/gcc/arm-none-eabi/9.3.1/thumb/v7-m/nofp/crtend.o
LOAD c:/st/stm32cubeide_1.6.1/stm32cubeide/plugins/com.st.stm32cube.ide.mcu.externaltools.gnu-tools-for-stm32.9-2020-q2-update.win32_1.5.0.202011040924/tools/bin/../lib/gcc/arm-none-eabi/9.3.1/thumb/v7-m/nofp/crtn.o
                0x0000000020014000                _estack = (ORIGIN (RAM) + LENGTH (RAM))
                0x0000000000000200                _Min_Heap_Size = 0x200
                0x0000000000000400                _Min_Stack_Size = 0x400

.isr_vector     0x0000000008000000      0x13c
                0x0000000008000000                . = ALIGN (0x4)
 *(.isr_vector)
 .isr_vector    0x0000000008000000      0x13c Core/Startup/startup_stm32l152retx.o
                0x0000000008000000                g_pfnVectors
                0x000000000800013c                . = ALIGN (0x4)

.text           0x0000000008000140     0x9b6c
                0x0000000008000140                . = ALIGN (0x4)
 *(.text)
 .text          0x0000000008000140       0x40 c:/st/stm32cubeide_1.6.1/stm32cubeide/plugins/com.st.stm32cube.ide.mcu.externaltools.gnu-tools-for-stm32.9-2020-q2-update.win32_1.5.0.202011040924/tools/bin/../lib/gcc/arm-none-eabi/9.3.1/thumb/v7-m/nofp/crtbegin.o
 .text          0x0000000008000180       0x10 c:/st/stm32cubeide_1.6.1/stm32cubeide/plugins/com.st.stm32cube.ide.mcu.externaltools.gnu-tools-for-stm32.9-2020-q2-update.win32_1.5.0.202011040924/tools/bin/../lib/gcc/arm-none-eabi/9.3.1/../../../../arm-none-eabi/lib/thumb/v7-m/nofp\libc_nano.a(lib_a-strlen.o)
                0x0000000008000180                strlen
 .text          0x0000000008000190       0x30 c:/st/stm32cubeide_1.6.1/stm32cubeide/plugins/com.st.stm32cube.ide.mcu.externaltools.gnu-tools-for-stm32.9-2020-q2-update.win32_1.5.0.202011040924/tools/bin/../lib/gcc/arm-none-eabi/9.3.1/thumb/v7-m/nofp\libgcc.a(_aeabi_uldivmod.o)
                0x0000000008000190                __aeabi_uldivmod
 .text          0x00000000080001c0      0x2c4 c:/st/stm32cubeide_1.6.1/stm32cubeide/plugins/com.st.stm32cube.ide.mcu.externaltools.gnu-tools-for-stm32.9-2020-q2-update.win32_1.5.0.202011040924/tools/bin/../lib/gcc/arm-none-eabi/9.3.1/thumb/v7-m/nofp\libgcc.a(_udivmoddi4.o)
                0x00000000080001c0                __udivmoddi4
 .text          0x0000000008000484        0x4 c:/st/stm32cubeide_1.6.1/stm32cubeide/plugins/com.st.stm32cube.ide.mcu.externaltools.gnu-tools-for-stm32.9-2020-q2-update.win32_1.5.0.202011040924/tools/bin/../lib/gcc/arm-none-eabi/9.3.1/thumb/v7-m/nofp\libgcc.a(_dvmd_tls.o)
                0x0000000008000484                __aeabi_idiv0
                0x0000000008000484                __aeabi_ldiv0
 *(.text*)
 .text.vApplicationGetIdleTaskMemory
                0x0000000008000488       0x30 Core/Src/freertos.o
                0x0000000008000488                vApplicationGetIdleTaskMemory
 .text.MX_FREERTOS_Init
                0x00000000080004b8       0xb4 Core/Src/freertos.o
                0x00000000080004b8                MX_FREERTOS_Init
 .text.StartDefaultTask
                0x000000000800056c       0x10 Core/Src/freertos.o
                0x000000000800056c                StartDefaultTask
 .text.StartRadioChData
                0x000000000800057c       0x24 Core/Src/freertos.o
                0x000000000800057c                StartRadioChData
 .text.StartUartData
                0x00000000080005a0       0x14 Core/Src/freertos.o
                0x00000000080005a0                StartUartData
 .text.MX_GPIO_Init
                0x00000000080005b4      0x130 Core/Src/gpio.o
                0x00000000080005b4                MX_GPIO_Init
 .text.GpioWrite
                0x00000000080006e4       0x24 Core/Src/gpio.o
                0x00000000080006e4                GpioWrite
 .text.GpioRead
                0x0000000008000708       0x22 Core/Src/gpio.o
                0x0000000008000708                GpioRead
 .text.main     0x000000000800072a       0x2a Core/Src/main.o
                0x000000000800072a                main
 .text.SystemClock_Config
                0x0000000008000754       0xc8 Core/Src/main.o
                0x0000000008000754                SystemClock_Config
 .text.HAL_TIM_PeriodElapsedCallback
                0x000000000800081c       0x1e Core/Src/main.o
                0x000000000800081c                HAL_TIM_PeriodElapsedCallback
 .text.Error_Handler
                0x000000000800083a        0xc Core/Src/main.o
                0x000000000800083a                Error_Handler
 *fill*         0x0000000008000846        0x2 
 .text.MX_RTC_Init
                0x0000000008000848      0x118 Core/Src/rtc.o
                0x0000000008000848                MX_RTC_Init
 .text.HAL_RTC_MspInit
                0x0000000008000960       0x38 Core/Src/rtc.o
                0x0000000008000960                HAL_RTC_MspInit
 .text.MX_SPI1_Init
                0x0000000008000998       0x6c Core/Src/spi.o
                0x0000000008000998                MX_SPI1_Init
 .text.HAL_SPI_MspInit
                0x0000000008000a04       0x88 Core/Src/spi.o
                0x0000000008000a04                HAL_SPI_MspInit
 .text.SpiInOut
                0x0000000008000a8c       0x7c Core/Src/spi.o
                0x0000000008000a8c                SpiInOut
 .text.HAL_MspInit
                0x0000000008000b08       0x68 Core/Src/stm32l1xx_hal_msp.o
                0x0000000008000b08                HAL_MspInit
 .text.HAL_InitTick
                0x0000000008000b70       0xac Core/Src/stm32l1xx_hal_timebase_tim.o
                0x0000000008000b70                HAL_InitTick
 .text.NMI_Handler
                0x0000000008000c1c        0x6 Core/Src/stm32l1xx_it.o
                0x0000000008000c1c                NMI_Handler
 .text.HardFault_Handler
                0x0000000008000c22        0x6 Core/Src/stm32l1xx_it.o
                0x0000000008000c22                HardFault_Handler
 .text.MemManage_Handler
                0x0000000008000c28        0x6 Core/Src/stm32l1xx_it.o
                0x0000000008000c28                MemManage_Handler
 .text.BusFault_Handler
                0x0000000008000c2e        0x6 Core/Src/stm32l1xx_it.o
                0x0000000008000c2e                BusFault_Handler
 .text.UsageFault_Handler
                0x0000000008000c34        0x6 Core/Src/stm32l1xx_it.o
                0x0000000008000c34                UsageFault_Handler
 .text.DebugMon_Handler
                0x0000000008000c3a        0xc Core/Src/stm32l1xx_it.o
                0x0000000008000c3a                DebugMon_Handler
 .text.EXTI9_5_IRQHandler
                0x0000000008000c46       0x24 Core/Src/stm32l1xx_it.o
                0x0000000008000c46                EXTI9_5_IRQHandler
 *fill*         0x0000000008000c6a        0x2 
 .text.TIM2_IRQHandler
                0x0000000008000c6c       0x14 Core/Src/stm32l1xx_it.o
                0x0000000008000c6c                TIM2_IRQHandler
 .text.USART2_IRQHandler
                0x0000000008000c80       0x14 Core/Src/stm32l1xx_it.o
                0x0000000008000c80                USART2_IRQHandler
 .text.EXTI15_10_IRQHandler
                0x0000000008000c94       0x20 Core/Src/stm32l1xx_it.o
                0x0000000008000c94                EXTI15_10_IRQHandler
 .text.RTC_Alarm_IRQHandler
                0x0000000008000cb4       0x14 Core/Src/stm32l1xx_it.o
                0x0000000008000cb4                RTC_Alarm_IRQHandler
 .text._read    0x0000000008000cc8       0x3a Core/Src/syscalls.o
                0x0000000008000cc8                _read
 .text._write   0x0000000008000d02       0x38 Core/Src/syscalls.o
                0x0000000008000d02                _write
 .text._close   0x0000000008000d3a       0x16 Core/Src/syscalls.o
                0x0000000008000d3a                _close
 .text._fstat   0x0000000008000d50       0x1e Core/Src/syscalls.o
                0x0000000008000d50                _fstat
 .text._isatty  0x0000000008000d6e       0x14 Core/Src/syscalls.o
                0x0000000008000d6e                _isatty
 .text._lseek   0x0000000008000d82       0x18 Core/Src/syscalls.o
                0x0000000008000d82                _lseek
 *fill*         0x0000000008000d9a        0x2 
 .text._sbrk    0x0000000008000d9c       0x6c Core/Src/sysmem.o
                0x0000000008000d9c                _sbrk
 .text.SystemInit
                0x0000000008000e08       0x18 Core/Src/system_stm32l1xx.o
                0x0000000008000e08                SystemInit
 .text.MX_USART2_UART_Init
                0x0000000008000e20       0x54 Core/Src/usart.o
                0x0000000008000e20                MX_USART2_UART_Init
 .text.HAL_UART_MspInit
                0x0000000008000e74       0x98 Core/Src/usart.o
                0x0000000008000e74                HAL_UART_MspInit
 .text.Reset_Handler
                0x0000000008000f0c       0x48 Core/Startup/startup_stm32l152retx.o
                0x0000000008000f0c                Reset_Handler
 .text.Default_Handler
                0x0000000008000f54        0x2 Core/Startup/startup_stm32l152retx.o
                0x0000000008000f54                EXTI2_IRQHandler
                0x0000000008000f54                COMP_ACQ_IRQHandler
                0x0000000008000f54                TIM10_IRQHandler
                0x0000000008000f54                USB_HP_IRQHandler
                0x0000000008000f54                TIM6_IRQHandler
                0x0000000008000f54                PVD_IRQHandler
                0x0000000008000f54                EXTI3_IRQHandler
                0x0000000008000f54                EXTI0_IRQHandler
                0x0000000008000f54                I2C2_EV_IRQHandler
                0x0000000008000f54                SPI1_IRQHandler
                0x0000000008000f54                USB_FS_WKUP_IRQHandler
                0x0000000008000f54                DMA2_Channel2_IRQHandler
                0x0000000008000f54                DMA1_Channel4_IRQHandler
                0x0000000008000f54                ADC1_IRQHandler
                0x0000000008000f54                USART3_IRQHandler
                0x0000000008000f54                DMA1_Channel7_IRQHandler
                0x0000000008000f54                LCD_IRQHandler
                0x0000000008000f54                UART5_IRQHandler
                0x0000000008000f54                TIM4_IRQHandler
                0x0000000008000f54                DMA2_Channel1_IRQHandler
                0x0000000008000f54                I2C1_EV_IRQHandler
                0x0000000008000f54                DMA1_Channel6_IRQHandler
                0x0000000008000f54                UART4_IRQHandler
                0x0000000008000f54                DMA2_Channel4_IRQHandler
                0x0000000008000f54                TIM3_IRQHandler
                0x0000000008000f54                RCC_IRQHandler
                0x0000000008000f54                DMA1_Channel1_IRQHandler
                0x0000000008000f54                Default_Handler
                0x0000000008000f54                TIM7_IRQHandler
                0x0000000008000f54                TIM5_IRQHandler
                0x0000000008000f54                TIM9_IRQHandler
                0x0000000008000f54                TAMPER_STAMP_IRQHandler
                0x0000000008000f54                RTC_WKUP_IRQHandler
                0x0000000008000f54                SPI2_IRQHandler
                0x0000000008000f54                DMA2_Channel5_IRQHandler
                0x0000000008000f54                DMA1_Channel5_IRQHandler
                0x0000000008000f54                USB_LP_IRQHandler
                0x0000000008000f54                EXTI4_IRQHandler
                0x0000000008000f54                DMA1_Channel3_IRQHandler
                0x0000000008000f54                COMP_IRQHandler
                0x0000000008000f54                WWDG_IRQHandler
                0x0000000008000f54                DAC_IRQHandler
                0x0000000008000f54                EXTI1_IRQHandler
                0x0000000008000f54                TIM11_IRQHandler
                0x0000000008000f54                I2C2_ER_IRQHandler
                0x0000000008000f54                DMA1_Channel2_IRQHandler
                0x0000000008000f54                FLASH_IRQHandler
                0x0000000008000f54                USART1_IRQHandler
                0x0000000008000f54                SPI3_IRQHandler
                0x0000000008000f54                I2C1_ER_IRQHandler
                0x0000000008000f54                DMA2_Channel3_IRQHandler
 .text.HAL_Init
                0x0000000008000f56       0x30 Drivers/STM32L1xx_HAL_Driver/Src/stm32l1xx_hal.o
                0x0000000008000f56                HAL_Init
 *fill*         0x0000000008000f86        0x2 
 .text.HAL_IncTick
                0x0000000008000f88       0x24 Drivers/STM32L1xx_HAL_Driver/Src/stm32l1xx_hal.o
                0x0000000008000f88                HAL_IncTick
 .text.HAL_GetTick
                0x0000000008000fac       0x14 Drivers/STM32L1xx_HAL_Driver/Src/stm32l1xx_hal.o
                0x0000000008000fac                HAL_GetTick
 .text.HAL_Delay
                0x0000000008000fc0       0x44 Drivers/STM32L1xx_HAL_Driver/Src/stm32l1xx_hal.o
                0x0000000008000fc0                HAL_Delay
 .text.HAL_DBGMCU_EnableDBGSleepMode
                0x0000000008001004       0x1c Drivers/STM32L1xx_HAL_Driver/Src/stm32l1xx_hal.o
                0x0000000008001004                HAL_DBGMCU_EnableDBGSleepMode
 .text.HAL_DBGMCU_EnableDBGStopMode
                0x0000000008001020       0x1c Drivers/STM32L1xx_HAL_Driver/Src/stm32l1xx_hal.o
                0x0000000008001020                HAL_DBGMCU_EnableDBGStopMode
 .text.HAL_DBGMCU_EnableDBGStandbyMode
                0x000000000800103c       0x1c Drivers/STM32L1xx_HAL_Driver/Src/stm32l1xx_hal.o
                0x000000000800103c                HAL_DBGMCU_EnableDBGStandbyMode
 .text.__NVIC_SetPriorityGrouping
                0x0000000008001058       0x48 Drivers/STM32L1xx_HAL_Driver/Src/stm32l1xx_hal_cortex.o
 .text.__NVIC_GetPriorityGrouping
                0x00000000080010a0       0x1c Drivers/STM32L1xx_HAL_Driver/Src/stm32l1xx_hal_cortex.o
 .text.__NVIC_EnableIRQ
                0x00000000080010bc       0x38 Drivers/STM32L1xx_HAL_Driver/Src/stm32l1xx_hal_cortex.o
 .text.__NVIC_SetPriority
                0x00000000080010f4       0x54 Drivers/STM32L1xx_HAL_Driver/Src/stm32l1xx_hal_cortex.o
 .text.NVIC_EncodePriority
                0x0000000008001148       0x64 Drivers/STM32L1xx_HAL_Driver/Src/stm32l1xx_hal_cortex.o
 .text.HAL_NVIC_SetPriorityGrouping
                0x00000000080011ac       0x16 Drivers/STM32L1xx_HAL_Driver/Src/stm32l1xx_hal_cortex.o
                0x00000000080011ac                HAL_NVIC_SetPriorityGrouping
 .text.HAL_NVIC_SetPriority
                0x00000000080011c2       0x38 Drivers/STM32L1xx_HAL_Driver/Src/stm32l1xx_hal_cortex.o
                0x00000000080011c2                HAL_NVIC_SetPriority
 .text.HAL_NVIC_EnableIRQ
                0x00000000080011fa       0x1c Drivers/STM32L1xx_HAL_Driver/Src/stm32l1xx_hal_cortex.o
                0x00000000080011fa                HAL_NVIC_EnableIRQ
 .text.HAL_DMA_Abort_IT
                0x0000000008001216       0x82 Drivers/STM32L1xx_HAL_Driver/Src/stm32l1xx_hal_dma.o
                0x0000000008001216                HAL_DMA_Abort_IT
 .text.HAL_GPIO_Init
                0x0000000008001298      0x320 Drivers/STM32L1xx_HAL_Driver/Src/stm32l1xx_hal_gpio.o
                0x0000000008001298                HAL_GPIO_Init
 .text.HAL_GPIO_ReadPin
                0x00000000080015b8       0x2e Drivers/STM32L1xx_HAL_Driver/Src/stm32l1xx_hal_gpio.o
                0x00000000080015b8                HAL_GPIO_ReadPin
 .text.HAL_GPIO_WritePin
                0x00000000080015e6       0x30 Drivers/STM32L1xx_HAL_Driver/Src/stm32l1xx_hal_gpio.o
                0x00000000080015e6                HAL_GPIO_WritePin
 .text.HAL_GPIO_TogglePin
                0x0000000008001616       0x32 Drivers/STM32L1xx_HAL_Driver/Src/stm32l1xx_hal_gpio.o
                0x0000000008001616                HAL_GPIO_TogglePin
 .text.HAL_GPIO_EXTI_IRQHandler
                0x0000000008001648       0x30 Drivers/STM32L1xx_HAL_Driver/Src/stm32l1xx_hal_gpio.o
                0x0000000008001648                HAL_GPIO_EXTI_IRQHandler
 .text.HAL_RCC_OscConfig
                0x0000000008001678      0x660 Drivers/STM32L1xx_HAL_Driver/Src/stm32l1xx_hal_rcc.o
                0x0000000008001678                HAL_RCC_OscConfig
 .text.HAL_RCC_ClockConfig
                0x0000000008001cd8      0x268 Drivers/STM32L1xx_HAL_Driver/Src/stm32l1xx_hal_rcc.o
                0x0000000008001cd8                HAL_RCC_ClockConfig
 .text.HAL_RCC_GetSysClockFreq
                0x0000000008001f40      0x19c Drivers/STM32L1xx_HAL_Driver/Src/stm32l1xx_hal_rcc.o
                0x0000000008001f40                HAL_RCC_GetSysClockFreq
 .text.HAL_RCC_GetHCLKFreq
                0x00000000080020dc       0x14 Drivers/STM32L1xx_HAL_Driver/Src/stm32l1xx_hal_rcc.o
                0x00000000080020dc                HAL_RCC_GetHCLKFreq
 .text.HAL_RCC_GetPCLK1Freq
                0x00000000080020f0       0x28 Drivers/STM32L1xx_HAL_Driver/Src/stm32l1xx_hal_rcc.o
                0x00000000080020f0                HAL_RCC_GetPCLK1Freq
 .text.HAL_RCC_GetPCLK2Freq
                0x0000000008002118       0x28 Drivers/STM32L1xx_HAL_Driver/Src/stm32l1xx_hal_rcc.o
                0x0000000008002118                HAL_RCC_GetPCLK2Freq
 .text.HAL_RCC_GetClockConfig
                0x0000000008002140       0x60 Drivers/STM32L1xx_HAL_Driver/Src/stm32l1xx_hal_rcc.o
                0x0000000008002140                HAL_RCC_GetClockConfig
 .text.RCC_SetFlashLatencyFromMSIRange
                0x00000000080021a0       0xc0 Drivers/STM32L1xx_HAL_Driver/Src/stm32l1xx_hal_rcc.o
 .text.HAL_RCCEx_PeriphCLKConfig
                0x0000000008002260      0x1c4 Drivers/STM32L1xx_HAL_Driver/Src/stm32l1xx_hal_rcc_ex.o
                0x0000000008002260                HAL_RCCEx_PeriphCLKConfig
 .text.HAL_RTC_Init
                0x0000000008002424       0xf6 Drivers/STM32L1xx_HAL_Driver/Src/stm32l1xx_hal_rtc.o
                0x0000000008002424                HAL_RTC_Init
 .text.HAL_RTC_SetTime
                0x000000000800251a      0x168 Drivers/STM32L1xx_HAL_Driver/Src/stm32l1xx_hal_rtc.o
                0x000000000800251a                HAL_RTC_SetTime
 .text.HAL_RTC_GetTime
                0x0000000008002682       0xba Drivers/STM32L1xx_HAL_Driver/Src/stm32l1xx_hal_rtc.o
                0x0000000008002682                HAL_RTC_GetTime
 .text.HAL_RTC_SetDate
                0x000000000800273c      0x13c Drivers/STM32L1xx_HAL_Driver/Src/stm32l1xx_hal_rtc.o
                0x000000000800273c                HAL_RTC_SetDate
 .text.HAL_RTC_GetDate
                0x0000000008002878       0x9a Drivers/STM32L1xx_HAL_Driver/Src/stm32l1xx_hal_rtc.o
                0x0000000008002878                HAL_RTC_GetDate
 *fill*         0x0000000008002912        0x2 
 .text.HAL_RTC_SetAlarm_IT
                0x0000000008002914      0x270 Drivers/STM32L1xx_HAL_Driver/Src/stm32l1xx_hal_rtc.o
                0x0000000008002914                HAL_RTC_SetAlarm_IT
 .text.HAL_RTC_DeactivateAlarm
                0x0000000008002b84      0x116 Drivers/STM32L1xx_HAL_Driver/Src/stm32l1xx_hal_rtc.o
                0x0000000008002b84                HAL_RTC_DeactivateAlarm
 *fill*         0x0000000008002c9a        0x2 
 .text.HAL_RTC_AlarmIRQHandler
                0x0000000008002c9c       0x8c Drivers/STM32L1xx_HAL_Driver/Src/stm32l1xx_hal_rtc.o
                0x0000000008002c9c                HAL_RTC_AlarmIRQHandler
 .text.HAL_RTC_WaitForSynchro
                0x0000000008002d28       0x5a Drivers/STM32L1xx_HAL_Driver/Src/stm32l1xx_hal_rtc.o
                0x0000000008002d28                HAL_RTC_WaitForSynchro
 .text.RTC_EnterInitMode
                0x0000000008002d82       0x54 Drivers/STM32L1xx_HAL_Driver/Src/stm32l1xx_hal_rtc.o
                0x0000000008002d82                RTC_EnterInitMode
 .text.RTC_ByteToBcd2
                0x0000000008002dd6       0x3e Drivers/STM32L1xx_HAL_Driver/Src/stm32l1xx_hal_rtc.o
                0x0000000008002dd6                RTC_ByteToBcd2
 .text.RTC_Bcd2ToByte
                0x0000000008002e14       0x36 Drivers/STM32L1xx_HAL_Driver/Src/stm32l1xx_hal_rtc.o
                0x0000000008002e14                RTC_Bcd2ToByte
 .text.HAL_RTCEx_EnableBypassShadow
                0x0000000008002e4a       0x60 Drivers/STM32L1xx_HAL_Driver/Src/stm32l1xx_hal_rtc_ex.o
                0x0000000008002e4a                HAL_RTCEx_EnableBypassShadow
 .text.HAL_RTCEx_AlarmBEventCallback
                0x0000000008002eaa       0x12 Drivers/STM32L1xx_HAL_Driver/Src/stm32l1xx_hal_rtc_ex.o
                0x0000000008002eaa                HAL_RTCEx_AlarmBEventCallback
 .text.HAL_SPI_Init
                0x0000000008002ebc      0x112 Drivers/STM32L1xx_HAL_Driver/Src/stm32l1xx_hal_spi.o
                0x0000000008002ebc                HAL_SPI_Init
 .text.HAL_TIM_Base_Init
                0x0000000008002fce       0x7e Drivers/STM32L1xx_HAL_Driver/Src/stm32l1xx_hal_tim.o
                0x0000000008002fce                HAL_TIM_Base_Init
 .text.HAL_TIM_Base_MspInit
                0x000000000800304c       0x12 Drivers/STM32L1xx_HAL_Driver/Src/stm32l1xx_hal_tim.o
                0x000000000800304c                HAL_TIM_Base_MspInit
 *fill*         0x000000000800305e        0x2 
 .text.HAL_TIM_Base_Start_IT
                0x0000000008003060       0xa4 Drivers/STM32L1xx_HAL_Driver/Src/stm32l1xx_hal_tim.o
                0x0000000008003060                HAL_TIM_Base_Start_IT
 .text.HAL_TIM_IRQHandler
                0x0000000008003104      0x1b8 Drivers/STM32L1xx_HAL_Driver/Src/stm32l1xx_hal_tim.o
                0x0000000008003104                HAL_TIM_IRQHandler
 .text.HAL_TIM_OC_DelayElapsedCallback
                0x00000000080032bc       0x12 Drivers/STM32L1xx_HAL_Driver/Src/stm32l1xx_hal_tim.o
                0x00000000080032bc                HAL_TIM_OC_DelayElapsedCallback
 .text.HAL_TIM_IC_CaptureCallback
                0x00000000080032ce       0x12 Drivers/STM32L1xx_HAL_Driver/Src/stm32l1xx_hal_tim.o
                0x00000000080032ce                HAL_TIM_IC_CaptureCallback
 .text.HAL_TIM_PWM_PulseFinishedCallback
                0x00000000080032e0       0x12 Drivers/STM32L1xx_HAL_Driver/Src/stm32l1xx_hal_tim.o
                0x00000000080032e0                HAL_TIM_PWM_PulseFinishedCallback
 .text.HAL_TIM_TriggerCallback
                0x00000000080032f2       0x12 Drivers/STM32L1xx_HAL_Driver/Src/stm32l1xx_hal_tim.o
                0x00000000080032f2                HAL_TIM_TriggerCallback
 .text.TIM_Base_SetConfig
                0x0000000008003304       0xe0 Drivers/STM32L1xx_HAL_Driver/Src/stm32l1xx_hal_tim.o
 .text.HAL_UART_Init
                0x00000000080033e4       0x9a Drivers/STM32L1xx_HAL_Driver/Src/stm32l1xx_hal_uart.o
                0x00000000080033e4                HAL_UART_Init
 .text.HAL_UART_Transmit
                0x000000000800347e      0x132 Drivers/STM32L1xx_HAL_Driver/Src/stm32l1xx_hal_uart.o
                0x000000000800347e                HAL_UART_Transmit
 .text.HAL_UART_IRQHandler
                0x00000000080035b0      0x200 Drivers/STM32L1xx_HAL_Driver/Src/stm32l1xx_hal_uart.o
                0x00000000080035b0                HAL_UART_IRQHandler
 .text.HAL_UART_TxCpltCallback
                0x00000000080037b0       0x12 Drivers/STM32L1xx_HAL_Driver/Src/stm32l1xx_hal_uart.o
                0x00000000080037b0                HAL_UART_TxCpltCallback
 .text.HAL_UART_RxCpltCallback
                0x00000000080037c2       0x12 Drivers/STM32L1xx_HAL_Driver/Src/stm32l1xx_hal_uart.o
                0x00000000080037c2                HAL_UART_RxCpltCallback
 .text.HAL_UART_ErrorCallback
                0x00000000080037d4       0x12 Drivers/STM32L1xx_HAL_Driver/Src/stm32l1xx_hal_uart.o
                0x00000000080037d4                HAL_UART_ErrorCallback
 .text.UART_WaitOnFlagUntilTimeout
                0x00000000080037e6       0x94 Drivers/STM32L1xx_HAL_Driver/Src/stm32l1xx_hal_uart.o
 .text.UART_EndRxTransfer
                0x000000000800387a       0x3a Drivers/STM32L1xx_HAL_Driver/Src/stm32l1xx_hal_uart.o
 .text.UART_DMAAbortOnError
                0x00000000080038b4       0x28 Drivers/STM32L1xx_HAL_Driver/Src/stm32l1xx_hal_uart.o
 .text.UART_Transmit_IT
                0x00000000080038dc       0xaa Drivers/STM32L1xx_HAL_Driver/Src/stm32l1xx_hal_uart.o
 .text.UART_EndTransmit_IT
                0x0000000008003986       0x30 Drivers/STM32L1xx_HAL_Driver/Src/stm32l1xx_hal_uart.o
 .text.UART_Receive_IT
                0x00000000080039b6      0x102 Drivers/STM32L1xx_HAL_Driver/Src/stm32l1xx_hal_uart.o
 .text.UART_SetConfig
                0x0000000008003ab8      0x1c8 Drivers/STM32L1xx_HAL_Driver/Src/stm32l1xx_hal_uart.o
 .text.makeFreeRtosPriority
                0x0000000008003c80       0x2e Middlewares/Third_Party/FreeRTOS/Source/CMSIS_RTOS/cmsis_os.o
 .text.osKernelStart
                0x0000000008003cae        0xe Middlewares/Third_Party/FreeRTOS/Source/CMSIS_RTOS/cmsis_os.o
                0x0000000008003cae                osKernelStart
 .text.osThreadCreate
                0x0000000008003cbc       0x98 Middlewares/Third_Party/FreeRTOS/Source/CMSIS_RTOS/cmsis_os.o
                0x0000000008003cbc                osThreadCreate
 .text.osDelay  0x0000000008003d54       0x28 Middlewares/Third_Party/FreeRTOS/Source/CMSIS_RTOS/cmsis_os.o
                0x0000000008003d54                osDelay
 .text.vListInitialise
                0x0000000008003d7c       0x3e Middlewares/Third_Party/FreeRTOS/Source/list.o
                0x0000000008003d7c                vListInitialise
 .text.vListInitialiseItem
                0x0000000008003dba       0x18 Middlewares/Third_Party/FreeRTOS/Source/list.o
                0x0000000008003dba                vListInitialiseItem
 .text.vListInsertEnd
                0x0000000008003dd2       0x46 Middlewares/Third_Party/FreeRTOS/Source/list.o
                0x0000000008003dd2                vListInsertEnd
 .text.vListInsert
                0x0000000008003e18       0x70 Middlewares/Third_Party/FreeRTOS/Source/list.o
                0x0000000008003e18                vListInsert
 .text.uxListRemove
                0x0000000008003e88       0x52 Middlewares/Third_Party/FreeRTOS/Source/list.o
                0x0000000008003e88                uxListRemove
 *fill*         0x0000000008003eda        0x2 
 .text.xQueueGenericReset
                0x0000000008003edc       0xd0 Middlewares/Third_Party/FreeRTOS/Source/queue.o
                0x0000000008003edc                xQueueGenericReset
 .text.xQueueGenericCreate
                0x0000000008003fac       0x7c Middlewares/Third_Party/FreeRTOS/Source/queue.o
                0x0000000008003fac                xQueueGenericCreate
 .text.prvInitialiseNewQueue
                0x0000000008004028       0x3e Middlewares/Third_Party/FreeRTOS/Source/queue.o
 .text.xQueueGenericSendFromISR
                0x0000000008004066      0x130 Middlewares/Third_Party/FreeRTOS/Source/queue.o
                0x0000000008004066                xQueueGenericSendFromISR
 .text.xQueueReceiveFromISR
                0x0000000008004196      0x100 Middlewares/Third_Party/FreeRTOS/Source/queue.o
                0x0000000008004196                xQueueReceiveFromISR
 .text.prvCopyDataToQueue
                0x0000000008004296       0xd4 Middlewares/Third_Party/FreeRTOS/Source/queue.o
 .text.prvCopyDataFromQueue
                0x000000000800436a       0x4c Middlewares/Third_Party/FreeRTOS/Source/queue.o
 .text.xTaskCreateStatic
                0x00000000080043b6       0xb8 Middlewares/Third_Party/FreeRTOS/Source/tasks.o
                0x00000000080043b6                xTaskCreateStatic
 .text.xTaskCreate
                0x000000000800446e       0x8a Middlewares/Third_Party/FreeRTOS/Source/tasks.o
                0x000000000800446e                xTaskCreate
 .text.prvInitialiseNewTask
                0x00000000080044f8       0xfe Middlewares/Third_Party/FreeRTOS/Source/tasks.o
 *fill*         0x00000000080045f6        0x2 
 .text.prvAddNewTaskToReadyList
                0x00000000080045f8       0xd4 Middlewares/Third_Party/FreeRTOS/Source/tasks.o
 .text.vTaskDelay
                0x00000000080046cc       0x68 Middlewares/Third_Party/FreeRTOS/Source/tasks.o
                0x00000000080046cc                vTaskDelay
 .text.vTaskStartScheduler
                0x0000000008004734       0xc0 Middlewares/Third_Party/FreeRTOS/Source/tasks.o
                0x0000000008004734                vTaskStartScheduler
 .text.vTaskSuspendAll
                0x00000000080047f4       0x1c Middlewares/Third_Party/FreeRTOS/Source/tasks.o
                0x00000000080047f4                vTaskSuspendAll
 .text.xTaskResumeAll
                0x0000000008004810      0x138 Middlewares/Third_Party/FreeRTOS/Source/tasks.o
                0x0000000008004810                xTaskResumeAll
 .text.xTaskIncrementTick
                0x0000000008004948      0x17c Middlewares/Third_Party/FreeRTOS/Source/tasks.o
                0x0000000008004948                xTaskIncrementTick
 .text.vTaskSwitchContext
                0x0000000008004ac4       0xb4 Middlewares/Third_Party/FreeRTOS/Source/tasks.o
                0x0000000008004ac4                vTaskSwitchContext
 .text.xTaskRemoveFromEventList
                0x0000000008004b78       0xc4 Middlewares/Third_Party/FreeRTOS/Source/tasks.o
                0x0000000008004b78                xTaskRemoveFromEventList
 .text.prvIdleTask
                0x0000000008004c3c       0x30 Middlewares/Third_Party/FreeRTOS/Source/tasks.o
 .text.prvInitialiseTaskLists
                0x0000000008004c6c       0x80 Middlewares/Third_Party/FreeRTOS/Source/tasks.o
 .text.prvCheckTasksWaitingTermination
                0x0000000008004cec       0x5c Middlewares/Third_Party/FreeRTOS/Source/tasks.o
 .text.prvDeleteTCB
                0x0000000008004d48       0x5e Middlewares/Third_Party/FreeRTOS/Source/tasks.o
 *fill*         0x0000000008004da6        0x2 
 .text.prvResetNextTaskUnblockTime
                0x0000000008004da8       0x48 Middlewares/Third_Party/FreeRTOS/Source/tasks.o
 .text.xTaskPriorityDisinherit
                0x0000000008004df0      0x10c Middlewares/Third_Party/FreeRTOS/Source/tasks.o
                0x0000000008004df0                xTaskPriorityDisinherit
 .text.prvAddCurrentTaskToDelayedList
                0x0000000008004efc       0xcc Middlewares/Third_Party/FreeRTOS/Source/tasks.o
 .text.pxPortInitialiseStack
                0x0000000008004fc8       0x58 Middlewares/Third_Party/FreeRTOS/Source/portable/GCC/ARM_CM3/port.o
                0x0000000008004fc8                pxPortInitialiseStack
 .text.prvTaskExitError
                0x0000000008005020       0x58 Middlewares/Third_Party/FreeRTOS/Source/portable/GCC/ARM_CM3/port.o
 *fill*         0x0000000008005078        0x8 
 .text.SVC_Handler
                0x0000000008005080       0x28 Middlewares/Third_Party/FreeRTOS/Source/portable/GCC/ARM_CM3/port.o
                0x0000000008005080                SVC_Handler
 .text.prvPortStartFirstTask
                0x00000000080050a8       0x20 Middlewares/Third_Party/FreeRTOS/Source/portable/GCC/ARM_CM3/port.o
 .text.xPortStartScheduler
                0x00000000080050c8       0xe4 Middlewares/Third_Party/FreeRTOS/Source/portable/GCC/ARM_CM3/port.o
                0x00000000080050c8                xPortStartScheduler
 .text.vPortEnterCritical
                0x00000000080051ac       0x60 Middlewares/Third_Party/FreeRTOS/Source/portable/GCC/ARM_CM3/port.o
                0x00000000080051ac                vPortEnterCritical
 .text.vPortExitCritical
                0x000000000800520c       0x50 Middlewares/Third_Party/FreeRTOS/Source/portable/GCC/ARM_CM3/port.o
                0x000000000800520c                vPortExitCritical
 *fill*         0x000000000800525c        0x4 
 .text.PendSV_Handler
                0x0000000008005260       0x48 Middlewares/Third_Party/FreeRTOS/Source/portable/GCC/ARM_CM3/port.o
                0x0000000008005260                PendSV_Handler
 .text.SysTick_Handler
                0x00000000080052a8       0x44 Middlewares/Third_Party/FreeRTOS/Source/portable/GCC/ARM_CM3/port.o
                0x00000000080052a8                SysTick_Handler
 .text.vPortSetupTimerInterrupt
                0x00000000080052ec       0x44 Middlewares/Third_Party/FreeRTOS/Source/portable/GCC/ARM_CM3/port.o
                0x00000000080052ec                vPortSetupTimerInterrupt
 .text.vPortValidateInterruptPriority
                0x0000000008005330       0x7c Middlewares/Third_Party/FreeRTOS/Source/portable/GCC/ARM_CM3/port.o
                0x0000000008005330                vPortValidateInterruptPriority
 .text.pvPortMalloc
                0x00000000080053ac      0x188 Middlewares/Third_Party/FreeRTOS/Source/portable/MemMang/heap_4.o
                0x00000000080053ac                pvPortMalloc
 .text.vPortFree
                0x0000000008005534       0xb4 Middlewares/Third_Party/FreeRTOS/Source/portable/MemMang/heap_4.o
                0x0000000008005534                vPortFree
 .text.prvHeapInit
                0x00000000080055e8       0xc4 Middlewares/Third_Party/FreeRTOS/Source/portable/MemMang/heap_4.o
 .text.prvInsertBlockIntoFreeList
                0x00000000080056ac       0xb0 Middlewares/Third_Party/FreeRTOS/Source/portable/MemMang/heap_4.o
 .text.SX1276Init
                0x000000000800575c       0xec app/LoRaMac-node/src/radio/sx1276/sx1276.o
                0x000000000800575c                SX1276Init
 .text.SX1276GetStatus
                0x0000000008005848       0x18 app/LoRaMac-node/src/radio/sx1276/sx1276.o
                0x0000000008005848                SX1276GetStatus
 .text.SX1276SetChannel
                0x0000000008005860       0x4c app/LoRaMac-node/src/radio/sx1276/sx1276.o
                0x0000000008005860                SX1276SetChannel
 .text.SX1276IsChannelFree
                0x00000000080058ac       0x98 app/LoRaMac-node/src/radio/sx1276/sx1276.o
                0x00000000080058ac                SX1276IsChannelFree
 .text.SX1276Random
                0x0000000008005944       0x5c app/LoRaMac-node/src/radio/sx1276/sx1276.o
                0x0000000008005944                SX1276Random
 .text.RxChainCalibration
                0x00000000080059a0       0xb4 app/LoRaMac-node/src/radio/sx1276/sx1276.o
 .text.SX1276SetRxConfig
                0x0000000008005a54      0x3c4 app/LoRaMac-node/src/radio/sx1276/sx1276.o
                0x0000000008005a54                SX1276SetRxConfig
 .text.SX1276SetTxConfig
                0x0000000008005e18      0x318 app/LoRaMac-node/src/radio/sx1276/sx1276.o
                0x0000000008005e18                SX1276SetTxConfig
 .text.SX1276GetTimeOnAir
                0x0000000008006130       0x98 app/LoRaMac-node/src/radio/sx1276/sx1276.o
                0x0000000008006130                SX1276GetTimeOnAir
 .text.SX1276Send
                0x00000000080061c8      0x16c app/LoRaMac-node/src/radio/sx1276/sx1276.o
                0x00000000080061c8                SX1276Send
 .text.SX1276SetSleep
                0x0000000008006334       0x40 app/LoRaMac-node/src/radio/sx1276/sx1276.o
                0x0000000008006334                SX1276SetSleep
 .text.SX1276SetStby
                0x0000000008006374       0x38 app/LoRaMac-node/src/radio/sx1276/sx1276.o
                0x0000000008006374                SX1276SetStby
 .text.SX1276SetRx
                0x00000000080063ac      0x30c app/LoRaMac-node/src/radio/sx1276/sx1276.o
                0x00000000080063ac                SX1276SetRx
 .text.SX1276SetTx
                0x00000000080066b8       0xf0 app/LoRaMac-node/src/radio/sx1276/sx1276.o
 .text.SX1276StartCad
                0x00000000080067a8       0x4c app/LoRaMac-node/src/radio/sx1276/sx1276.o
                0x00000000080067a8                SX1276StartCad
 .text.SX1276SetTxContinuousWave
                0x00000000080067f4       0xa8 app/LoRaMac-node/src/radio/sx1276/sx1276.o
                0x00000000080067f4                SX1276SetTxContinuousWave
 .text.SX1276ReadRssi
                0x000000000800689c       0x7c app/LoRaMac-node/src/radio/sx1276/sx1276.o
                0x000000000800689c                SX1276ReadRssi
 .text.SX1276SetOpMode
                0x0000000008006918       0x56 app/LoRaMac-node/src/radio/sx1276/sx1276.o
 *fill*         0x000000000800696e        0x2 
 .text.SX1276SetModem
                0x0000000008006970       0xb0 app/LoRaMac-node/src/radio/sx1276/sx1276.o
                0x0000000008006970                SX1276SetModem
 .text.SX1276Write
                0x0000000008006a20       0x20 app/LoRaMac-node/src/radio/sx1276/sx1276.o
                0x0000000008006a20                SX1276Write
 .text.SX1276Read
                0x0000000008006a40       0x20 app/LoRaMac-node/src/radio/sx1276/sx1276.o
                0x0000000008006a40                SX1276Read
 .text.SX1276WriteBuffer
                0x0000000008006a60       0x68 app/LoRaMac-node/src/radio/sx1276/sx1276.o
                0x0000000008006a60                SX1276WriteBuffer
 .text.SX1276ReadBuffer
                0x0000000008006ac8       0x6c app/LoRaMac-node/src/radio/sx1276/sx1276.o
                0x0000000008006ac8                SX1276ReadBuffer
 .text.SX1276WriteFifo
                0x0000000008006b34       0x20 app/LoRaMac-node/src/radio/sx1276/sx1276.o
 .text.SX1276ReadFifo
                0x0000000008006b54       0x20 app/LoRaMac-node/src/radio/sx1276/sx1276.o
 .text.SX1276SetMaxPayloadLength
                0x0000000008006b74       0x5c app/LoRaMac-node/src/radio/sx1276/sx1276.o
                0x0000000008006b74                SX1276SetMaxPayloadLength
 .text.SX1276SetPublicNetwork
                0x0000000008006bd0       0x3c app/LoRaMac-node/src/radio/sx1276/sx1276.o
                0x0000000008006bd0                SX1276SetPublicNetwork
 .text.SX1276GetWakeupTime
                0x0000000008006c0c       0x10 app/LoRaMac-node/src/radio/sx1276/sx1276.o
                0x0000000008006c0c                SX1276GetWakeupTime
 .text.SX1276ConvertPllStepToFreqInHz
                0x0000000008006c1c       0x3c app/LoRaMac-node/src/radio/sx1276/sx1276.o
 .text.SX1276ConvertFreqInHzToPllStep
                0x0000000008006c58       0x4c app/LoRaMac-node/src/radio/sx1276/sx1276.o
 .text.GetFskBandwidthRegValue
                0x0000000008006ca4       0x54 app/LoRaMac-node/src/radio/sx1276/sx1276.o
 .text.SX1276GetLoRaBandwidthInHz
                0x0000000008006cf8       0x50 app/LoRaMac-node/src/radio/sx1276/sx1276.o
 .text.SX1276GetGfskTimeOnAirNumerator
                0x0000000008006d48       0x5e app/LoRaMac-node/src/radio/sx1276/sx1276.o
 .text.SX1276GetLoRaTimeOnAirNumerator
                0x0000000008006da6      0x102 app/LoRaMac-node/src/radio/sx1276/sx1276.o
 .text.SX1276OnTimeoutIrq
                0x0000000008006ea8      0x150 app/LoRaMac-node/src/radio/sx1276/sx1276.o
 .text.SX1276OnDio0Irq
                0x0000000008006ff8      0x438 app/LoRaMac-node/src/radio/sx1276/sx1276.o
 .text.SX1276OnDio1Irq
                0x0000000008007430      0x20c app/LoRaMac-node/src/radio/sx1276/sx1276.o
 .text.SX1276OnDio2Irq
                0x000000000800763c      0x160 app/LoRaMac-node/src/radio/sx1276/sx1276.o
 .text.SX1276OnDio3Irq
                0x000000000800779c       0x8c app/LoRaMac-node/src/radio/sx1276/sx1276.o
 .text.SX1276OnDio4Irq
                0x0000000008007828       0x40 app/LoRaMac-node/src/radio/sx1276/sx1276.o
 .text.BoardCriticalSectionBegin
                0x0000000008007868       0x22 app/board.o
                0x0000000008007868                BoardCriticalSectionBegin
 .text.BoardCriticalSectionEnd
                0x000000000800788a       0x20 app/board.o
                0x000000000800788a                BoardCriticalSectionEnd
 .text.BoardInitPeriph
                0x00000000080078aa        0xc app/board.o
                0x00000000080078aa                BoardInitPeriph
 *fill*         0x00000000080078b6        0x2 
 .text.BoardInitMcu
                0x00000000080078b8       0x24 app/board.o
                0x00000000080078b8                BoardInitMcu
 .text.BoardUnusedIoInit
                0x00000000080078dc       0x14 app/board.o
 .text.DelayMs  0x00000000080078f0       0x16 app/delay.o
                0x00000000080078f0                DelayMs
 *fill*         0x0000000008007906        0x2 
 .text.init_rf  0x0000000008007908       0xe4 app/rf_test.o
                0x0000000008007908                init_rf
 .text.OnTxDone
                0x00000000080079ec       0x1c app/rf_test.o
                0x00000000080079ec                OnTxDone
 .text.OnRxDone
                0x0000000008007a08       0xc8 app/rf_test.o
                0x0000000008007a08                OnRxDone
 .text.OnTxTimeout
                0x0000000008007ad0       0x1c app/rf_test.o
                0x0000000008007ad0                OnTxTimeout
 .text.OnRxTimeout
                0x0000000008007aec       0x1c app/rf_test.o
                0x0000000008007aec                OnRxTimeout
 .text.OnRxError
                0x0000000008007b08       0x44 app/rf_test.o
                0x0000000008007b08                OnRxError
 .text.UART_Tx  0x0000000008007b4c       0x64 app/rf_test.o
                0x0000000008007b4c                UART_Tx
 .text.Radio_Rx
                0x0000000008007bb0       0x38 app/rf_test.o
                0x0000000008007bb0                Radio_Rx
 .text.RtcInit  0x0000000008007be8       0xd4 app/rtc-board.o
                0x0000000008007be8                RtcInit
 .text.RtcSetTimerContext
                0x0000000008007cbc       0x28 app/rtc-board.o
                0x0000000008007cbc                RtcSetTimerContext
 .text.RtcGetTimerContext
                0x0000000008007ce4       0x14 app/rtc-board.o
                0x0000000008007ce4                RtcGetTimerContext
 .text.RtcGetMinimumTimeout
                0x0000000008007cf8        0xe app/rtc-board.o
                0x0000000008007cf8                RtcGetMinimumTimeout
 .text.RtcMs2Tick
                0x0000000008007d06       0x3a app/rtc-board.o
                0x0000000008007d06                RtcMs2Tick
 .text.RtcTick2Ms
                0x0000000008007d40       0x38 app/rtc-board.o
                0x0000000008007d40                RtcTick2Ms
 .text.RtcSetAlarm
                0x0000000008007d78       0x1a app/rtc-board.o
                0x0000000008007d78                RtcSetAlarm
 *fill*         0x0000000008007d92        0x2 
 .text.RtcStopAlarm
                0x0000000008007d94       0x34 app/rtc-board.o
                0x0000000008007d94                RtcStopAlarm
 .text.RtcStartAlarm
                0x0000000008007dc8      0x1f0 app/rtc-board.o
                0x0000000008007dc8                RtcStartAlarm
 .text.RtcGetTimerValue
                0x0000000008007fb8       0x26 app/rtc-board.o
                0x0000000008007fb8                RtcGetTimerValue
 *fill*         0x0000000008007fde        0x2 
 .text.RtcGetTimerElapsedTime
                0x0000000008007fe0       0x30 app/rtc-board.o
                0x0000000008007fe0                RtcGetTimerElapsedTime
 .text.RtcGetCalendarValue
                0x0000000008008010      0x12c app/rtc-board.o
 .text.HAL_RTC_AlarmAEventCallback
                0x000000000800813c       0x14 app/rtc-board.o
                0x000000000800813c                HAL_RTC_AlarmAEventCallback
 .text.SX1276IoInit
                0x0000000008008150       0x68 app/sx1276mb1las-board.o
                0x0000000008008150                SX1276IoInit
 .text.SX1276IoIrqInit
                0x00000000080081b8       0x48 app/sx1276mb1las-board.o
                0x00000000080081b8                SX1276IoIrqInit
 .text.SX1276SetBoardTcxo
                0x0000000008008200       0x14 app/sx1276mb1las-board.o
                0x0000000008008200                SX1276SetBoardTcxo
 .text.SX1276GetBoardTcxoWakeupTime
                0x0000000008008214        0xe app/sx1276mb1las-board.o
                0x0000000008008214                SX1276GetBoardTcxoWakeupTime
 *fill*         0x0000000008008222        0x2 
 .text.SX1276Reset
                0x0000000008008224       0x40 app/sx1276mb1las-board.o
                0x0000000008008224                SX1276Reset
 .text.SX1276SetRfTxPower
                0x0000000008008264      0x160 app/sx1276mb1las-board.o
                0x0000000008008264                SX1276SetRfTxPower
 .text.SX1276GetPaSelect
                0x00000000080083c4       0x24 app/sx1276mb1las-board.o
 .text.SX1276SetAntSwLowPower
                0x00000000080083e8       0x3c app/sx1276mb1las-board.o
                0x00000000080083e8                SX1276SetAntSwLowPower
 .text.SX1276AntSwInit
                0x0000000008008424        0xc app/sx1276mb1las-board.o
                0x0000000008008424                SX1276AntSwInit
 .text.SX1276AntSwDeInit
                0x0000000008008430        0xc app/sx1276mb1las-board.o
                0x0000000008008430                SX1276AntSwDeInit
 .text.SX1276SetAntSw
                0x000000000800843c       0x14 app/sx1276mb1las-board.o
                0x000000000800843c                SX1276SetAntSw
 .text.SX1276CheckRfFrequency
                0x0000000008008450       0x14 app/sx1276mb1las-board.o
                0x0000000008008450                SX1276CheckRfFrequency
 .text.SX1276GetDio1PinState
                0x0000000008008464       0x14 app/sx1276mb1las-board.o
                0x0000000008008464                SX1276GetDio1PinState
 .text.HAL_GPIO_EXTI_Callback
                0x0000000008008478       0x94 app/sx1276mb1las-board.o
                0x0000000008008478                HAL_GPIO_EXTI_Callback
 .text.TimerInit
                0x000000000800850c       0x3e app/timer.o
                0x000000000800850c                TimerInit
 *fill*         0x000000000800854a        0x2 
 .text.TimerStart
                0x000000000800854c       0xa0 app/timer.o
                0x000000000800854c                TimerStart
 .text.TimerInsertTimer
                0x00000000080085ec       0x60 app/timer.o
 .text.TimerInsertNewHeadTimer
                0x000000000800864c       0x3c app/timer.o
 .text.TimerIrqHandler
                0x0000000008008688      0x104 app/timer.o
                0x0000000008008688                TimerIrqHandler
 .text.TimerStop
                0x000000000800878c       0xf4 app/timer.o
                0x000000000800878c                TimerStop
 .text.TimerExists
                0x0000000008008880       0x38 app/timer.o
 .text.TimerSetValue
                0x00000000080088b8       0x42 app/timer.o
                0x00000000080088b8                TimerSetValue
 .text.TimerGetCurrentTime
                0x00000000080088fa       0x1c app/timer.o
                0x00000000080088fa                TimerGetCurrentTime
 .text.TimerGetElapsedTime
                0x0000000008008916       0x36 app/timer.o
                0x0000000008008916                TimerGetElapsedTime
 .text.TimerSetTimeout
                0x000000000800894c       0x48 app/timer.o
 .text.memcpy1  0x0000000008008994       0x36 app/utilities.o
                0x0000000008008994                memcpy1
 *fill*         0x00000000080089ca        0x2 
 .text.__errno  0x00000000080089cc        0xc c:/st/stm32cubeide_1.6.1/stm32cubeide/plugins/com.st.stm32cube.ide.mcu.externaltools.gnu-tools-for-stm32.9-2020-q2-update.win32_1.5.0.202011040924/tools/bin/../lib/gcc/arm-none-eabi/9.3.1/../../../../arm-none-eabi/lib/thumb/v7-m/nofp\libc_nano.a(lib_a-errno.o)
                0x00000000080089cc                __errno
 .text.__libc_init_array
                0x00000000080089d8       0x48 c:/st/stm32cubeide_1.6.1/stm32cubeide/plugins/com.st.stm32cube.ide.mcu.externaltools.gnu-tools-for-stm32.9-2020-q2-update.win32_1.5.0.202011040924/tools/bin/../lib/gcc/arm-none-eabi/9.3.1/../../../../arm-none-eabi/lib/thumb/v7-m/nofp\libc_nano.a(lib_a-init.o)
                0x00000000080089d8                __libc_init_array
 .text.memcpy   0x0000000008008a20       0x1c c:/st/stm32cubeide_1.6.1/stm32cubeide/plugins/com.st.stm32cube.ide.mcu.externaltools.gnu-tools-for-stm32.9-2020-q2-update.win32_1.5.0.202011040924/tools/bin/../lib/gcc/arm-none-eabi/9.3.1/../../../../arm-none-eabi/lib/thumb/v7-m/nofp\libc_nano.a(lib_a-memcpy-stub.o)
                0x0000000008008a20                memcpy
 .text.memset   0x0000000008008a3c       0x10 c:/st/stm32cubeide_1.6.1/stm32cubeide/plugins/com.st.stm32cube.ide.mcu.externaltools.gnu-tools-for-stm32.9-2020-q2-update.win32_1.5.0.202011040924/tools/bin/../lib/gcc/arm-none-eabi/9.3.1/../../../../arm-none-eabi/lib/thumb/v7-m/nofp\libc_nano.a(lib_a-memset.o)
                0x0000000008008a3c                memset
 .text.printf   0x0000000008008a4c       0x30 c:/st/stm32cubeide_1.6.1/stm32cubeide/plugins/com.st.stm32cube.ide.mcu.externaltools.gnu-tools-for-stm32.9-2020-q2-update.win32_1.5.0.202011040924/tools/bin/../lib/gcc/arm-none-eabi/9.3.1/../../../../arm-none-eabi/lib/thumb/v7-m/nofp\libc_nano.a(lib_a-printf.o)
                0x0000000008008a4c                iprintf
                0x0000000008008a4c                printf
 .text.sprintf  0x0000000008008a7c       0x40 c:/st/stm32cubeide_1.6.1/stm32cubeide/plugins/com.st.stm32cube.ide.mcu.externaltools.gnu-tools-for-stm32.9-2020-q2-update.win32_1.5.0.202011040924/tools/bin/../lib/gcc/arm-none-eabi/9.3.1/../../../../arm-none-eabi/lib/thumb/v7-m/nofp\libc_nano.a(lib_a-sprintf.o)
                0x0000000008008a7c                siprintf
                0x0000000008008a7c                sprintf
 .text.std      0x0000000008008abc       0x48 c:/st/stm32cubeide_1.6.1/stm32cubeide/plugins/com.st.stm32cube.ide.mcu.externaltools.gnu-tools-for-stm32.9-2020-q2-update.win32_1.5.0.202011040924/tools/bin/../lib/gcc/arm-none-eabi/9.3.1/../../../../arm-none-eabi/lib/thumb/v7-m/nofp\libc_nano.a(lib_a-findfp.o)
 .text._cleanup_r
                0x0000000008008b04        0xc c:/st/stm32cubeide_1.6.1/stm32cubeide/plugins/com.st.stm32cube.ide.mcu.externaltools.gnu-tools-for-stm32.9-2020-q2-update.win32_1.5.0.202011040924/tools/bin/../lib/gcc/arm-none-eabi/9.3.1/../../../../arm-none-eabi/lib/thumb/v7-m/nofp\libc_nano.a(lib_a-findfp.o)
                0x0000000008008b04                _cleanup_r
 .text.__sfmoreglue
                0x0000000008008b10       0x2c c:/st/stm32cubeide_1.6.1/stm32cubeide/plugins/com.st.stm32cube.ide.mcu.externaltools.gnu-tools-for-stm32.9-2020-q2-update.win32_1.5.0.202011040924/tools/bin/../lib/gcc/arm-none-eabi/9.3.1/../../../../arm-none-eabi/lib/thumb/v7-m/nofp\libc_nano.a(lib_a-findfp.o)
                0x0000000008008b10                __sfmoreglue
 .text.__sfp_lock_acquire
                0x0000000008008b3c        0xc c:/st/stm32cubeide_1.6.1/stm32cubeide/plugins/com.st.stm32cube.ide.mcu.externaltools.gnu-tools-for-stm32.9-2020-q2-update.win32_1.5.0.202011040924/tools/bin/../lib/gcc/arm-none-eabi/9.3.1/../../../../arm-none-eabi/lib/thumb/v7-m/nofp\libc_nano.a(lib_a-findfp.o)
                0x0000000008008b3c                __sfp_lock_acquire
 .text.__sfp_lock_release
                0x0000000008008b48        0xc c:/st/stm32cubeide_1.6.1/stm32cubeide/plugins/com.st.stm32cube.ide.mcu.externaltools.gnu-tools-for-stm32.9-2020-q2-update.win32_1.5.0.202011040924/tools/bin/../lib/gcc/arm-none-eabi/9.3.1/../../../../arm-none-eabi/lib/thumb/v7-m/nofp\libc_nano.a(lib_a-findfp.o)
                0x0000000008008b48                __sfp_lock_release
 .text.__sinit_lock_acquire
                0x0000000008008b54        0xc c:/st/stm32cubeide_1.6.1/stm32cubeide/plugins/com.st.stm32cube.ide.mcu.externaltools.gnu-tools-for-stm32.9-2020-q2-update.win32_1.5.0.202011040924/tools/bin/../lib/gcc/arm-none-eabi/9.3.1/../../../../arm-none-eabi/lib/thumb/v7-m/nofp\libc_nano.a(lib_a-findfp.o)
                0x0000000008008b54                __sinit_lock_acquire
 .text.__sinit_lock_release
                0x0000000008008b60        0xc c:/st/stm32cubeide_1.6.1/stm32cubeide/plugins/com.st.stm32cube.ide.mcu.externaltools.gnu-tools-for-stm32.9-2020-q2-update.win32_1.5.0.202011040924/tools/bin/../lib/gcc/arm-none-eabi/9.3.1/../../../../arm-none-eabi/lib/thumb/v7-m/nofp\libc_nano.a(lib_a-findfp.o)
                0x0000000008008b60                __sinit_lock_release
 .text.__sinit  0x0000000008008b6c       0x70 c:/st/stm32cubeide_1.6.1/stm32cubeide/plugins/com.st.stm32cube.ide.mcu.externaltools.gnu-tools-for-stm32.9-2020-q2-update.win32_1.5.0.202011040924/tools/bin/../lib/gcc/arm-none-eabi/9.3.1/../../../../arm-none-eabi/lib/thumb/v7-m/nofp\libc_nano.a(lib_a-findfp.o)
                0x0000000008008b6c                __sinit
 .text.__sfp    0x0000000008008bdc       0x8c c:/st/stm32cubeide_1.6.1/stm32cubeide/plugins/com.st.stm32cube.ide.mcu.externaltools.gnu-tools-for-stm32.9-2020-q2-update.win32_1.5.0.202011040924/tools/bin/../lib/gcc/arm-none-eabi/9.3.1/../../../../arm-none-eabi/lib/thumb/v7-m/nofp\libc_nano.a(lib_a-findfp.o)
                0x0000000008008bdc                __sfp
 .text._fwalk_reent
                0x0000000008008c68       0x3e c:/st/stm32cubeide_1.6.1/stm32cubeide/plugins/com.st.stm32cube.ide.mcu.externaltools.gnu-tools-for-stm32.9-2020-q2-update.win32_1.5.0.202011040924/tools/bin/../lib/gcc/arm-none-eabi/9.3.1/../../../../arm-none-eabi/lib/thumb/v7-m/nofp\libc_nano.a(lib_a-fwalk.o)
                0x0000000008008c68                _fwalk_reent
 .text.__retarget_lock_init_recursive
                0x0000000008008ca6        0x2 c:/st/stm32cubeide_1.6.1/stm32cubeide/plugins/com.st.stm32cube.ide.mcu.externaltools.gnu-tools-for-stm32.9-2020-q2-update.win32_1.5.0.202011040924/tools/bin/../lib/gcc/arm-none-eabi/9.3.1/../../../../arm-none-eabi/lib/thumb/v7-m/nofp\libc_nano.a(lib_a-lock.o)
                0x0000000008008ca6                __retarget_lock_init_recursive
 .text.__retarget_lock_acquire_recursive
                0x0000000008008ca8        0x2 c:/st/stm32cubeide_1.6.1/stm32cubeide/plugins/com.st.stm32cube.ide.mcu.externaltools.gnu-tools-for-stm32.9-2020-q2-update.win32_1.5.0.202011040924/tools/bin/../lib/gcc/arm-none-eabi/9.3.1/../../../../arm-none-eabi/lib/thumb/v7-m/nofp\libc_nano.a(lib_a-lock.o)
                0x0000000008008ca8                __retarget_lock_acquire_recursive
 .text.__retarget_lock_release_recursive
                0x0000000008008caa        0x2 c:/st/stm32cubeide_1.6.1/stm32cubeide/plugins/com.st.stm32cube.ide.mcu.externaltools.gnu-tools-for-stm32.9-2020-q2-update.win32_1.5.0.202011040924/tools/bin/../lib/gcc/arm-none-eabi/9.3.1/../../../../arm-none-eabi/lib/thumb/v7-m/nofp\libc_nano.a(lib_a-lock.o)
                0x0000000008008caa                __retarget_lock_release_recursive
 .text._malloc_r
                0x0000000008008cac       0xb4 c:/st/stm32cubeide_1.6.1/stm32cubeide/plugins/com.st.stm32cube.ide.mcu.externaltools.gnu-tools-for-stm32.9-2020-q2-update.win32_1.5.0.202011040924/tools/bin/../lib/gcc/arm-none-eabi/9.3.1/../../../../arm-none-eabi/lib/thumb/v7-m/nofp\libc_nano.a(lib_a-nano-mallocr.o)
                0x0000000008008cac                _malloc_r
 .text.__ssputs_r
                0x0000000008008d60       0xb6 c:/st/stm32cubeide_1.6.1/stm32cubeide/plugins/com.st.stm32cube.ide.mcu.externaltools.gnu-tools-for-stm32.9-2020-q2-update.win32_1.5.0.202011040924/tools/bin/../lib/gcc/arm-none-eabi/9.3.1/../../../../arm-none-eabi/lib/thumb/v7-m/nofp\libc_nano.a(lib_a-nano-svfprintf.o)
                0x0000000008008d60                __ssputs_r
 *fill*         0x0000000008008e16        0x2 
 .text._svfprintf_r
                0x0000000008008e18      0x200 c:/st/stm32cubeide_1.6.1/stm32cubeide/plugins/com.st.stm32cube.ide.mcu.externaltools.gnu-tools-for-stm32.9-2020-q2-update.win32_1.5.0.202011040924/tools/bin/../lib/gcc/arm-none-eabi/9.3.1/../../../../arm-none-eabi/lib/thumb/v7-m/nofp\libc_nano.a(lib_a-nano-svfprintf.o)
                0x0000000008008e18                _svfiprintf_r
                0x0000000008008e18                _svfprintf_r
 .text.__sfputc_r
                0x0000000008009018       0x2a c:/st/stm32cubeide_1.6.1/stm32cubeide/plugins/com.st.stm32cube.ide.mcu.externaltools.gnu-tools-for-stm32.9-2020-q2-update.win32_1.5.0.202011040924/tools/bin/../lib/gcc/arm-none-eabi/9.3.1/../../../../arm-none-eabi/lib/thumb/v7-m/nofp\libc_nano.a(lib_a-nano-vfprintf.o)
 .text.__sfputs_r
                0x0000000008009042       0x24 c:/st/stm32cubeide_1.6.1/stm32cubeide/plugins/com.st.stm32cube.ide.mcu.externaltools.gnu-tools-for-stm32.9-2020-q2-update.win32_1.5.0.202011040924/tools/bin/../lib/gcc/arm-none-eabi/9.3.1/../../../../arm-none-eabi/lib/thumb/v7-m/nofp\libc_nano.a(lib_a-nano-vfprintf.o)
                0x0000000008009042                __sfputs_r
 *fill*         0x0000000008009066        0x2 
 .text._vfprintf_r
                0x0000000008009068      0x260 c:/st/stm32cubeide_1.6.1/stm32cubeide/plugins/com.st.stm32cube.ide.mcu.externaltools.gnu-tools-for-stm32.9-2020-q2-update.win32_1.5.0.202011040924/tools/bin/../lib/gcc/arm-none-eabi/9.3.1/../../../../arm-none-eabi/lib/thumb/v7-m/nofp\libc_nano.a(lib_a-nano-vfprintf.o)
                0x0000000008009068                _vfprintf_r
                0x0000000008009068                _vfiprintf_r
 .text._printf_common
                0x00000000080092c8       0xde c:/st/stm32cubeide_1.6.1/stm32cubeide/plugins/com.st.stm32cube.ide.mcu.externaltools.gnu-tools-for-stm32.9-2020-q2-update.win32_1.5.0.202011040924/tools/bin/../lib/gcc/arm-none-eabi/9.3.1/../../../../arm-none-eabi/lib/thumb/v7-m/nofp\libc_nano.a(lib_a-nano-vfprintf_i.o)
                0x00000000080092c8                _printf_common
 *fill*         0x00000000080093a6        0x2 
 .text._printf_i
                0x00000000080093a8      0x24c c:/st/stm32cubeide_1.6.1/stm32cubeide/plugins/com.st.stm32cube.ide.mcu.externaltools.gnu-tools-for-stm32.9-2020-q2-update.win32_1.5.0.202011040924/tools/bin/../lib/gcc/arm-none-eabi/9.3.1/../../../../arm-none-eabi/lib/thumb/v7-m/nofp\libc_nano.a(lib_a-nano-vfprintf_i.o)
                0x00000000080093a8                _printf_i
 .text._sbrk_r  0x00000000080095f4       0x20 c:/st/stm32cubeide_1.6.1/stm32cubeide/plugins/com.st.stm32cube.ide.mcu.externaltools.gnu-tools-for-stm32.9-2020-q2-update.win32_1.5.0.202011040924/tools/bin/../lib/gcc/arm-none-eabi/9.3.1/../../../../arm-none-eabi/lib/thumb/v7-m/nofp\libc_nano.a(lib_a-sbrkr.o)
                0x00000000080095f4                _sbrk_r
 .text.__sread  0x0000000008009614       0x22 c:/st/stm32cubeide_1.6.1/stm32cubeide/plugins/com.st.stm32cube.ide.mcu.externaltools.gnu-tools-for-stm32.9-2020-q2-update.win32_1.5.0.202011040924/tools/bin/../lib/gcc/arm-none-eabi/9.3.1/../../../../arm-none-eabi/lib/thumb/v7-m/nofp\libc_nano.a(lib_a-stdio.o)
                0x0000000008009614                __sread
 .text.__swrite
                0x0000000008009636       0x38 c:/st/stm32cubeide_1.6.1/stm32cubeide/plugins/com.st.stm32cube.ide.mcu.externaltools.gnu-tools-for-stm32.9-2020-q2-update.win32_1.5.0.202011040924/tools/bin/../lib/gcc/arm-none-eabi/9.3.1/../../../../arm-none-eabi/lib/thumb/v7-m/nofp\libc_nano.a(lib_a-stdio.o)
                0x0000000008009636                __swrite
 .text.__sseek  0x000000000800966e       0x24 c:/st/stm32cubeide_1.6.1/stm32cubeide/plugins/com.st.stm32cube.ide.mcu.externaltools.gnu-tools-for-stm32.9-2020-q2-update.win32_1.5.0.202011040924/tools/bin/../lib/gcc/arm-none-eabi/9.3.1/../../../../arm-none-eabi/lib/thumb/v7-m/nofp\libc_nano.a(lib_a-stdio.o)
                0x000000000800966e                __sseek
 .text.__sclose
                0x0000000008009692        0x8 c:/st/stm32cubeide_1.6.1/stm32cubeide/plugins/com.st.stm32cube.ide.mcu.externaltools.gnu-tools-for-stm32.9-2020-q2-update.win32_1.5.0.202011040924/tools/bin/../lib/gcc/arm-none-eabi/9.3.1/../../../../arm-none-eabi/lib/thumb/v7-m/nofp\libc_nano.a(lib_a-stdio.o)
                0x0000000008009692                __sclose
 *fill*         0x000000000800969a        0x2 
 .text.__swbuf_r
                0x000000000800969c       0xa4 c:/st/stm32cubeide_1.6.1/stm32cubeide/plugins/com.st.stm32cube.ide.mcu.externaltools.gnu-tools-for-stm32.9-2020-q2-update.win32_1.5.0.202011040924/tools/bin/../lib/gcc/arm-none-eabi/9.3.1/../../../../arm-none-eabi/lib/thumb/v7-m/nofp\libc_nano.a(lib_a-wbuf.o)
                0x000000000800969c                __swbuf_r
 .text._write_r
                0x0000000008009740       0x24 c:/st/stm32cubeide_1.6.1/stm32cubeide/plugins/com.st.stm32cube.ide.mcu.externaltools.gnu-tools-for-stm32.9-2020-q2-update.win32_1.5.0.202011040924/tools/bin/../lib/gcc/arm-none-eabi/9.3.1/../../../../arm-none-eabi/lib/thumb/v7-m/nofp\libc_nano.a(lib_a-writer.o)
                0x0000000008009740                _write_r
 .text.__swsetup_r
                0x0000000008009764       0xdc c:/st/stm32cubeide_1.6.1/stm32cubeide/plugins/com.st.stm32cube.ide.mcu.externaltools.gnu-tools-for-stm32.9-2020-q2-update.win32_1.5.0.202011040924/tools/bin/../lib/gcc/arm-none-eabi/9.3.1/../../../../arm-none-eabi/lib/thumb/v7-m/nofp\libc_nano.a(lib_a-wsetup.o)
                0x0000000008009764                __swsetup_r
 .text._close_r
                0x0000000008009840       0x20 c:/st/stm32cubeide_1.6.1/stm32cubeide/plugins/com.st.stm32cube.ide.mcu.externaltools.gnu-tools-for-stm32.9-2020-q2-update.win32_1.5.0.202011040924/tools/bin/../lib/gcc/arm-none-eabi/9.3.1/../../../../arm-none-eabi/lib/thumb/v7-m/nofp\libc_nano.a(lib_a-closer.o)
                0x0000000008009840                _close_r
 .text.__sflush_r
                0x0000000008009860      0x10c c:/st/stm32cubeide_1.6.1/stm32cubeide/plugins/com.st.stm32cube.ide.mcu.externaltools.gnu-tools-for-stm32.9-2020-q2-update.win32_1.5.0.202011040924/tools/bin/../lib/gcc/arm-none-eabi/9.3.1/../../../../arm-none-eabi/lib/thumb/v7-m/nofp\libc_nano.a(lib_a-fflush.o)
                0x0000000008009860                __sflush_r
 .text._fflush_r
                0x000000000800996c       0x78 c:/st/stm32cubeide_1.6.1/stm32cubeide/plugins/com.st.stm32cube.ide.mcu.externaltools.gnu-tools-for-stm32.9-2020-q2-update.win32_1.5.0.202011040924/tools/bin/../lib/gcc/arm-none-eabi/9.3.1/../../../../arm-none-eabi/lib/thumb/v7-m/nofp\libc_nano.a(lib_a-fflush.o)
                0x000000000800996c                _fflush_r
 .text._lseek_r
                0x00000000080099e4       0x24 c:/st/stm32cubeide_1.6.1/stm32cubeide/plugins/com.st.stm32cube.ide.mcu.externaltools.gnu-tools-for-stm32.9-2020-q2-update.win32_1.5.0.202011040924/tools/bin/../lib/gcc/arm-none-eabi/9.3.1/../../../../arm-none-eabi/lib/thumb/v7-m/nofp\libc_nano.a(lib_a-lseekr.o)
                0x00000000080099e4                _lseek_r
 .text.__swhatbuf_r
                0x0000000008009a08       0x48 c:/st/stm32cubeide_1.6.1/stm32cubeide/plugins/com.st.stm32cube.ide.mcu.externaltools.gnu-tools-for-stm32.9-2020-q2-update.win32_1.5.0.202011040924/tools/bin/../lib/gcc/arm-none-eabi/9.3.1/../../../../arm-none-eabi/lib/thumb/v7-m/nofp\libc_nano.a(lib_a-makebuf.o)
                0x0000000008009a08                __swhatbuf_r
 .text.__smakebuf_r
                0x0000000008009a50       0x80 c:/st/stm32cubeide_1.6.1/stm32cubeide/plugins/com.st.stm32cube.ide.mcu.externaltools.gnu-tools-for-stm32.9-2020-q2-update.win32_1.5.0.202011040924/tools/bin/../lib/gcc/arm-none-eabi/9.3.1/../../../../arm-none-eabi/lib/thumb/v7-m/nofp\libc_nano.a(lib_a-makebuf.o)
                0x0000000008009a50                __smakebuf_r
 .text.memchr   0x0000000008009ad0       0x1c c:/st/stm32cubeide_1.6.1/stm32cubeide/plugins/com.st.stm32cube.ide.mcu.externaltools.gnu-tools-for-stm32.9-2020-q2-update.win32_1.5.0.202011040924/tools/bin/../lib/gcc/arm-none-eabi/9.3.1/../../../../arm-none-eabi/lib/thumb/v7-m/nofp\libc_nano.a(lib_a-memchr-stub.o)
                0x0000000008009ad0                memchr
 .text.memmove  0x0000000008009aec       0x34 c:/st/stm32cubeide_1.6.1/stm32cubeide/plugins/com.st.stm32cube.ide.mcu.externaltools.gnu-tools-for-stm32.9-2020-q2-update.win32_1.5.0.202011040924/tools/bin/../lib/gcc/arm-none-eabi/9.3.1/../../../../arm-none-eabi/lib/thumb/v7-m/nofp\libc_nano.a(lib_a-memmove.o)
                0x0000000008009aec                memmove
 .text.__malloc_lock
                0x0000000008009b20        0xc c:/st/stm32cubeide_1.6.1/stm32cubeide/plugins/com.st.stm32cube.ide.mcu.externaltools.gnu-tools-for-stm32.9-2020-q2-update.win32_1.5.0.202011040924/tools/bin/../lib/gcc/arm-none-eabi/9.3.1/../../../../arm-none-eabi/lib/thumb/v7-m/nofp\libc_nano.a(lib_a-mlock.o)
                0x0000000008009b20                __malloc_lock
 .text.__malloc_unlock
                0x0000000008009b2c        0xc c:/st/stm32cubeide_1.6.1/stm32cubeide/plugins/com.st.stm32cube.ide.mcu.externaltools.gnu-tools-for-stm32.9-2020-q2-update.win32_1.5.0.202011040924/tools/bin/../lib/gcc/arm-none-eabi/9.3.1/../../../../arm-none-eabi/lib/thumb/v7-m/nofp\libc_nano.a(lib_a-mlock.o)
                0x0000000008009b2c                __malloc_unlock
 .text._free_r  0x0000000008009b38       0x98 c:/st/stm32cubeide_1.6.1/stm32cubeide/plugins/com.st.stm32cube.ide.mcu.externaltools.gnu-tools-for-stm32.9-2020-q2-update.win32_1.5.0.202011040924/tools/bin/../lib/gcc/arm-none-eabi/9.3.1/../../../../arm-none-eabi/lib/thumb/v7-m/nofp\libc_nano.a(lib_a-nano-freer.o)
                0x0000000008009b38                _free_r
 .text._realloc_r
                0x0000000008009bd0       0x4c c:/st/stm32cubeide_1.6.1/stm32cubeide/plugins/com.st.stm32cube.ide.mcu.externaltools.gnu-tools-for-stm32.9-2020-q2-update.win32_1.5.0.202011040924/tools/bin/../lib/gcc/arm-none-eabi/9.3.1/../../../../arm-none-eabi/lib/thumb/v7-m/nofp\libc_nano.a(lib_a-nano-reallocr.o)
                0x0000000008009bd0                _realloc_r
 .text._read_r  0x0000000008009c1c       0x24 c:/st/stm32cubeide_1.6.1/stm32cubeide/plugins/com.st.stm32cube.ide.mcu.externaltools.gnu-tools-for-stm32.9-2020-q2-update.win32_1.5.0.202011040924/tools/bin/../lib/gcc/arm-none-eabi/9.3.1/../../../../arm-none-eabi/lib/thumb/v7-m/nofp\libc_nano.a(lib_a-readr.o)
                0x0000000008009c1c                _read_r
 .text._fstat_r
                0x0000000008009c40       0x24 c:/st/stm32cubeide_1.6.1/stm32cubeide/plugins/com.st.stm32cube.ide.mcu.externaltools.gnu-tools-for-stm32.9-2020-q2-update.win32_1.5.0.202011040924/tools/bin/../lib/gcc/arm-none-eabi/9.3.1/../../../../arm-none-eabi/lib/thumb/v7-m/nofp\libc_nano.a(lib_a-fstatr.o)
                0x0000000008009c40                _fstat_r
 .text._isatty_r
                0x0000000008009c64       0x20 c:/st/stm32cubeide_1.6.1/stm32cubeide/plugins/com.st.stm32cube.ide.mcu.externaltools.gnu-tools-for-stm32.9-2020-q2-update.win32_1.5.0.202011040924/tools/bin/../lib/gcc/arm-none-eabi/9.3.1/../../../../arm-none-eabi/lib/thumb/v7-m/nofp\libc_nano.a(lib_a-isattyr.o)
                0x0000000008009c64                _isatty_r
 .text._malloc_usable_size_r
                0x0000000008009c84       0x10 c:/st/stm32cubeide_1.6.1/stm32cubeide/plugins/com.st.stm32cube.ide.mcu.externaltools.gnu-tools-for-stm32.9-2020-q2-update.win32_1.5.0.202011040924/tools/bin/../lib/gcc/arm-none-eabi/9.3.1/../../../../arm-none-eabi/lib/thumb/v7-m/nofp\libc_nano.a(lib_a-nano-msizer.o)
                0x0000000008009c84                _malloc_usable_size_r
 *(.glue_7)
 .glue_7        0x0000000008009c94        0x0 linker stubs
 *(.glue_7t)
 .glue_7t       0x0000000008009c94        0x0 linker stubs
 *(.eh_frame)
 .eh_frame      0x0000000008009c94        0x0 c:/st/stm32cubeide_1.6.1/stm32cubeide/plugins/com.st.stm32cube.ide.mcu.externaltools.gnu-tools-for-stm32.9-2020-q2-update.win32_1.5.0.202011040924/tools/bin/../lib/gcc/arm-none-eabi/9.3.1/thumb/v7-m/nofp/crtbegin.o
 *(.init)
 .init          0x0000000008009c94        0x4 c:/st/stm32cubeide_1.6.1/stm32cubeide/plugins/com.st.stm32cube.ide.mcu.externaltools.gnu-tools-for-stm32.9-2020-q2-update.win32_1.5.0.202011040924/tools/bin/../lib/gcc/arm-none-eabi/9.3.1/thumb/v7-m/nofp/crti.o
                0x0000000008009c94                _init
 .init          0x0000000008009c98        0x8 c:/st/stm32cubeide_1.6.1/stm32cubeide/plugins/com.st.stm32cube.ide.mcu.externaltools.gnu-tools-for-stm32.9-2020-q2-update.win32_1.5.0.202011040924/tools/bin/../lib/gcc/arm-none-eabi/9.3.1/thumb/v7-m/nofp/crtn.o
 *(.fini)
 .fini          0x0000000008009ca0        0x4 c:/st/stm32cubeide_1.6.1/stm32cubeide/plugins/com.st.stm32cube.ide.mcu.externaltools.gnu-tools-for-stm32.9-2020-q2-update.win32_1.5.0.202011040924/tools/bin/../lib/gcc/arm-none-eabi/9.3.1/thumb/v7-m/nofp/crti.o
                0x0000000008009ca0                _fini
 .fini          0x0000000008009ca4        0x8 c:/st/stm32cubeide_1.6.1/stm32cubeide/plugins/com.st.stm32cube.ide.mcu.externaltools.gnu-tools-for-stm32.9-2020-q2-update.win32_1.5.0.202011040924/tools/bin/../lib/gcc/arm-none-eabi/9.3.1/thumb/v7-m/nofp/crtn.o
                0x0000000008009cac                . = ALIGN (0x4)
                0x0000000008009cac                _etext = .

.vfp11_veneer   0x0000000008009cac        0x0
 .vfp11_veneer  0x0000000008009cac        0x0 linker stubs

.v4_bx          0x0000000008009cac        0x0
 .v4_bx         0x0000000008009cac        0x0 linker stubs

.iplt           0x0000000008009cac        0x0
 .iplt          0x0000000008009cac        0x0 c:/st/stm32cubeide_1.6.1/stm32cubeide/plugins/com.st.stm32cube.ide.mcu.externaltools.gnu-tools-for-stm32.9-2020-q2-update.win32_1.5.0.202011040924/tools/bin/../lib/gcc/arm-none-eabi/9.3.1/thumb/v7-m/nofp/crtbegin.o

.rodata         0x0000000008009cac      0x2d4
                0x0000000008009cac                . = ALIGN (0x4)
 *(.rodata)
 .rodata        0x0000000008009cac       0x7c Core/Src/freertos.o
 .rodata        0x0000000008009d28        0x5 Middlewares/Third_Party/FreeRTOS/Source/tasks.o
 *fill*         0x0000000008009d2d        0x3 
 .rodata        0x0000000008009d30       0x2d app/rf_test.o
 *(.rodata*)
 *fill*         0x0000000008009d5d        0x3 
 .rodata.PLLMulTable
                0x0000000008009d60        0x9 Core/Src/system_stm32l1xx.o
                0x0000000008009d60                PLLMulTable
 *fill*         0x0000000008009d69        0x3 
 .rodata.AHBPrescTable
                0x0000000008009d6c       0x10 Core/Src/system_stm32l1xx.o
                0x0000000008009d6c                AHBPrescTable
 .rodata.APBPrescTable
                0x0000000008009d7c        0x8 Core/Src/system_stm32l1xx.o
                0x0000000008009d7c                APBPrescTable
 .rodata.RadioRegsInit
                0x0000000008009d84       0x30 app/LoRaMac-node/src/radio/sx1276/sx1276.o
                0x0000000008009d84                RadioRegsInit
 .rodata.FskBandwidths
                0x0000000008009db4       0xb0 app/LoRaMac-node/src/radio/sx1276/sx1276.o
                0x0000000008009db4                FskBandwidths
 .rodata.DaysInMonth
                0x0000000008009e64        0xc app/rtc-board.o
 .rodata.DaysInMonthLeapYear
                0x0000000008009e70        0xc app/rtc-board.o
 .rodata.Radio  0x0000000008009e7c       0x6c app/sx1276mb1las-board.o
                0x0000000008009e7c                Radio
 .rodata._global_impure_ptr
                0x0000000008009ee8        0x4 c:/st/stm32cubeide_1.6.1/stm32cubeide/plugins/com.st.stm32cube.ide.mcu.externaltools.gnu-tools-for-stm32.9-2020-q2-update.win32_1.5.0.202011040924/tools/bin/../lib/gcc/arm-none-eabi/9.3.1/../../../../arm-none-eabi/lib/thumb/v7-m/nofp\libc_nano.a(lib_a-impure.o)
                0x0000000008009ee8                _global_impure_ptr
 .rodata.__sf_fake_stderr
                0x0000000008009eec       0x20 c:/st/stm32cubeide_1.6.1/stm32cubeide/plugins/com.st.stm32cube.ide.mcu.externaltools.gnu-tools-for-stm32.9-2020-q2-update.win32_1.5.0.202011040924/tools/bin/../lib/gcc/arm-none-eabi/9.3.1/../../../../arm-none-eabi/lib/thumb/v7-m/nofp\libc_nano.a(lib_a-findfp.o)
                0x0000000008009eec                __sf_fake_stderr
 .rodata.__sf_fake_stdin
                0x0000000008009f0c       0x20 c:/st/stm32cubeide_1.6.1/stm32cubeide/plugins/com.st.stm32cube.ide.mcu.externaltools.gnu-tools-for-stm32.9-2020-q2-update.win32_1.5.0.202011040924/tools/bin/../lib/gcc/arm-none-eabi/9.3.1/../../../../arm-none-eabi/lib/thumb/v7-m/nofp\libc_nano.a(lib_a-findfp.o)
                0x0000000008009f0c                __sf_fake_stdin
 .rodata.__sf_fake_stdout
                0x0000000008009f2c       0x20 c:/st/stm32cubeide_1.6.1/stm32cubeide/plugins/com.st.stm32cube.ide.mcu.externaltools.gnu-tools-for-stm32.9-2020-q2-update.win32_1.5.0.202011040924/tools/bin/../lib/gcc/arm-none-eabi/9.3.1/../../../../arm-none-eabi/lib/thumb/v7-m/nofp\libc_nano.a(lib_a-findfp.o)
                0x0000000008009f2c                __sf_fake_stdout
 .rodata._svfprintf_r.str1.1
                0x0000000008009f4c       0x11 c:/st/stm32cubeide_1.6.1/stm32cubeide/plugins/com.st.stm32cube.ide.mcu.externaltools.gnu-tools-for-stm32.9-2020-q2-update.win32_1.5.0.202011040924/tools/bin/../lib/gcc/arm-none-eabi/9.3.1/../../../../arm-none-eabi/lib/thumb/v7-m/nofp\libc_nano.a(lib_a-nano-svfprintf.o)
 .rodata._vfprintf_r.str1.1
                0x0000000008009f5d       0x11 c:/st/stm32cubeide_1.6.1/stm32cubeide/plugins/com.st.stm32cube.ide.mcu.externaltools.gnu-tools-for-stm32.9-2020-q2-update.win32_1.5.0.202011040924/tools/bin/../lib/gcc/arm-none-eabi/9.3.1/../../../../arm-none-eabi/lib/thumb/v7-m/nofp\libc_nano.a(lib_a-nano-vfprintf.o)
 .rodata._printf_i.str1.1
                0x0000000008009f5d       0x22 c:/st/stm32cubeide_1.6.1/stm32cubeide/plugins/com.st.stm32cube.ide.mcu.externaltools.gnu-tools-for-stm32.9-2020-q2-update.win32_1.5.0.202011040924/tools/bin/../lib/gcc/arm-none-eabi/9.3.1/../../../../arm-none-eabi/lib/thumb/v7-m/nofp\libc_nano.a(lib_a-nano-vfprintf_i.o)
                0x0000000008009f80                . = ALIGN (0x4)
 *fill*         0x0000000008009f7f        0x1 

.ARM.extab      0x0000000008009f80        0x0
                0x0000000008009f80                . = ALIGN (0x4)
 *(.ARM.extab* .gnu.linkonce.armextab.*)
                0x0000000008009f80                . = ALIGN (0x4)

.ARM            0x0000000008009f80        0x8
                0x0000000008009f80                . = ALIGN (0x4)
                0x0000000008009f80                __exidx_start = .
 *(.ARM.exidx*)
 .ARM.exidx     0x0000000008009f80        0x8 c:/st/stm32cubeide_1.6.1/stm32cubeide/plugins/com.st.stm32cube.ide.mcu.externaltools.gnu-tools-for-stm32.9-2020-q2-update.win32_1.5.0.202011040924/tools/bin/../lib/gcc/arm-none-eabi/9.3.1/thumb/v7-m/nofp\libgcc.a(_udivmoddi4.o)
                0x0000000008009f88                __exidx_end = .
                0x0000000008009f88                . = ALIGN (0x4)

.rel.dyn        0x0000000008009f88        0x0
 .rel.iplt      0x0000000008009f88        0x0 c:/st/stm32cubeide_1.6.1/stm32cubeide/plugins/com.st.stm32cube.ide.mcu.externaltools.gnu-tools-for-stm32.9-2020-q2-update.win32_1.5.0.202011040924/tools/bin/../lib/gcc/arm-none-eabi/9.3.1/thumb/v7-m/nofp/crtbegin.o

.preinit_array  0x0000000008009f88        0x0
                0x0000000008009f88                . = ALIGN (0x4)
                0x0000000008009f88                PROVIDE (__preinit_array_start = .)
 *(.preinit_array*)
                0x0000000008009f88                PROVIDE (__preinit_array_end = .)
                0x0000000008009f88                . = ALIGN (0x4)

.init_array     0x0000000008009f88        0x4
                0x0000000008009f88                . = ALIGN (0x4)
                0x0000000008009f88                PROVIDE (__init_array_start = .)
 *(SORT_BY_NAME(.init_array.*))
 *(.init_array*)
 .init_array    0x0000000008009f88        0x4 c:/st/stm32cubeide_1.6.1/stm32cubeide/plugins/com.st.stm32cube.ide.mcu.externaltools.gnu-tools-for-stm32.9-2020-q2-update.win32_1.5.0.202011040924/tools/bin/../lib/gcc/arm-none-eabi/9.3.1/thumb/v7-m/nofp/crtbegin.o
                0x0000000008009f8c                PROVIDE (__init_array_end = .)
                0x0000000008009f8c                . = ALIGN (0x4)

.fini_array     0x0000000008009f8c        0x4
                0x0000000008009f8c                . = ALIGN (0x4)
                [!provide]                        PROVIDE (__fini_array_start = .)
 *(SORT_BY_NAME(.fini_array.*))
 *(.fini_array*)
 .fini_array    0x0000000008009f8c        0x4 c:/st/stm32cubeide_1.6.1/stm32cubeide/plugins/com.st.stm32cube.ide.mcu.externaltools.gnu-tools-for-stm32.9-2020-q2-update.win32_1.5.0.202011040924/tools/bin/../lib/gcc/arm-none-eabi/9.3.1/thumb/v7-m/nofp/crtbegin.o
                [!provide]                        PROVIDE (__fini_array_end = .)
                0x0000000008009f90                . = ALIGN (0x4)
                0x0000000008009f90                _sidata = LOADADDR (.data)

.data           0x0000000020000000       0x90 load address 0x0000000008009f90
                0x0000000020000000                . = ALIGN (0x4)
                0x0000000020000000                _sdata = .
 *(.data)
 *(.data*)
 .data.SystemCoreClock
                0x0000000020000000        0x4 Core/Src/system_stm32l1xx.o
                0x0000000020000000                SystemCoreClock
 .data.uwTickPrio
                0x0000000020000004        0x4 Drivers/STM32L1xx_HAL_Driver/Src/stm32l1xx_hal.o
                0x0000000020000004                uwTickPrio
 .data.uwTickFreq
                0x0000000020000008        0x4 Drivers/STM32L1xx_HAL_Driver/Src/stm32l1xx_hal.o
                0x0000000020000008                uwTickFreq
 .data.uxCriticalNesting
                0x000000002000000c        0x4 Middlewares/Third_Party/FreeRTOS/Source/portable/GCC/ARM_CM3/port.o
 .data.DioIrq   0x0000000020000010       0x18 app/LoRaMac-node/src/radio/sx1276/sx1276.o
                0x0000000020000010                DioIrq
 .data.BufferSize
                0x0000000020000028        0x2 app/rf_test.o
                0x0000000020000028                BufferSize
 *fill*         0x000000002000002a        0x2 
 .data._impure_ptr
                0x000000002000002c        0x4 c:/st/stm32cubeide_1.6.1/stm32cubeide/plugins/com.st.stm32cube.ide.mcu.externaltools.gnu-tools-for-stm32.9-2020-q2-update.win32_1.5.0.202011040924/tools/bin/../lib/gcc/arm-none-eabi/9.3.1/../../../../arm-none-eabi/lib/thumb/v7-m/nofp\libc_nano.a(lib_a-impure.o)
                0x000000002000002c                _impure_ptr
 .data.impure_data
                0x0000000020000030       0x60 c:/st/stm32cubeide_1.6.1/stm32cubeide/plugins/com.st.stm32cube.ide.mcu.externaltools.gnu-tools-for-stm32.9-2020-q2-update.win32_1.5.0.202011040924/tools/bin/../lib/gcc/arm-none-eabi/9.3.1/../../../../arm-none-eabi/lib/thumb/v7-m/nofp\libc_nano.a(lib_a-impure.o)
 *(.RamFunc)
 *(.RamFunc*)
                0x0000000020000090                . = ALIGN (0x4)
                0x0000000020000090                _edata = .

.igot.plt       0x0000000020000090        0x0 load address 0x000000000800a020
 .igot.plt      0x0000000020000090        0x0 c:/st/stm32cubeide_1.6.1/stm32cubeide/plugins/com.st.stm32cube.ide.mcu.externaltools.gnu-tools-for-stm32.9-2020-q2-update.win32_1.5.0.202011040924/tools/bin/../lib/gcc/arm-none-eabi/9.3.1/thumb/v7-m/nofp/crtbegin.o
                0x0000000020000090                . = ALIGN (0x4)

.bss            0x0000000020000090     0x145c load address 0x000000000800a020
                0x0000000020000090                _sbss = .
                0x0000000020000090                __bss_start__ = _sbss
 *(.bss)
 .bss           0x0000000020000090       0x1c c:/st/stm32cubeide_1.6.1/stm32cubeide/plugins/com.st.stm32cube.ide.mcu.externaltools.gnu-tools-for-stm32.9-2020-q2-update.win32_1.5.0.202011040924/tools/bin/../lib/gcc/arm-none-eabi/9.3.1/thumb/v7-m/nofp/crtbegin.o
 *(.bss*)
 .bss.xIdleTaskTCBBuffer
                0x00000000200000ac       0x54 Core/Src/freertos.o
 .bss.xIdleStack
                0x0000000020000100      0x200 Core/Src/freertos.o
 .bss.__sbrk_heap_end
                0x0000000020000300        0x4 Core/Src/sysmem.o
 .bss.pxCurrentTCB
                0x0000000020000304        0x4 Middlewares/Third_Party/FreeRTOS/Source/tasks.o
                0x0000000020000304                pxCurrentTCB
 .bss.pxReadyTasksLists
                0x0000000020000308       0x8c Middlewares/Third_Party/FreeRTOS/Source/tasks.o
 .bss.xDelayedTaskList1
                0x0000000020000394       0x14 Middlewares/Third_Party/FreeRTOS/Source/tasks.o
 .bss.xDelayedTaskList2
                0x00000000200003a8       0x14 Middlewares/Third_Party/FreeRTOS/Source/tasks.o
 .bss.pxDelayedTaskList
                0x00000000200003bc        0x4 Middlewares/Third_Party/FreeRTOS/Source/tasks.o
 .bss.pxOverflowDelayedTaskList
                0x00000000200003c0        0x4 Middlewares/Third_Party/FreeRTOS/Source/tasks.o
 .bss.xPendingReadyList
                0x00000000200003c4       0x14 Middlewares/Third_Party/FreeRTOS/Source/tasks.o
 .bss.xTasksWaitingTermination
                0x00000000200003d8       0x14 Middlewares/Third_Party/FreeRTOS/Source/tasks.o
 .bss.uxDeletedTasksWaitingCleanUp
                0x00000000200003ec        0x4 Middlewares/Third_Party/FreeRTOS/Source/tasks.o
 .bss.xSuspendedTaskList
                0x00000000200003f0       0x14 Middlewares/Third_Party/FreeRTOS/Source/tasks.o
 .bss.uxCurrentNumberOfTasks
                0x0000000020000404        0x4 Middlewares/Third_Party/FreeRTOS/Source/tasks.o
 .bss.xTickCount
                0x0000000020000408        0x4 Middlewares/Third_Party/FreeRTOS/Source/tasks.o
 .bss.uxTopReadyPriority
                0x000000002000040c        0x4 Middlewares/Third_Party/FreeRTOS/Source/tasks.o
 .bss.xSchedulerRunning
                0x0000000020000410        0x4 Middlewares/Third_Party/FreeRTOS/Source/tasks.o
 .bss.uxPendedTicks
                0x0000000020000414        0x4 Middlewares/Third_Party/FreeRTOS/Source/tasks.o
 .bss.xYieldPending
                0x0000000020000418        0x4 Middlewares/Third_Party/FreeRTOS/Source/tasks.o
 .bss.xNumOfOverflows
                0x000000002000041c        0x4 Middlewares/Third_Party/FreeRTOS/Source/tasks.o
 .bss.uxTaskNumber
                0x0000000020000420        0x4 Middlewares/Third_Party/FreeRTOS/Source/tasks.o
 .bss.xNextTaskUnblockTime
                0x0000000020000424        0x4 Middlewares/Third_Party/FreeRTOS/Source/tasks.o
 .bss.xIdleTaskHandle
                0x0000000020000428        0x4 Middlewares/Third_Party/FreeRTOS/Source/tasks.o
 .bss.uxSchedulerSuspended
                0x000000002000042c        0x4 Middlewares/Third_Party/FreeRTOS/Source/tasks.o
 .bss.ucMaxSysCallPriority
                0x0000000020000430        0x1 Middlewares/Third_Party/FreeRTOS/Source/portable/GCC/ARM_CM3/port.o
 *fill*         0x0000000020000431        0x3 
 .bss.ulMaxPRIGROUPValue
                0x0000000020000434        0x4 Middlewares/Third_Party/FreeRTOS/Source/portable/GCC/ARM_CM3/port.o
 .bss.ucHeap    0x0000000020000438      0xc00 Middlewares/Third_Party/FreeRTOS/Source/portable/MemMang/heap_4.o
 .bss.xStart    0x0000000020001038        0x8 Middlewares/Third_Party/FreeRTOS/Source/portable/MemMang/heap_4.o
 .bss.pxEnd     0x0000000020001040        0x4 Middlewares/Third_Party/FreeRTOS/Source/portable/MemMang/heap_4.o
 .bss.xFreeBytesRemaining
                0x0000000020001044        0x4 Middlewares/Third_Party/FreeRTOS/Source/portable/MemMang/heap_4.o
 .bss.xMinimumEverFreeBytesRemaining
                0x0000000020001048        0x4 Middlewares/Third_Party/FreeRTOS/Source/portable/MemMang/heap_4.o
 .bss.xBlockAllocatedBit
                0x000000002000104c        0x4 Middlewares/Third_Party/FreeRTOS/Source/portable/MemMang/heap_4.o
 .bss.RadioEvents
                0x0000000020001050        0x4 app/LoRaMac-node/src/radio/sx1276/sx1276.o
 .bss.RxTxBuffer
                0x0000000020001054      0x100 app/LoRaMac-node/src/radio/sx1276/sx1276.o
 .bss.McuInitialized
                0x0000000020001154        0x1 app/board.o
 *fill*         0x0000000020001155        0x3 
 .bss.data_UART
                0x0000000020001158        0x4 app/rf_test.o
 .bss.data_Tx   0x000000002000115c        0x4 app/rf_test.o
 .bss.full_data_UART
                0x0000000020001160        0x4 app/rf_test.o
 .bss.count     0x0000000020001164        0x4 app/rf_test.o
 .bss.str_to_send
                0x0000000020001168       0x80 app/rf_test.o
 .bss.State     0x00000000200011e8        0x1 app/rf_test.o
                0x00000000200011e8                State
 .bss.RssiValue
                0x00000000200011e9        0x1 app/rf_test.o
 .bss.SnrValue  0x00000000200011ea        0x1 app/rf_test.o
                0x00000000200011ea                SnrValue
 *fill*         0x00000000200011eb        0x1 
 .bss.RadioEvents
                0x00000000200011ec       0x24 app/rf_test.o
 .bss.RtcInitialized
                0x0000000020001210        0x1 app/rtc-board.o
 *fill*         0x0000000020001211        0x3 
 .bss.RtcHandle
                0x0000000020001214       0x20 app/rtc-board.o
                0x0000000020001214                RtcHandle
 .bss.RtcTimerContext
                0x0000000020001234       0x1c app/rtc-board.o
 .bss.RadioIsActive
                0x0000000020001250        0x1 app/sx1276mb1las-board.o
 *fill*         0x0000000020001251        0x3 
 .bss.TimerListHead
                0x0000000020001254        0x4 app/timer.o
 .bss.__malloc_free_list
                0x0000000020001258        0x4 c:/st/stm32cubeide_1.6.1/stm32cubeide/plugins/com.st.stm32cube.ide.mcu.externaltools.gnu-tools-for-stm32.9-2020-q2-update.win32_1.5.0.202011040924/tools/bin/../lib/gcc/arm-none-eabi/9.3.1/../../../../arm-none-eabi/lib/thumb/v7-m/nofp\libc_nano.a(lib_a-nano-mallocr.o)
                0x0000000020001258                __malloc_free_list
 .bss.__malloc_sbrk_start
                0x000000002000125c        0x4 c:/st/stm32cubeide_1.6.1/stm32cubeide/plugins/com.st.stm32cube.ide.mcu.externaltools.gnu-tools-for-stm32.9-2020-q2-update.win32_1.5.0.202011040924/tools/bin/../lib/gcc/arm-none-eabi/9.3.1/../../../../arm-none-eabi/lib/thumb/v7-m/nofp\libc_nano.a(lib_a-nano-mallocr.o)
                0x000000002000125c                __malloc_sbrk_start
 *(COMMON)
 COMMON         0x0000000020001260       0x10 Core/Src/freertos.o
                0x0000000020001260                defaultTaskHandle
                0x0000000020001264                vRadioChDataHandle
                0x0000000020001268                vUartDataHandle
                0x000000002000126c                xQueueUartData
 COMMON         0x0000000020001270       0x20 Core/Src/rtc.o
                0x0000000020001270                hrtc
 COMMON         0x0000000020001290       0x58 Core/Src/spi.o
                0x0000000020001290                hspi1
 COMMON         0x00000000200012e8       0x40 Core/Src/stm32l1xx_hal_timebase_tim.o
                0x00000000200012e8                htim2
 COMMON         0x0000000020001328       0x40 Core/Src/usart.o
                0x0000000020001328                huart2
 COMMON         0x0000000020001368        0x4 Drivers/STM32L1xx_HAL_Driver/Src/stm32l1xx_hal.o
                0x0000000020001368                uwTick
 COMMON         0x000000002000136c       0xf0 app/LoRaMac-node/src/radio/sx1276/sx1276.o
                0x000000002000136c                TxTimeoutTimer
                0x0000000020001384                RxTimeoutSyncWord
                0x000000002000139c                SX1276
                0x0000000020001444                RxTimeoutTimer
 COMMON         0x000000002000145c       0x40 app/rf_test.o
                0x000000002000145c                Buffer
 COMMON         0x000000002000149c       0x28 app/rtc-board.o
                0x000000002000149c                RtcAlarm
 COMMON         0x00000000200014c4       0x18 app/sx1276mb1las-board.o
                0x00000000200014c4                DioIrqCallbacks
 COMMON         0x00000000200014dc        0x9 c:/st/stm32cubeide_1.6.1/stm32cubeide/plugins/com.st.stm32cube.ide.mcu.externaltools.gnu-tools-for-stm32.9-2020-q2-update.win32_1.5.0.202011040924/tools/bin/../lib/gcc/arm-none-eabi/9.3.1/../../../../arm-none-eabi/lib/thumb/v7-m/nofp\libc_nano.a(lib_a-lock.o)
                0x00000000200014dc                __lock___atexit_recursive_mutex
                0x00000000200014dd                __lock___arc4random_mutex
                0x00000000200014de                __lock___env_recursive_mutex
                0x00000000200014df                __lock___sinit_recursive_mutex
                0x00000000200014e0                __lock___malloc_recursive_mutex