stm32l1xx_it.c:74:6:NMI_Handler	4	static
stm32l1xx_it.c:89:6:HardFault_Handler	4	static
stm32l1xx_it.c:104:6:MemManage_Handler	4	static
stm32l1xx_it.c:119:6:BusFault_Handler	4	static
stm32l1xx_it.c:134:6:UsageFault_Handler	4	static
stm32l1xx_it.c:149:6:DebugMon_Handler	4	static
stm32l1xx_it.c:169:6:EXTI9_5_IRQHandler	8	static
stm32l1xx_it.c:186:6:TIM2_IRQHandler	8	static
stm32l1xx_it.c:200:6:USART2_IRQHandler	8	static
stm32l1xx_it.c:214:6:EXTI15_10_IRQHandler	8	static
stm32l1xx_it.c:230:6:RTC_Alarm_IRQHandler	8	static
